Component: ARM Compiler 5.06 update 7 (build 960) Tool: armlink [4d3601]

==============================================================================

Section Cross References

    main.o(i.main) refers to misc.o(i.NVIC_PriorityGroupConfig) for NVIC_PriorityGroupConfig
    main.o(i.main) refers to thread.o(i.rt_thread_delay) for rt_thread_delay
    main.o(i.main) refers to bsp_swdebug.o(.constdata) for BSP_SWDEBUG_FUN
    main.o(i.main) refers to app_usart.o(.constdata) for APP_USART_FUN
    main.o(i.main) refers to app_soft_usart.o(.constdata) for APP_SOFT_USART_FUN
    main.o(i.main) refers to app_gsv2011.o(.constdata) for APP_GSV2011_FUN0
    main.o(i.main) refers to app_nec.o(.constdata) for APP_NEC_FUN
    main.o(i.main) refers to app_flash.o(.constdata) for APP_FLASH_FUN
    main.o(i.main) refers to app_fpga.o(.constdata) for APP_FPGA_FUN
    main.o(i.main) refers to app_key.o(.constdata) for APP_KEY_FUN
    main.o(i.main) refers to app_led.o(.constdata) for APP_LED_FUN
    interrupt.o(i.DMA1_Channel3_IRQHandler) refers to n32g45x_dma.o(i.DMA_GetFlagStatus) for DMA_GetFlagStatus
    interrupt.o(i.DMA1_Channel3_IRQHandler) refers to n32g45x_dma.o(i.DMA_ClearFlag) for DMA_ClearFlag
    interrupt.o(i.DMA1_Channel3_IRQHandler) refers to bsp_fpga.o(i.DMA1_CH3_IRQ_HT_Callback) for DMA1_CH3_IRQ_HT_Callback
    interrupt.o(i.DMA1_Channel3_IRQHandler) refers to bsp_fpga.o(i.DMA1_CH3_IRQ_TC_Callback) for DMA1_CH3_IRQ_TC_Callback
    interrupt.o(i.SPI1_IRQHandler) refers to n32g45x_spi.o(i.SPI_I2S_GetIntStatus) for SPI_I2S_GetIntStatus
    interrupt.o(i.SPI1_IRQHandler) refers to interrupt.o(i.SPI1_IRQ_TE_Callback) for SPI1_IRQ_TE_Callback
    interrupt.o(i.SPI1_IRQHandler) refers to interrupt.o(i.SPI1_IRQ_RNE_Callback) for SPI1_IRQ_RNE_Callback
    interrupt.o(i.SysTick_Handler) refers to board.o(i.rt_os_tick_callback) for rt_os_tick_callback
    interrupt.o(i.TIM2_IRQHandler) refers to n32g45x_tim.o(i.TIM_GetIntStatus) for TIM_GetIntStatus
    interrupt.o(i.TIM2_IRQHandler) refers to n32g45x_tim.o(i.TIM_ClrIntPendingBit) for TIM_ClrIntPendingBit
    interrupt.o(i.TIM2_IRQHandler) refers to bsp_nec.o(i.TIM2_IRQ_CC4_Callback) for TIM2_IRQ_CC4_Callback
    interrupt.o(i.USART1_IRQHandler) refers to n32g45x_usart.o(i.USART_GetIntStatus) for USART_GetIntStatus
    interrupt.o(i.USART1_IRQHandler) refers to n32g45x_usart.o(i.USART_ClrIntPendingBit) for USART_ClrIntPendingBit
    interrupt.o(i.USART1_IRQHandler) refers to bsp_usart.o(i.USART1_IRQ_RXD_Callback) for USART1_IRQ_RXD_Callback
    bsp.o(i.FUN_GPIO_DeInit) refers to n32g45x_gpio.o(i.GPIO_InitPeripheral) for GPIO_InitPeripheral
    bsp.o(i.FUN_GPIO_Init) refers to n32g45x_gpio.o(i.GPIO_InitStruct) for GPIO_InitStruct
    bsp.o(i.FUN_GPIO_Init) refers to n32g45x_rcc.o(i.RCC_EnableAPB2PeriphClk) for RCC_EnableAPB2PeriphClk
    bsp.o(i.FUN_GPIO_Init) refers to bsp.o(i.___FUN_GPIO_CLK_ENABLE) for ___FUN_GPIO_CLK_ENABLE
    bsp.o(i.FUN_GPIO_Init) refers to n32g45x_gpio.o(i.GPIO_InitPeripheral) for GPIO_InitPeripheral
    bsp.o(i.FUN_GPIO_Init) refers to bsp.o(.bss) for gpio_irq_callback
    bsp.o(i.FUN_GPIO_Init) refers to bsp.o(.constdata) for BSP_FUN_GPIO
    bsp.o(i.FUN_GPIO_Read) refers to n32g45x_gpio.o(i.GPIO_ReadInputDataBit) for GPIO_ReadInputDataBit
    bsp.o(i.FUN_GPIO_Reset) refers to n32g45x_gpio.o(i.GPIO_ResetBits) for GPIO_ResetBits
    bsp.o(i.FUN_GPIO_Set) refers to n32g45x_gpio.o(i.GPIO_SetBits) for GPIO_SetBits
    bsp.o(i.FUN_GPIO_Toggle) refers to n32g45x_gpio.o(i.GPIO_ReadOutputDataBit) for GPIO_ReadOutputDataBit
    bsp.o(i.FUN_GPIO_Toggle) refers to n32g45x_gpio.o(i.GPIO_ResetBits) for GPIO_ResetBits
    bsp.o(i.FUN_GPIO_Toggle) refers to n32g45x_gpio.o(i.GPIO_SetBits) for GPIO_SetBits
    bsp.o(i.HAL_GPIO_EXTI_Callback) refers to bsp.o(.bss) for gpio_irq_callback
    bsp.o(i.___FUN_GPIO_CLK_ENABLE) refers to n32g45x_rcc.o(i.RCC_EnableAPB2PeriphClk) for RCC_EnableAPB2PeriphClk
    bsp.o(.constdata) refers to bsp.o(i.FUN_GPIO_Init) for FUN_GPIO_Init
    bsp.o(.constdata) refers to bsp.o(i.FUN_GPIO_DeInit) for FUN_GPIO_DeInit
    bsp.o(.constdata) refers to bsp.o(i.FUN_GPIO_Set) for FUN_GPIO_Set
    bsp.o(.constdata) refers to bsp.o(i.FUN_GPIO_Reset) for FUN_GPIO_Reset
    bsp.o(.constdata) refers to bsp.o(i.FUN_GPIO_Toggle) for FUN_GPIO_Toggle
    bsp.o(.constdata) refers to bsp.o(i.FUN_GPIO_Read) for FUN_GPIO_Read
    bsp_led.o(i.FUN_LED_Init) refers to bsp.o(.constdata) for BSP_FUN_GPIO
    bsp_led.o(i.FUN_LED_Init) refers to bsp_led.o(.constdata) for GPIO_LED_TX1
    bsp_led.o(i.led_1_off) refers to bsp.o(.constdata) for BSP_FUN_GPIO
    bsp_led.o(i.led_1_off) refers to bsp_led.o(.constdata) for GPIO_LED_TX1
    bsp_led.o(i.led_1_on) refers to bsp.o(.constdata) for BSP_FUN_GPIO
    bsp_led.o(i.led_1_on) refers to bsp_led.o(.constdata) for GPIO_LED_TX1
    bsp_led.o(i.led_2_off) refers to bsp.o(.constdata) for BSP_FUN_GPIO
    bsp_led.o(i.led_2_off) refers to bsp_led.o(.constdata) for GPIO_LED_TX1
[...]
    0x080129b6   0x080129b6   0x000002e2   Code   RO         1811    i.AvEdidFuncCeabVsdbHf  av_edid_manage.o
    0x08012c98   0x08012c98   0x000002e8   Code   RO         1812    i.AvEdidFuncCeabVsdbHfRead  av_edid_manage.o
    0x08012f80   0x08012f80   0x00000038   Code   RO         1813    i.AvEdidFuncCeabVsvdbRead  av_edid_manage.o
    0x08012fb8   0x08012fb8   0x00000160   Code   RO         1814    i.AvEdidFuncCeabY420Cmdb  av_edid_manage.o
    0x08013118   0x08013118   0x00000148   Code   RO         1815    i.AvEdidFuncCeabY420CmdbRead  av_edid_manage.o
    0x08013260   0x08013260   0x00000126   Code   RO         1816    i.AvEdidFuncCeabY420Vdb  av_edid_manage.o
    0x08013386   0x08013386   0x0000007a   Code   RO         1817    i.AvEdidFuncCeabY420VdbRead  av_edid_manage.o
    0x08013400   0x08013400   0x0000005c   Code   RO         1818    i.AvEdidFuncCheckSum  av_edid_manage.o
    0x0801345c   0x0801345c   0x000001bc   Code   RO         1819    i.AvEdidFuncDtdWrite  av_edid_manage.o
    0x08013618   0x08013618   0x00000100   Code   RO         1820    i.AvEdidFuncFindCeabTag  av_edid_manage.o
    0x08013718   0x08013718   0x000000fe   Code   RO         1821    i.AvEdidFuncStructInit  av_edid_manage.o
    0x08013816   0x08013816   0x00000002   PAD
    0x08013818   0x08013818   0x00000630   Code   RO         1822    i.AvEdidFuncVesaProcess  av_edid_manage.o
    0x08013e48   0x08013e48   0x0000037c   Code   RO         2007    i.AvEdidPortAnalysis  av_event_handler.o
    0x080141c4   0x080141c4   0x000002d4   Code   RO         2008    i.AvEdidPortManage  av_event_handler.o
    0x08014498   0x08014498   0x00000002   Code   RO         2164    i.AvFpKeyCommand_NULL  av_main.o
    0x0801449a   0x0801449a   0x00000008   Code   RO         2377    i.AvFsmEnterFunPlugRxFsm  kernel_fsm.o
    0x080144a2   0x080144a2   0x00000012   Code   RO         2378    i.AvFsmEnterFunPlugTxFsm  kernel_fsm.o
    0x080144b4   0x080144b4   0x00000012   Code   RO         2379    i.AvFsmEnterFunReceiverFsm  kernel_fsm.o
    0x080144c6   0x080144c6   0x00000296   Code   RO         2382    i.AvFsmFunPlugRxFsm  kernel_fsm.o
    0x0801475c   0x0801475c   0x000003c2   Code   RO         2383    i.AvFsmFunPlugTxFsm  kernel_fsm.o
    0x08014b1e   0x08014b1e   0x00000166   Code   RO         2384    i.AvFsmFunReceiverFsm  kernel_fsm.o
    0x08014c84   0x08014c84   0x0000002a   Code   RO         3796    i.AvHalI2cRdMultiField  hal.o
    0x08014cae   0x08014cae   0x000000d4   Code   RO         3798    i.AvHalI2cReadField32  hal.o
    0x08014d82   0x08014d82   0x00000036   Code   RO         3799    i.AvHalI2cReadField8  hal.o
    0x08014db8   0x08014db8   0x0000002a   Code   RO         3800    i.AvHalI2cWrMultiField  hal.o
    0x08014de2   0x08014de2   0x00000100   Code   RO         3802    i.AvHalI2cWriteField32  hal.o
    0x08014ee2   0x08014ee2   0x00000050   Code   RO         3803    i.AvHalI2cWriteField8  hal.o
    0x08014f32   0x08014f32   0x00000116   Code   RO         2009    i.AvHandleEvent     av_event_handler.o
    0x08015048   0x08015048   0x00000014   Code   RO         2252    i.AvKapiHookUserFunctions  kapi.o
    0x0801505c   0x0801505c   0x00000020   Code   RO         3807    i.AvMemcpy          hal.o
    0x0801507c   0x0801507c   0x0000001a   Code   RO         3808    i.AvMemset          hal.o
    0x08015096   0x08015096   0x0000015a   Code   RO         2010    i.AvPortConnectUpdate  av_event_handler.o
    0x080151f0   0x080151f0   0x00000090   Code   RO         2011    i.AvPortRoutingMap  av_event_handler.o
    0x08015280   0x08015280   0x00000374   Code   RO         2012    i.AvPortRoutingPolicy  av_event_handler.o
    0x080155f4   0x080155f4   0x0000027c   Code   RO         2013    i.AvPortSetRouting  av_event_handler.o
    0x08015870   0x08015870   0x00000078   Code   RO         3951    i.AvUapiAllocateMemory  uapi.o
    0x080158e8   0x080158e8   0x0000026c   Code   RO         3011    i.AvUapiCheckLogicAudioRx  gsv2k11.o
    0x08015b54   0x08015b54   0x0000014c   Code   RO         3012    i.AvUapiCheckLogicAudioTx  gsv2k11.o
    0x08015ca0   0x08015ca0   0x00000ce8   Code   RO         3013    i.AvUapiCheckLogicVideoRx  gsv2k11.o
    0x08016988   0x08016988   0x000003f0   Code   RO         3014    i.AvUapiCheckLogicVideoTx  gsv2k11.o
    0x08016d78   0x08016d78   0x0000030c   Code   RO         3015    i.AvUapiCheckVideoColor  gsv2k11.o
    0x08017084   0x08017084   0x00000476   Code   RO         3017    i.AvUapiCheckVideoScaler  gsv2k11.o
    0x080174fa   0x080174fa   0x00000002   PAD
    0x080174fc   0x080174fc   0x00000564   Code   RO         3018    i.AvUapiConnectPort  gsv2k11.o
    0x08017a60   0x08017a60   0x00000006   Code   RO         3022    i.AvUapiHdcp2p2Mode  gsv2k11.o
    0x08017a66   0x08017a66   0x00000002   PAD
    0x08017a68   0x08017a68   0x00000090   Code   RO         3952    i.AvUapiHookBspFunctions  uapi.o
    0x08017af8   0x08017af8   0x00000026   Code   RO         3953    i.AvUapiInit        uapi.o
    0x08017b1e   0x08017b1e   0x00000002   PAD
    0x08017b20   0x08017b20   0x00000130   Code   RO         3023    i.AvUapiInitDevice  gsv2k11.o
    0x08017c50   0x08017c50   0x00000042   Code   RO         3954    i.AvUapiOuputDbgMsg  uapi.o
    0x08017c92   0x08017c92   0x00000002   PAD
    0x08017c94   0x08017c94   0x000000b8   Code   RO         3024    i.AvUapiResetPort   gsv2k11.o
    0x08017d4c   0x08017d4c   0x000001e8   Code   RO         3026    i.AvUapiRxAudioManage  gsv2k11.o
    0x08017f34   0x08017f34   0x00000288   Code   RO         3028    i.AvUapiRxClearAudioInterrupt  gsv2k11.o
    0x080181bc   0x080181bc   0x00000034   Code   RO         3029    i.AvUapiRxClearFlags  gsv2k11.o
    0x080181f0   0x080181f0   0x00000038   Code   RO         3030    i.AvUapiRxClearHdcpInterrupt  gsv2k11.o
    0x08018228   0x08018228   0x000002f8   Code   RO         3031    i.AvUapiRxClearVideoInterrupt  gsv2k11.o
    0x08018520   0x08018520   0x00000006   Code   RO         3032    i.AvUapiRxEnableFreeRun  gsv2k11.o
    0x08018526   0x08018526   0x00000002   PAD
    0x08018528   0x08018528   0x00000060   Code   RO         3033    i.AvUapiRxEnableInternalEdid  gsv2k11.o
    0x08018588   0x08018588   0x00000006   Code   RO         3035    i.AvUapiRxGetAudioInternalMute  gsv2k11.o
    0x0801858e   0x0801858e   0x00000002   PAD
    0x08018590   0x08018590   0x0000041c   Code   RO         3036    i.AvUapiRxGetAudioPacketStatus  gsv2k11.o
    0x080189ac   0x080189ac   0x00000030   Code   RO         3037    i.AvUapiRxGetAvMute  gsv2k11.o
    0x080189dc   0x080189dc   0x00000434   Code   RO         3038    i.AvUapiRxGetHdcpStatus  gsv2k11.o
    0x08018e10   0x08018e10   0x00000070   Code   RO         3039    i.AvUapiRxGetHdmiAcrInfo  gsv2k11.o
    0x08018e80   0x08018e80   0x00000064   Code   RO         3040    i.AvUapiRxGetHdmiDeepColor  gsv2k11.o
    0x08018ee4   0x08018ee4   0x00000030   Code   RO         3041    i.AvUapiRxGetHdmiModeSupport  gsv2k11.o
    0x08018f14   0x08018f14   0x000001a0   Code   RO         3042    i.AvUapiRxGetPacketContent  gsv2k11.o
    0x080190b4   0x080190b4   0x00000138   Code   RO         3043    i.AvUapiRxGetPacketType  gsv2k11.o
    0x080191ec   0x080191ec   0x00000e44   Code   RO         3044    i.AvUapiRxGetStatus  gsv2k11.o
    0x0801a030   0x0801a030   0x000001c0   Code   RO         3045    i.AvUapiRxGetVideoLock  gsv2k11.o
    0x0801a1f0   0x0801a1f0   0x00000550   Code   RO         3046    i.AvUapiRxGetVideoPacketStatus  gsv2k11.o
    0x0801a740   0x0801a740   0x000002d4   Code   RO         3047    i.AvUapiRxGetVideoTiming  gsv2k11.o
    0x0801aa14   0x0801aa14   0x00000034   Code   RO         3050    i.AvUapiRxPortInit  gsv2k11.o
    0x0801aa48   0x0801aa48   0x00000006   Code   RO         3955    i.AvUapiRxReadInfo  uapi.o
    0x0801aa4e   0x0801aa4e   0x00000006   Code   RO         3956    i.AvUapiRxReadStdi  uapi.o
    0x0801aa54   0x0801aa54   0x00000006   Code   RO         3052    i.AvUapiRxSetAudioInternalMute  gsv2k11.o
    0x0801aa5a   0x0801aa5a   0x00000006   Code   RO         3054    i.AvUapiRxSetHdcpEnable  gsv2k11.o
    0x0801aa60   0x0801aa60   0x00000108   Code   RO         3055    i.AvUapiRxSetHdcpMode  gsv2k11.o
    0x0801ab68   0x0801ab68   0x0000004c   Code   RO         3056    i.AvUapiRxSetHpdDown  gsv2k11.o
    0x0801abb4   0x0801abb4   0x0000004c   Code   RO         3057    i.AvUapiRxSetHpdUp  gsv2k11.o
    0x0801ac00   0x0801ac00   0x00000008   Code   RO         3058    i.AvUapiRxSetSpa    gsv2k11.o
    0x0801ac08   0x0801ac08   0x00000006   Code   RO         3059    i.AvUapiRxVideoManage  gsv2k11.o
    0x0801ac0e   0x0801ac0e   0x00000002   PAD
    0x0801ac10   0x0801ac10   0x000000e0   Code   RO         3060    i.AvUapiRxWriteEdid  gsv2k11.o
    0x0801acf0   0x0801acf0   0x00000034   Code   RO         3061    i.AvUapiTxArcEnable  gsv2k11.o
    0x0801ad24   0x0801ad24   0x000001a4   Code   RO         3062    i.AvUapiTxAudioManage  gsv2k11.o
    0x0801aec8   0x0801aec8   0x0000006c   Code   RO         3066    i.AvUapiTxClearBksvReady  gsv2k11.o
    0x0801af34   0x0801af34   0x00000104   Code   RO         3067    i.AvUapiTxClearHdcpError  gsv2k11.o
    0x0801b038   0x0801b038   0x00000064   Code   RO         3068    i.AvUapiTxClearRxidReady  gsv2k11.o
    0x0801b09c   0x0801b09c   0x0000011c   Code   RO         3069    i.AvUapiTxDecryptSink  gsv2k11.o
    0x0801b1b8   0x0801b1b8   0x00000208   Code   RO         3070    i.AvUapiTxDisableCore  gsv2k11.o
    0x0801b3c0   0x0801b3c0   0x00000054   Code   RO         3071    i.AvUapiTxEnableCore  gsv2k11.o
    0x0801b414   0x0801b414   0x000003ac   Code   RO         3072    i.AvUapiTxEnableInfoFrames  gsv2k11.o
    0x0801b7c0   0x0801b7c0   0x0000032c   Code   RO         3073    i.AvUapiTxEncryptSink  gsv2k11.o
    0x0801baec   0x0801baec   0x00000504   Code   RO         3077    i.AvUapiTxGetHdcpStatus  gsv2k11.o
    0x0801bff0   0x0801bff0   0x00000098   Code   RO         3078    i.AvUapiTxGetSinkHdcpCapability  gsv2k11.o
    0x0801c088   0x0801c088   0x00000a94   Code   RO         3079    i.AvUapiTxGetStatus  gsv2k11.o
    0x0801cb1c   0x0801cb1c   0x00000006   Code   RO         3080    i.AvUapiTxHdcp2p2Manage  gsv2k11.o
    0x0801cb22   0x0801cb22   0x00000006   Code   RO         3082    i.AvUapiTxPortInit  gsv2k11.o
    0x0801cb28   0x0801cb28   0x000001b4   Code   RO         3084    i.AvUapiTxReadEdid  gsv2k11.o
    0x0801ccdc   0x0801ccdc   0x000000f4   Code   RO         3085    i.AvUapiTxSetAudNValue  gsv2k11.o
    0x0801cdd0   0x0801cdd0   0x000000cc   Code   RO         3086    i.AvUapiTxSetAudioPackets  gsv2k11.o
    0x0801ce9c   0x0801ce9c   0x000000e4   Code   RO         3087    i.AvUapiTxSetAvMute  gsv2k11.o
    0x0801cf80   0x0801cf80   0x00000098   Code   RO         3088    i.AvUapiTxSetBlackMute  gsv2k11.o
    0x0801d018   0x0801d018   0x00000090   Code   RO         3089    i.AvUapiTxSetFeatureSupport  gsv2k11.o
    0x0801d0a8   0x0801d0a8   0x00000078   Code   RO         3090    i.AvUapiTxSetHdmiDeepColor  gsv2k11.o
    0x0801d120   0x0801d120   0x00000088   Code   RO         3091    i.AvUapiTxSetHdmiModeSupport  gsv2k11.o
    0x0801d1a8   0x0801d1a8   0x000002fc   Code   RO         3092    i.AvUapiTxSetPacketContent  gsv2k11.o
    0x0801d4a4   0x0801d4a4   0x0000006c   Code   RO         3093    i.AvUapiTxSetVideoTiming  gsv2k11.o
    0x0801d510   0x0801d510   0x000001e8   Code   RO         3094    i.AvUapiTxVideoManage  gsv2k11.o
    0x0801d6f8   0x0801d6f8   0x000000c8   Code   RO          555    i.BSP_FUN_Delay_us  bsp_systemclock.o
    0x0801d7c0   0x0801d7c0   0x0000000e   Code   RO         2165    i.BspGetMilliSecond  av_main.o
    0x0801d7ce   0x0801d7ce   0x00000056   Code   RO         2253    i.ClearAudioFromPort  kapi.o
    0x0801d824   0x0801d824   0x00000056   Code   RO         2254    i.ClearVideoFromPort  kapi.o
    0x0801d87a   0x0801d87a   0x00000002   PAD
    0x0801d87c   0x0801d87c   0x0000007c   Code   RO         5725    i.ConfigTI1         n32g45x_tim.o
    0x0801d8f8   0x0801d8f8   0x00000088   Code   RO         5726    i.ConfigTI2         n32g45x_tim.o
    0x0801d980   0x0801d980   0x00000080   Code   RO         5727    i.ConfigTI3         n32g45x_tim.o
    0x0801da00   0x0801da00   0x00000088   Code   RO         5728    i.ConfigTI4         n32g45x_tim.o
    0x0801da88   0x0801da88   0x0000000a   Code   RO         1208    i.DMA1_CH3_IRQ_HT_Callback  bsp_fpga.o
    0x0801da92   0x0801da92   0x0000000c   Code   RO         1209    i.DMA1_CH3_IRQ_TC_Callback  bsp_fpga.o
    0x0801da9e   0x0801da9e   0x00000002   PAD
    0x0801daa0   0x0801daa0   0x00000040   Code   RO          235    i.DMA1_Channel3_IRQHandler  interrupt.o
    0x0801dae0   0x0801dae0   0x00000004   Code   RO         4596    i.DMA_ClearFlag     n32g45x_dma.o
    0x0801dae4   0x0801dae4   0x00000012   Code   RO         4598    i.DMA_ConfigInt     n32g45x_dma.o
    0x0801daf6   0x0801daf6   0x00000002   PAD
    0x0801daf8   0x0801daf8   0x000000cc   Code   RO         1210    i.DMA_DATA_COPY     bsp_fpga.o
    0x0801dbc4   0x0801dbc4   0x000001b4   Code   RO         4599    i.DMA_DeInit        n32g45x_dma.o
    0x0801dd78   0x0801dd78   0x00000018   Code   RO         4600    i.DMA_EnableChannel  n32g45x_dma.o
    0x0801dd90   0x0801dd90   0x00000018   Code   RO         4602    i.DMA_GetFlagStatus  n32g45x_dma.o
    0x0801dda8   0x0801dda8   0x0000003c   Code   RO         4604    i.DMA_Init          n32g45x_dma.o
    0x0801dde4   0x0801dde4   0x0000001a   Code   RO         4607    i.DMA_StructInit    n32g45x_dma.o
    0x0801ddfe   0x0801ddfe   0x00000002   PAD
    0x0801de00   0x0801de00   0x00000024   Code   RO         1395    i.EXTI15_10_IRQHandler  bsp_soft_usart.o
    0x0801de24   0x0801de24   0x0000000c   Code   RO         4686    i.EXTI_ClrITPendBit  n32g45x_exti.o
    0x0801de30   0x0801de30   0x00000028   Code   RO         4689    i.EXTI_GetITStatus  n32g45x_exti.o
    0x0801de58   0x0801de58   0x00000094   Code   RO         4691    i.EXTI_InitPeripheral  n32g45x_exti.o
    0x0801deec   0x0801deec   0x00000010   Code   RO         4758    i.FLASH_ClearFlag   n32g45x_flash.o
    0x0801defc   0x0801defc   0x00000054   Code   RO         4762    i.FLASH_EraseOnePage  n32g45x_flash.o
    0x0801df50   0x0801df50   0x00000050   Code   RO         4768    i.FLASH_GetSTS      n32g45x_flash.o
    0x0801dfa0   0x0801dfa0   0x00000014   Code   RO         4772    i.FLASH_Lock        n32g45x_flash.o
    0x0801dfb4   0x0801dfb4   0x00000058   Code   RO         4776    i.FLASH_ProgramWord  n32g45x_flash.o
    0x0801e00c   0x0801e00c   0x00000018   Code   RO         4779    i.FLASH_SetLatency  n32g45x_flash.o
    0x0801e024   0x0801e024   0x00000018   Code   RO         4781    i.FLASH_Unlock      n32g45x_flash.o
    0x0801e03c   0x0801e03c   0x00000026   Code   RO         4782    i.FLASH_WaitForLastOpt  n32g45x_flash.o
    0x0801e062   0x0801e062   0x00000002   PAD
    0x0801e064   0x0801e064   0x0000004c   Code   RO         1211    i.FPGA_CFG_DONE     bsp_fpga.o
    0x0801e0b0   0x0801e0b0   0x00000040   Code   RO         1212    i.FPGA_DeInit       bsp_fpga.o
    0x0801e0f0   0x0801e0f0   0x00000214   Code   RO         1213    i.FPGA_init         bsp_fpga.o
    0x0801e304   0x0801e304   0x00000088   Code   RO         4102    i.FUN_CREATE        app_usart.o
    0x0801e38c   0x0801e38c   0x00000084   Code   RO         4157    i.FUN_CREATE        app_nec.o
    0x0801e410   0x0801e410   0x0000007c   Code   RO         4215    i.FUN_CREATE        app_flash.o
    0x0801e48c   0x0801e48c   0x00000088   Code   RO         4262    i.FUN_CREATE        app_fpga.o
    0x0801e514   0x0801e514   0x00000084   Code   RO         4364    i.FUN_CREATE        app_key.o
    0x0801e598   0x0801e598   0x00000084   Code   RO         4402    i.FUN_CREATE        app_led.o
    0x0801e61c   0x0801e61c   0x000000cc   Code   RO         4446    i.FUN_CREATE        app_soft_usart.o
    0x0801e6e8   0x0801e6e8   0x00000394   Code   RO         4023    i.FUN_CREATE0       app_gsv2011.o
    0x0801ea7c   0x0801ea7c   0x00000030   Code   RO         4103    i.FUN_EVENT         app_usart.o
    0x0801eaac   0x0801eaac   0x00000030   Code   RO         4158    i.FUN_EVENT         app_nec.o
    0x0801eadc   0x0801eadc   0x00000030   Code   RO         4216    i.FUN_EVENT         app_flash.o
    0x0801eb0c   0x0801eb0c   0x00000030   Code   RO         4263    i.FUN_EVENT         app_fpga.o
    0x0801eb3c   0x0801eb3c   0x00000030   Code   RO         4365    i.FUN_EVENT         app_key.o
    0x0801eb6c   0x0801eb6c   0x00000030   Code   RO         4403    i.FUN_EVENT         app_led.o
    0x0801eb9c   0x0801eb9c   0x0000002c   Code   RO         4447    i.FUN_EVENT         app_soft_usart.o
    0x0801ebc8   0x0801ebc8   0x0000003c   Code   RO         1306    i.FUN_FLASH_ERASE_PAGE  bsp_flash.o
    0x0801ec04   0x0801ec04   0x000000c8   Code   RO         1307    i.FUN_FLASH_Init    bsp_flash.o
    0x0801eccc   0x0801eccc   0x00000064   Code   RO         1308    i.FUN_FLASH_RESET   bsp_flash.o
    0x0801ed30   0x0801ed30   0x00000024   Code   RO         1309    i.FUN_FLASH_Read    bsp_flash.o
    0x0801ed54   0x0801ed54   0x0000010c   Code   RO         1310    i.FUN_FLASH_Write   bsp_flash.o
    0x0801ee60   0x0801ee60   0x0000008c   Code   RO          593    i.FUN_GM5351A_Init  bsp_gm5351a.o
    0x0801eeec   0x0801eeec   0x00000088   Code   RO          594    i.FUN_GM5351A_Set   bsp_gm5351a.o
    0x0801ef74   0x0801ef74   0x00000024   Code   RO          353    i.FUN_GPIO_DeInit   bsp.o
    0x0801ef98   0x0801ef98   0x00000150   Code   RO          354    i.FUN_GPIO_Init     bsp.o
    0x0801f0e8   0x0801f0e8   0x00000018   Code   RO          355    i.FUN_GPIO_Read     bsp.o
    0x0801f100   0x0801f100   0x00000010   Code   RO          356    i.FUN_GPIO_Reset    bsp.o
    0x0801f110   0x0801f110   0x00000010   Code   RO          357    i.FUN_GPIO_Set      bsp.o
    0x0801f120   0x0801f120   0x00000028   Code   RO          358    i.FUN_GPIO_Toggle   bsp.o
    0x0801f148   0x0801f148   0x00000046   Code   RO          689    i.FUN_I2cRead       bsp_gsv2011.o
    0x0801f18e   0x0801f18e   0x00000042   Code   RO          690    i.FUN_I2cRead_1     bsp_gsv2011.o
    0x0801f1d0   0x0801f1d0   0x00000042   Code   RO          691    i.FUN_I2cRead_2     bsp_gsv2011.o
    0x0801f212   0x0801f212   0x00000042   Code   RO          692    i.FUN_I2cRead_3     bsp_gsv2011.o
    0x0801f254   0x0801f254   0x00000042   Code   RO          693    i.FUN_I2cRead_4     bsp_gsv2011.o
    0x0801f296   0x0801f296   0x00000046   Code   RO          694    i.FUN_I2cWrite      bsp_gsv2011.o
    0x0801f2dc   0x0801f2dc   0x00000042   Code   RO          695    i.FUN_I2cWrite_1    bsp_gsv2011.o
    0x0801f31e   0x0801f31e   0x00000042   Code   RO          696    i.FUN_I2cWrite_2    bsp_gsv2011.o
    0x0801f360   0x0801f360   0x00000042   Code   RO          697    i.FUN_I2cWrite_3    bsp_gsv2011.o
    0x0801f3a2   0x0801f3a2   0x00000042   Code   RO          698    i.FUN_I2cWrite_4    bsp_gsv2011.o
    0x0801f3e4   0x0801f3e4   0x0000002c   Code   RO          699    i.FUN_Init          bsp_gsv2011.o
    0x0801f410   0x0801f410   0x00000024   Code   RO          700    i.FUN_Init1         bsp_gsv2011.o
    0x0801f434   0x0801f434   0x00000024   Code   RO          701    i.FUN_Init2         bsp_gsv2011.o
    0x0801f458   0x0801f458   0x00000024   Code   RO          702    i.FUN_Init3         bsp_gsv2011.o
    0x0801f47c   0x0801f47c   0x00000024   Code   RO          703    i.FUN_Init4         bsp_gsv2011.o
    0x0801f4a0   0x0801f4a0   0x00000038   Code   RO         1361    i.FUN_KEY_Init      bsp_key.o
    0x0801f4d8   0x0801f4d8   0x00000078   Code   RO         1362    i.FUN_KEY_Read      bsp_key.o
    0x0801f550   0x0801f550   0x00000094   Code   RO          422    i.FUN_LED_Init      bsp_led.o
    0x0801f5e4   0x0801f5e4   0x000000e8   Code   RO         1270    i.FUN_NEC_Init      bsp_nec.o
    0x0801f6cc   0x0801f6cc   0x00000040   Code   RO         4104    i.FUN_READ          app_usart.o
    0x0801f70c   0x0801f70c   0x0000003c   Code   RO         4159    i.FUN_READ          app_nec.o
    0x0801f748   0x0801f748   0x00000030   Code   RO         4217    i.FUN_READ          app_flash.o
    0x0801f778   0x0801f778   0x00000040   Code   RO         4264    i.FUN_READ          app_fpga.o
    0x0801f7b8   0x0801f7b8   0x00000040   Code   RO         4366    i.FUN_READ          app_key.o
    0x0801f7f8   0x0801f7f8   0x00000040   Code   RO         4404    i.FUN_READ          app_led.o
    0x0801f838   0x0801f838   0x00000040   Code   RO         4448    i.FUN_READ          app_soft_usart.o
    0x0801f878   0x0801f878   0x00000008   Code   RO          704    i.FUN_RETURN_AvNotAvailable  bsp_gsv2011.o
    0x0801f880   0x0801f880   0x00000006   Code   RO          705    i.FUN_RETURN_OK     bsp_gsv2011.o
    0x0801f886   0x0801f886   0x00000002   PAD
    0x0801f888   0x0801f888   0x00000014   Code   RO          706    i.FUN_RST_DISABLE   bsp_gsv2011.o
    0x0801f89c   0x0801f89c   0x00000014   Code   RO          707    i.FUN_RST_ENABLE    bsp_gsv2011.o
    0x0801f8b0   0x0801f8b0   0x000000b4   Code   RO         1396    i.FUN_SOFT_UART_Init  bsp_soft_usart.o
    0x0801f964   0x0801f964   0x00000074   Code   RO         1397    i.FUN_SOFT_UART_Poll  bsp_soft_usart.o
    0x0801f9d8   0x0801f9d8   0x0000004c   Code   RO         1398    i.FUN_SOFT_UART_Read  bsp_soft_usart.o
    0x0801fa24   0x0801fa24   0x00000010   Code   RO         1399    i.FUN_SOFT_UART_SetRxNotify  bsp_soft_usart.o
    0x0801fa34   0x0801fa34   0x00000018   Code   RO          526    i.FUN_SWDEBUG_Init  bsp_swdebug.o
    0x0801fa4c   0x0801fa4c   0x000000c0   Code   RO          556    i.FUN_SYSTEMCLOCK_Init  bsp_systemclock.o
    0x0801fb0c   0x0801fb0c   0x000000a4   Code   RO          648    i.FUN_USART_Init    bsp_usart.o
    0x0801fbb0   0x0801fbb0   0x0000002c   Code   RO          649    i.FUN_USART_Write   bsp_usart.o
    0x0801fbdc   0x0801fbdc   0x00000008   Code   RO          708    i.FUN_UartGetByte   bsp_gsv2011.o
    0x0801fbe4   0x0801fbe4   0x00000034   Code   RO          709    i.FUN_UartSendByte0  bsp_gsv2011.o
    0x0801fc18   0x0801fc18   0x00000034   Code   RO          710    i.FUN_UartSendByte1  bsp_gsv2011.o
    0x0801fc4c   0x0801fc4c   0x00000034   Code   RO          711    i.FUN_UartSendByte2  bsp_gsv2011.o
    0x0801fc80   0x0801fc80   0x00000034   Code   RO          712    i.FUN_UartSendByte3  bsp_gsv2011.o
    0x0801fcb4   0x0801fcb4   0x00000034   Code   RO          713    i.FUN_UartSendByte4  bsp_gsv2011.o
    0x0801fce8   0x0801fce8   0x00000028   Code   RO         4160    i.FUN_WRITE         app_nec.o
    0x0801fd10   0x0801fd10   0x0000002c   Code   RO         4218    i.FUN_WRITE         app_flash.o
    0x0801fd3c   0x0801fd3c   0x00000028   Code   RO         4449    i.FUN_WRITE         app_soft_usart.o
    0x0801fd64   0x0801fd64   0x00000034   Code   RO         4105    i.GET_BYTE          app_usart.o
    0x0801fd98   0x0801fd98   0x0000005a   Code   RO         4106    i.GET_WORD          app_usart.o
    0x0801fdf2   0x0801fdf2   0x00000002   PAD
    0x0801fdf4   0x0801fdf4   0x00001a70   Code   RO          595    i.GM5351A_Set_Frequency  bsp_gm5351a.o
    0x08021864   0x08021864   0x00000040   Code   RO         4939    i.GPIO_ConfigEXTILine  n32g45x_gpio.o
    0x080218a4   0x080218a4   0x00000234   Code   RO         4942    i.GPIO_ConfigPinRemap  n32g45x_gpio.o
    0x08021ad8   0x08021ad8   0x00000116   Code   RO         4946    i.GPIO_InitPeripheral  n32g45x_gpio.o
    0x08021bee   0x08021bee   0x00000010   Code   RO         4947    i.GPIO_InitStruct   n32g45x_gpio.o
    0x08021bfe   0x08021bfe   0x00000012   Code   RO         4949    i.GPIO_ReadInputDataBit  n32g45x_gpio.o
    0x08021c10   0x08021c10   0x00000012   Code   RO         4951    i.GPIO_ReadOutputDataBit  n32g45x_gpio.o
    0x08021c22   0x08021c22   0x00000004   Code   RO         4952    i.GPIO_ResetBits    n32g45x_gpio.o
    0x08021c26   0x08021c26   0x00000004   Code   RO         4953    i.GPIO_SetBits      n32g45x_gpio.o
    0x08021c2a   0x08021c2a   0x00000002   PAD
    0x08021c2c   0x08021c2c   0x00000030   Code   RO         4024    i.GSV2011_LOG       app_gsv2011.o
    0x08021c5c   0x08021c5c   0x00000028   Code   RO         4025    i.GSV2011_READ_MEMORY  app_gsv2011.o
    0x08021c84   0x08021c84   0x00000014   Code   RO         4026    i.GSV2011_READ_MEMORY_0  app_gsv2011.o
    0x08021c98   0x08021c98   0x00000014   Code   RO         4027    i.GSV2011_READ_MEMORY_1  app_gsv2011.o
    0x08021cac   0x08021cac   0x00000014   Code   RO         4028    i.GSV2011_READ_MEMORY_2  app_gsv2011.o
    0x08021cc0   0x08021cc0   0x00000014   Code   RO         4029    i.GSV2011_READ_MEMORY_3  app_gsv2011.o
    0x08021cd4   0x08021cd4   0x00000014   Code   RO         4030    i.GSV2011_READ_MEMORY_4  app_gsv2011.o
    0x08021ce8   0x08021ce8   0x00000028   Code   RO         4031    i.GSV2011_WRITE_MEMORY  app_gsv2011.o
    0x08021d10   0x08021d10   0x00000018   Code   RO          714    i.GetSdaValue       bsp_gsv2011.o
    0x08021d28   0x08021d28   0x00000018   Code   RO          715    i.GetSda_1Value     bsp_gsv2011.o
    0x08021d40   0x08021d40   0x00000060   Code   RO          716    i.GetSda_XValue     bsp_gsv2011.o
    0x08021da0   0x08021da0   0x0000002e   Code   RO         3095    i.Gsv2k11ColorCsMapping  gsv2k11.o
    0x08021dce   0x08021dce   0x00000002   PAD
    0x08021dd0   0x08021dd0   0x00000184   Code   RO         3096    i.Gsv2k11CpCscManage  gsv2k11.o
    0x08021f54   0x08021f54   0x00000184   Code   RO         3097    i.Gsv2k11DisableRxHpa  gsv2k11.o
    0x080220d8   0x080220d8   0x0000014c   Code   RO         3098    i.Gsv2k11EnableRxHpa  gsv2k11.o
    0x08022224   0x08022224   0x00000024   Code   RO         3099    i.Gsv2k11FindHdmiRxFront  gsv2k11.o
    0x08022248   0x08022248   0x00000034   Code   RO         3100    i.Gsv2k11GetRx5VStatus  gsv2k11.o
    0x0802227c   0x0802227c   0x00000670   Code   RO         3102    i.Gsv2k11ManualCpParameter  gsv2k11.o
    0x080228ec   0x080228ec   0x00000188   Code   RO         3103    i.Gsv2k11MpllProtect  gsv2k11.o
    0x08022a74   0x08022a74   0x000000b8   Code   RO         3104    i.Gsv2k11ResetTxFifo  gsv2k11.o
    0x08022b2c   0x08022b2c   0x00000234   Code   RO         3105    i.Gsv2k11RpllProtect  gsv2k11.o
    0x08022d60   0x08022d60   0x00000698   Code   RO         3106    i.Gsv2k11RxManualEQUpdate  gsv2k11.o
    0x080233f8   0x080233f8   0x0000019c   Code   RO         3107    i.Gsv2k11SetTxHdcpVersion  gsv2k11.o
    0x08023594   0x08023594   0x000000f4   Code   RO         3109    i.Gsv2k11ToggleTmdsOut  gsv2k11.o
    0x08023688   0x08023688   0x000000a0   Code   RO         3110    i.Gsv2k11ToggleTxHpd  gsv2k11.o
    0x08023728   0x08023728   0x0000007c   Code   RO         3111    i.Gsv2k11TweakCrystalFreq  gsv2k11.o
    0x080237a4   0x080237a4   0x000000c8   Code   RO         3112    i.Gsv2k11TxDDCError  gsv2k11.o
    0x0802386c   0x0802386c   0x00000044   Code   RO         3113    i.Gsv2k11TxPllUnlockClear  gsv2k11.o
    0x080238b0   0x080238b0   0x00000104   Code   RO         3114    i.Gsv2k11TxScdcAction  gsv2k11.o
    0x080239b4   0x080239b4   0x0000006c   Code   RO         3115    i.Gsv2k11UpdateRxCdrBandWidth  gsv2k11.o
    0x08023a20   0x08023a20   0x000004e8   Code   RO         3117    i.Gsv2k11_TxSendAVInfoFrame  gsv2k11.o
    0x08023f08   0x08023f08   0x00000070   Code   RO         3118    i.Gsv2k11_TxSetAudChStatSampFreq  gsv2k11.o
    0x08023f78   0x08023f78   0x000001e4   Code   RO         3119    i.Gsv2k11_TxSetAudioInterface  gsv2k11.o
    0x0802415c   0x0802415c   0x000000dc   Code   RO         3120    i.Gsv2k11_TxSetCSC  gsv2k11.o
    0x08024238   0x08024238   0x00000084   Code   RO         3121    i.Gsv2k11_TxSetManualPixelRepeat  gsv2k11.o
    0x080242bc   0x080242bc   0x0000094c   Code   RO         2166    i.GsvMain           av_main.o
    0x08024c08   0x08024c08   0x00000010   Code   RO          717    i.I2CDelay          bsp_gsv2011.o
    0x08024c18   0x08024c18   0x0000002a   Code   RO         5070    i.I2C_CheckEvent    n32g45x_i2c.o
    0x08024c42   0x08024c42   0x00000002   PAD
    0x08024c44   0x08024c44   0x0000007c   Code   RO         5081    i.I2C_DeInit        n32g45x_i2c.o
    0x08024cc0   0x08024cc0   0x00000018   Code   RO         5082    i.I2C_Enable        n32g45x_i2c.o
    0x08024cd8   0x08024cd8   0x00000018   Code   RO         5090    i.I2C_GenerateStart  n32g45x_i2c.o
    0x08024cf0   0x08024cf0   0x00000018   Code   RO         5091    i.I2C_GenerateStop  n32g45x_i2c.o
    0x08024d08   0x08024d08   0x0000003a   Code   RO         5092    i.I2C_GetFlag       n32g45x_i2c.o
    0x08024d42   0x08024d42   0x00000002   PAD
    0x08024d44   0x08024d44   0x00000124   Code   RO         5097    i.I2C_Init          n32g45x_i2c.o
    0x08024e68   0x08024e68   0x0000001e   Code   RO         5098    i.I2C_InitStruct    n32g45x_i2c.o
    0x08024e86   0x08024e86   0x00000012   Code   RO         5100    i.I2C_SendAddr7bit  n32g45x_i2c.o
    0x08024e98   0x08024e98   0x00000004   Code   RO         5101    i.I2C_SendData      n32g45x_i2c.o
    0x08024e9c   0x08024e9c   0x0000003c   Code   RO         4450    i.KVM_CRC8_Calculate  app_soft_usart.o
    0x08024ed8   0x08024ed8   0x00000084   Code   RO         4451    i.KVM_FpgaModeToKvmMode  app_soft_usart.o
    0x08024f5c   0x08024f5c   0x00000084   Code   RO         4452    i.KVM_ModeToFpgaMode  app_soft_usart.o
    0x08024fe0   0x08024fe0   0x000000a0   Code   RO         4453    i.KVM_UART_HandleFrame  app_soft_usart.o
    0x08025080   0x08025080   0x0000009c   Code   RO         4454    i.KVM_UART_ReceiveByte  app_soft_usart.o
    0x0802511c   0x0802511c   0x00000040   Code   RO         4455    i.KVM_UART_SendFrame  app_soft_usart.o
    0x0802515c   0x0802515c   0x00000148   Code   RO         2555    i.KfunCecUpdateFromEdid  uapi_function_mapper.o
    0x080252a4   0x080252a4   0x00000010   Code   RO         2456    i.KfunCheckLogicAudioRx  kernel_status_update.o
    0x080252b4   0x080252b4   0x00000010   Code   RO         2457    i.KfunCheckLogicAudioTx  kernel_status_update.o
    0x080252c4   0x080252c4   0x00000014   Code   RO         2458    i.KfunCheckLogicVideoRx  kernel_status_update.o
    0x080252d8   0x080252d8   0x00000014   Code   RO         2459    i.KfunCheckLogicVideoTx  kernel_status_update.o
    0x080252ec   0x080252ec   0x0000007a   Code   RO         2460    i.KfunCheckPrState  kernel_status_update.o
    0x08025366   0x08025366   0x000000cc   Code   RO         2461    i.KfunCheckPtState  kernel_status_update.o
    0x08025432   0x08025432   0x0000003e   Code   RO         2462    i.KfunCheckRxState  kernel_status_update.o
    0x08025470   0x08025470   0x00000220   Code   RO         2463    i.KfunCheckVideoColor  kernel_status_update.o
    0x08025690   0x08025690   0x00000068   Code   RO         2465    i.KfunCheckVideoScaler  kernel_status_update.o
    0x080256f8   0x080256f8   0x000001ba   Code   RO         2557    i.KfunCheckVspPortContent  uapi_function_mapper.o
    0x080258b2   0x080258b2   0x0000006a   Code   RO         2563    i.KfunFindAudioNextTxEnd  uapi_function_mapper.o
    0x0802591c   0x0802591c   0x00000020   Code   RO         2564    i.KfunFindAudioRxFront  uapi_function_mapper.o
    0x0802593c   0x0802593c   0x000000dc   Code   RO         2565    i.KfunFindCecSPAFromEdid  uapi_function_mapper.o
    0x08025a18   0x08025a18   0x00000074   Code   RO         2566    i.KfunFindVideoNextNode  uapi_function_mapper.o
    0x08025a8c   0x08025a8c   0x0000006a   Code   RO         2567    i.KfunFindVideoNextTxEnd  uapi_function_mapper.o
    0x08025af6   0x08025af6   0x00000020   Code   RO         2568    i.KfunFindVideoRxFront  uapi_function_mapper.o
    0x08025b16   0x08025b16   0x0000005c   Code   RO         2569    i.KfunGenerateSourceSpa  uapi_function_mapper.o
    0x08025b72   0x08025b72   0x00000058   Code   RO         2571    i.KfunHdcpDetectSink  uapi_function_mapper.o
    0x08025bca   0x08025bca   0x0000009c   Code   RO         2572    i.KfunHdcpDetectSource  uapi_function_mapper.o
    0x08025c66   0x08025c66   0x00000002   PAD
    0x08025c68   0x08025c68   0x00000054   Code   RO         2574    i.KfunHdcpReset     uapi_function_mapper.o
    0x08025cbc   0x08025cbc   0x0000001e   Code   RO         2576    i.KfunHdcpVarInit   uapi_function_mapper.o
    0x08025cda   0x08025cda   0x000000ec   Code   RO         2579    i.KfunManageHpa     uapi_function_mapper.o
    0x08025dc6   0x08025dc6   0x00000002   Code   RO         2580    i.KfunPollingRxStatus  uapi_function_mapper.o
    0x08025dc8   0x08025dc8   0x0000001e   Code   RO         2582    i.KfunPrHpdDown     uapi_function_mapper.o
    0x08025de6   0x08025de6   0x0000001c   Code   RO         2583    i.KfunPrHpdUp       uapi_function_mapper.o
    0x08025e02   0x08025e02   0x00000010   Code   RO         2584    i.KfunPrResetPort   uapi_function_mapper.o
    0x08025e12   0x08025e12   0x0000003e   Code   RO         2585    i.KfunPrVarInit     uapi_function_mapper.o
    0x08025e50   0x08025e50   0x00000020   Code   RO         2586    i.KfunPrepareEdid   uapi_function_mapper.o
    0x08025e70   0x08025e70   0x00000008   Code   RO         2587    i.KfunPtAntiDither  uapi_function_mapper.o
    0x08025e78   0x08025e78   0x0000002c   Code   RO         2588    i.KfunPtEnableTxCore  uapi_function_mapper.o
    0x08025ea4   0x08025ea4   0x0000000c   Code   RO         2589    i.KfunPtPortInit    uapi_function_mapper.o
    0x08025eb0   0x08025eb0   0x0000002e   Code   RO         2590    i.KfunPtResetPort   uapi_function_mapper.o
    0x08025ede   0x08025ede   0x00000066   Code   RO         2591    i.KfunPtVarInit     uapi_function_mapper.o
    0x08025f44   0x08025f44   0x000001d4   Code   RO         2593    i.KfunRxAudioManage  uapi_function_mapper.o
    0x08026118   0x08026118   0x00000010   Code   RO         2594    i.KfunRxClearFlags  uapi_function_mapper.o
    0x08026128   0x08026128   0x0000000e   Code   RO         2596    i.KfunRxDisableFrun  uapi_function_mapper.o
    0x08026136   0x08026136   0x0000000e   Code   RO         2597    i.KfunRxEnableFrun  uapi_function_mapper.o
    0x08026144   0x08026144   0x00000002   Code   RO         2598    i.KfunRxInit        uapi_function_mapper.o
    0x08026146   0x08026146   0x00000064   Code   RO         2599    i.KfunRxReadInfo    uapi_function_mapper.o
    0x080261aa   0x080261aa   0x00000046   Code   RO         2600    i.KfunRxRoutingClearEndInfo  uapi_function_mapper.o
    0x080261f0   0x080261f0   0x00000034   Code   RO         2602    i.KfunRxVarInit     uapi_function_mapper.o
    0x08026224   0x08026224   0x000003b8   Code   RO         2603    i.KfunRxVideoManage  uapi_function_mapper.o
    0x080265dc   0x080265dc   0x00000034   Code   RO         2604    i.KfunRxWriteEdid   uapi_function_mapper.o
    0x08026610   0x08026610   0x000000e8   Code   RO         2605    i.KfunRxtoTxPacketContent  uapi_function_mapper.o
    0x080266f8   0x080266f8   0x00000020   Code   RO         2466    i.KfunSimpleHdcpManage  kernel_status_update.o
    0x08026718   0x08026718   0x000000c2   Code   RO         2606    i.KfunSimpleHdcpSync  uapi_function_mapper.o
    0x080267da   0x080267da   0x0000000c   Code   RO         2607    i.KfunStdiReadStatus  uapi_function_mapper.o
    0x080267e6   0x080267e6   0x000000e2   Code   RO         2608    i.KfunTxAudioManage  uapi_function_mapper.o
    0x080268c8   0x080268c8   0x00000050   Code   RO         2609    i.KfunTxClearMuteAv  uapi_function_mapper.o
    0x08026918   0x08026918   0x0000001a   Code   RO         2611    i.KfunTxEdidError   uapi_function_mapper.o
    0x08026932   0x08026932   0x00000024   Code   RO         2612    i.KfunTxHdcpManage  uapi_function_mapper.o
    0x08026956   0x08026956   0x00000018   Code   RO         2613    i.KfunTxReadEdid    uapi_function_mapper.o
    0x0802696e   0x0802696e   0x000000a6   Code   RO         2615    i.KfunTxSetColorDepth  uapi_function_mapper.o
    0x08026a14   0x08026a14   0x00000022   Code   RO         2616    i.KfunTxSetHdmiModeSupport  uapi_function_mapper.o
    0x08026a36   0x08026a36   0x00000002   PAD
    0x08026a38   0x08026a38   0x00000050   Code   RO         2617    i.KfunTxSetMuteAv   uapi_function_mapper.o
    0x08026a88   0x08026a88   0x0000001a   Code   RO         2618    i.KfunTxSinkLost    uapi_function_mapper.o
    0x08026aa2   0x08026aa2   0x00000026   Code   RO         2621    i.KfunTxUnlockProtection  uapi_function_mapper.o
    0x08026ac8   0x08026ac8   0x00000028   Code   RO         2622    i.KfunTxUseDefaultEdid  uapi_function_mapper.o
    0x08026af0   0x08026af0   0x000002fe   Code   RO         2623    i.KfunTxVideoManage  uapi_function_mapper.o
    0x08026dee   0x08026dee   0x0000010e   Code   RO         2624    i.KfunTxfromRxPacketContent  uapi_function_mapper.o
    0x08026efc   0x08026efc   0x00000470   Code   RO         2625    i.KfunUpdatePortFromPacket  uapi_function_mapper.o
    0x0802736c   0x0802736c   0x00000002   Code   RO         2125    i.LogicLedOut       av_key_cmd.o
    0x0802736e   0x0802736e   0x0000001e   Code   RO         3814    i.LookupValue8      hal.o
    0x0802738c   0x0802738c   0x00000002   Code   RO          718    i.ManDriveScl       bsp_gsv2011.o
    0x0802738e   0x0802738e   0x00000002   Code   RO          719    i.ManDriveScl_1     bsp_gsv2011.o
    0x08027390   0x08027390   0x00000002   Code   RO          720    i.ManDriveScl_X     bsp_gsv2011.o
    0x08027392   0x08027392   0x00000002   Code   RO          721    i.ManDriveSda       bsp_gsv2011.o
    0x08027394   0x08027394   0x00000002   Code   RO          722    i.ManDriveSda_1     bsp_gsv2011.o
    0x08027396   0x08027396   0x00000002   Code   RO          723    i.ManDriveSda_X     bsp_gsv2011.o
    0x08027398   0x08027398   0x0000006a   Code   RO          724    i.ManGetAck         bsp_gsv2011.o
    0x08027402   0x08027402   0x0000006a   Code   RO          725    i.ManGetAck_1       bsp_gsv2011.o
    0x0802746c   0x0802746c   0x0000006a   Code   RO          726    i.ManGetAck_X       bsp_gsv2011.o
    0x080274d6   0x080274d6   0x000000a8   Code   RO          727    i.ManI2cRead        bsp_gsv2011.o
    0x0802757e   0x0802757e   0x0000008c   Code   RO          728    i.ManI2cReadByte    bsp_gsv2011.o
    0x0802760a   0x0802760a   0x0000008c   Code   RO          729    i.ManI2cReadByte_1  bsp_gsv2011.o
    0x08027696   0x08027696   0x0000008c   Code   RO          730    i.ManI2cReadByte_X  bsp_gsv2011.o
    0x08027722   0x08027722   0x000000a8   Code   RO          731    i.ManI2cRead_1      bsp_gsv2011.o
    0x080277ca   0x080277ca   0x000000a8   Code   RO          732    i.ManI2cRead_X      bsp_gsv2011.o
    0x08027872   0x08027872   0x0000003c   Code   RO          733    i.ManI2cRestart     bsp_gsv2011.o
    0x080278ae   0x080278ae   0x0000003c   Code   RO          734    i.ManI2cRestart_1   bsp_gsv2011.o
    0x080278ea   0x080278ea   0x0000003c   Code   RO          735    i.ManI2cRestart_X   bsp_gsv2011.o
    0x08027926   0x08027926   0x00000080   Code   RO          736    i.ManI2cSendByte    bsp_gsv2011.o
    0x080279a6   0x080279a6   0x00000048   Code   RO          737    i.ManI2cStart       bsp_gsv2011.o
    0x080279ee   0x080279ee   0x00000030   Code   RO          738    i.ManI2cStop        bsp_gsv2011.o
    0x08027a1e   0x08027a1e   0x00000030   Code   RO          739    i.ManI2cStop_1      bsp_gsv2011.o
    0x08027a4e   0x08027a4e   0x00000030   Code   RO          740    i.ManI2cStop_X      bsp_gsv2011.o
    0x08027a7e   0x08027a7e   0x0000008c   Code   RO          741    i.ManI2cWrite       bsp_gsv2011.o
    0x08027b0a   0x08027b0a   0x0000008c   Code   RO          742    i.ManI2cWrite_1     bsp_gsv2011.o
    0x08027b96   0x08027b96   0x0000008c   Code   RO          743    i.ManI2cWrite_X     bsp_gsv2011.o
    0x08027c22   0x08027c22   0x00000080   Code   RO          744    i.ManI2c_1SendByte  bsp_gsv2011.o
    0x08027ca2   0x08027ca2   0x00000048   Code   RO          745    i.ManI2c_1Start     bsp_gsv2011.o
    0x08027cea   0x08027cea   0x00000080   Code   RO          746    i.ManI2c_XSendByte  bsp_gsv2011.o
    0x08027d6a   0x08027d6a   0x00000048   Code   RO          747    i.ManI2c_XStart     bsp_gsv2011.o
    0x08027db2   0x08027db2   0x00000002   PAD
    0x08027db4   0x08027db4   0x00000018   Code   RO          748    i.ManReleaseScl     bsp_gsv2011.o
    0x08027dcc   0x08027dcc   0x00000018   Code   RO          749    i.ManReleaseScl_1   bsp_gsv2011.o
    0x08027de4   0x08027de4   0x00000060   Code   RO          750    i.ManReleaseScl_X   bsp_gsv2011.o
    0x08027e44   0x08027e44   0x00000018   Code   RO          751    i.ManReleaseSda     bsp_gsv2011.o
    0x08027e5c   0x08027e5c   0x00000018   Code   RO          752    i.ManReleaseSda_1   bsp_gsv2011.o
    0x08027e74   0x08027e74   0x00000060   Code   RO          753    i.ManReleaseSda_X   bsp_gsv2011.o
    0x08027ed4   0x08027ed4   0x00000018   Code   RO          754    i.ManSclHigh        bsp_gsv2011.o
    0x08027eec   0x08027eec   0x00000018   Code   RO          755    i.ManSclLow         bsp_gsv2011.o
    0x08027f04   0x08027f04   0x00000018   Code   RO          756    i.ManScl_1High      bsp_gsv2011.o
    0x08027f1c   0x08027f1c   0x00000018   Code   RO          757    i.ManScl_1Low       bsp_gsv2011.o
    0x08027f34   0x08027f34   0x00000060   Code   RO          758    i.ManScl_XHigh      bsp_gsv2011.o
    0x08027f94   0x08027f94   0x00000060   Code   RO          759    i.ManScl_XLow       bsp_gsv2011.o
    0x08027ff4   0x08027ff4   0x00000018   Code   RO          760    i.ManSdaHigh        bsp_gsv2011.o
    0x0802800c   0x0802800c   0x00000018   Code   RO          761    i.ManSdaLow         bsp_gsv2011.o
    0x08028024   0x08028024   0x00000018   Code   RO          762    i.ManSda_1High      bsp_gsv2011.o
    0x0802803c   0x0802803c   0x00000018   Code   RO          763    i.ManSda_1Low       bsp_gsv2011.o
    0x08028054   0x08028054   0x00000060   Code   RO          764    i.ManSda_XHigh      bsp_gsv2011.o
    0x080280b4   0x080280b4   0x00000060   Code   RO          765    i.ManSda_XLow       bsp_gsv2011.o
    0x08028114   0x08028114   0x00000054   Code   RO          766    i.ManSetAck         bsp_gsv2011.o
    0x08028168   0x08028168   0x00000054   Code   RO          767    i.ManSetAck_1       bsp_gsv2011.o
    0x080281bc   0x080281bc   0x00000054   Code   RO          768    i.ManSetAck_X       bsp_gsv2011.o
    0x08028210   0x08028210   0x0000005c   Code   RO         4161    i.NEC_RECEIVE_DATA  app_nec.o
    0x0802826c   0x0802826c   0x00000070   Code   RO         4548    i.NVIC_Init         misc.o
    0x080282dc   0x080282dc   0x00000014   Code   RO         4549    i.NVIC_PriorityGroupConfig  misc.o
    0x080282f0   0x080282f0   0x000001fc   Code   RO         2333    i.PrintHdcpFsm      kapi_debug_info.o
    0x080284ec   0x080284ec   0x000001ac   Code   RO         2334    i.PrintPlugRxFsm    kapi_debug_info.o
    0x08028698   0x08028698   0x000001fc   Code   RO         2335    i.PrintPlugTxFsm    kapi_debug_info.o
    0x08028894   0x08028894   0x000000c4   Code   RO         2336    i.PrintReceiverFsm  kapi_debug_info.o
    0x08028958   0x08028958   0x00000018   Code   RO         5292    i.RCC_ConfigHclk    n32g45x_rcc.o
    0x08028970   0x08028970   0x0000004c   Code   RO         5293    i.RCC_ConfigHse     n32g45x_rcc.o
    0x080289bc   0x080289bc   0x00000018   Code   RO         5298    i.RCC_ConfigPclk1   n32g45x_rcc.o
    0x080289d4   0x080289d4   0x00000018   Code   RO         5299    i.RCC_ConfigPclk2   n32g45x_rcc.o
    0x080289ec   0x080289ec   0x00000020   Code   RO         5300    i.RCC_ConfigPll     n32g45x_rcc.o
    0x08028a0c   0x08028a0c   0x00000018   Code   RO         5303    i.RCC_ConfigSysclk  n32g45x_rcc.o
    0x08028a24   0x08028a24   0x00000020   Code   RO         5308    i.RCC_EnableAHBPeriphClk  n32g45x_rcc.o
    0x08028a44   0x08028a44   0x00000020   Code   RO         5310    i.RCC_EnableAPB1PeriphClk  n32g45x_rcc.o
    0x08028a64   0x08028a64   0x00000020   Code   RO         5311    i.RCC_EnableAPB1PeriphReset  n32g45x_rcc.o
    0x08028a84   0x08028a84   0x00000020   Code   RO         5312    i.RCC_EnableAPB2PeriphClk  n32g45x_rcc.o
    0x08028aa4   0x08028aa4   0x00000020   Code   RO         5313    i.RCC_EnableAPB2PeriphReset  n32g45x_rcc.o
    0x08028ac4   0x08028ac4   0x0000000c   Code   RO         5319    i.RCC_EnablePll     n32g45x_rcc.o
    0x08028ad0   0x08028ad0   0x0000010c   Code   RO         5322    i.RCC_GetClocksFreqValue  n32g45x_rcc.o
    0x08028bdc   0x08028bdc   0x0000003c   Code   RO         5324    i.RCC_GetFlagStatus  n32g45x_rcc.o
    0x08028c18   0x08028c18   0x00000010   Code   RO         5326    i.RCC_GetSysclkSrc  n32g45x_rcc.o
    0x08028c28   0x08028c28   0x00000038   Code   RO         5329    i.RCC_WaitHseStable  n32g45x_rcc.o
    0x08028c60   0x08028c60   0x00000014   Code   RO         4219    i.RESET_DATA_Callback  app_flash.o
    0x08028c74   0x08028c74   0x00000002   Code   RO         2127    i.RxInLedOut        av_key_cmd.o
    0x08028c76   0x08028c76   0x00000008   Code   RO         1522    i.SEGGER_RTT_Init   segger_rtt.o
    0x08028c7e   0x08028c7e   0x00000038   Code   RO         1526    i.SEGGER_RTT_Read   segger_rtt.o
    0x08028cb6   0x08028cb6   0x00000002   PAD
    0x08028cb8   0x08028cb8   0x000000ac   Code   RO         1527    i.SEGGER_RTT_ReadNoLock  segger_rtt.o
    0x08028d64   0x08028d64   0x00000104   Code   RO         1535    i.SEGGER_RTT_TerminalOut  segger_rtt.o
    0x08028e68   0x08028e68   0x0000004c   Code   RO         1537    i.SEGGER_RTT_Write  segger_rtt.o
    0x08028eb4   0x08028eb4   0x00000084   Code   RO         1540    i.SEGGER_RTT_WriteNoLock  segger_rtt.o
    0x08028f38   0x08028f38   0x0000001a   Code   RO         1542    i.SEGGER_RTT_WriteString  segger_rtt.o
    0x08028f52   0x08028f52   0x00000002   PAD
    0x08028f54   0x08028f54   0x00000030   Code   RO          237    i.SPI1_IRQHandler   interrupt.o
    0x08028f84   0x08028f84   0x00000002   Code   RO          238    i.SPI1_IRQ_RNE_Callback  interrupt.o
    0x08028f86   0x08028f86   0x00000002   Code   RO          239    i.SPI1_IRQ_TE_Callback  interrupt.o
    0x08028f88   0x08028f88   0x000000b8   Code   RO         1173    i.SPI_Configuratio  bsp_spi.o
    0x08029040   0x08029040   0x00000018   Code   RO         5574    i.SPI_Enable        n32g45x_spi.o
    0x08029058   0x08029058   0x00000012   Code   RO         5581    i.SPI_I2S_EnableDma  n32g45x_spi.o
    0x0802906a   0x0802906a   0x00000034   Code   RO         5583    i.SPI_I2S_GetIntStatus  n32g45x_spi.o
    0x0802909e   0x0802909e   0x00000012   Code   RO         5584    i.SPI_I2S_GetStatus  n32g45x_spi.o
    0x080290b0   0x080290b0   0x00000006   Code   RO         5585    i.SPI_I2S_ReceiveData  n32g45x_spi.o
    0x080290b6   0x080290b6   0x00000004   Code   RO         5586    i.SPI_I2S_TransmitData  n32g45x_spi.o
    0x080290ba   0x080290ba   0x0000003c   Code   RO         5587    i.SPI_Init          n32g45x_spi.o
    0x080290f6   0x080290f6   0x00000018   Code   RO         5588    i.SPI_InitStruct    n32g45x_spi.o
    0x0802910e   0x0802910e   0x00000018   Code   RO         5589    i.SPI_SSOutputEnable  n32g45x_spi.o
    0x08029126   0x08029126   0x00000002   PAD
    0x08029128   0x08029128   0x000000b4   Code   RO         1174    i.SPI_Write         bsp_spi.o
    0x080291dc   0x080291dc   0x0000001a   Code   RO         1311    i.SUM_MAKE          bsp_flash.o
    0x080291f6   0x080291f6   0x00000002   PAD
    0x080291f8   0x080291f8   0x000000f4   Code   RO         6586    i.SetSysClock       system_n32g45x.o
    0x080292ec   0x080292ec   0x00000054   Code   RO         6587    i.SetVDDDBKTrim     system_n32g45x.o
    0x08029340   0x08029340   0x00000008   Code   RO          240    i.SysTick_Handler   interrupt.o
    0x08029348   0x08029348   0x000000bc   Code   RO         6588    i.SystemCoreClockUpdate  system_n32g45x.o
    0x08029404   0x08029404   0x000000d0   Code   RO         6589    i.SystemInit        system_n32g45x.o
    0x080294d4   0x080294d4   0x0000001a   Code   RO          241    i.TIM2_IRQHandler   interrupt.o
    0x080294ee   0x080294ee   0x00000002   PAD
    0x080294f0   0x080294f0   0x00000020   Code   RO         1271    i.TIM2_IRQ_CC4_Callback  bsp_nec.o
    0x08029510   0x08029510   0x00000044   Code   RO         1400    i.TIM3_IRQHandler   bsp_soft_usart.o
    0x08029554   0x08029554   0x0000007c   Code   RO         1401    i.TIM3_Init         bsp_soft_usart.o
    0x080295d0   0x080295d0   0x00000006   Code   RO         5730    i.TIM_ClrIntPendingBit  n32g45x_tim.o
    0x080295d6   0x080295d6   0x00000012   Code   RO         5752    i.TIM_ConfigInt     n32g45x_tim.o
    0x080295e8   0x080295e8   0x00000016   Code   RO         5780    i.TIM_Enable        n32g45x_tim.o
    0x080295fe   0x080295fe   0x00000022   Code   RO         5798    i.TIM_GetIntStatus  n32g45x_tim.o
    0x08029620   0x08029620   0x000000ac   Code   RO         5800    i.TIM_ICInit        n32g45x_tim.o
    0x080296cc   0x080296cc   0x00000012   Code   RO         5802    i.TIM_InitIcStruct  n32g45x_tim.o
    0x080296de   0x080296de   0x0000001e   Code   RO         5810    i.TIM_InitTimBaseStruct  n32g45x_tim.o
    0x080296fc   0x080296fc   0x00000158   Code   RO         5811    i.TIM_InitTimeBase  n32g45x_tim.o
    0x08029854   0x08029854   0x00000004   Code   RO         5822    i.TIM_SetAutoReload  n32g45x_tim.o
    0x08029858   0x08029858   0x00000004   Code   RO         5830    i.TIM_SetCnt        n32g45x_tim.o
    0x0802985c   0x0802985c   0x00000012   Code   RO         5831    i.TIM_SetInCap1Prescaler  n32g45x_tim.o
    0x0802986e   0x0802986e   0x0000001a   Code   RO         5832    i.TIM_SetInCap2Prescaler  n32g45x_tim.o
    0x08029888   0x08029888   0x00000012   Code   RO         5833    i.TIM_SetInCap3Prescaler  n32g45x_tim.o
    0x0802989a   0x0802989a   0x0000001a   Code   RO         5834    i.TIM_SetInCap4Prescaler  n32g45x_tim.o
    0x080298b4   0x080298b4   0x00000002   Code   RO         2128    i.TxOutLedOut       av_key_cmd.o
    0x080298b6   0x080298b6   0x00000042   Code   RO         1402    i.UART_RX_EXTI_Enable  bsp_soft_usart.o
    0x080298f8   0x080298f8   0x0000006c   Code   RO         1403    i.UART_RX_PutByte   bsp_soft_usart.o
    0x08029964   0x08029964   0x000000dc   Code   RO         1404    i.UART_RX_Sample    bsp_soft_usart.o
    0x08029a40   0x08029a40   0x0000005c   Code   RO         1405    i.UART_RX_Start     bsp_soft_usart.o
    0x08029a9c   0x08029a9c   0x000000fc   Code   RO         1406    i.UART_TX_Sample    bsp_soft_usart.o
    0x08029b98   0x08029b98   0x000000c8   Code   RO         1408    i.UART_TX_SendArray  bsp_soft_usart.o
    0x08029c60   0x08029c60   0x00000040   Code   RO          244    i.USART1_IRQHandler  interrupt.o
    0x08029ca0   0x08029ca0   0x00000018   Code   RO          650    i.USART1_IRQ_RXD_Callback  bsp_usart.o
    0x08029cb8   0x08029cb8   0x0000001e   Code   RO         6402    i.USART_ClrIntPendingBit  n32g45x_usart.o
    0x08029cd6   0x08029cd6   0x0000004a   Code   RO         6403    i.USART_ConfigInt   n32g45x_usart.o
    0x08029d20   0x08029d20   0x00000018   Code   RO         6408    i.USART_Enable      n32g45x_usart.o
    0x08029d38   0x08029d38   0x0000001a   Code   RO         6415    i.USART_GetFlagStatus  n32g45x_usart.o
    0x08029d52   0x08029d52   0x00000054   Code   RO         6416    i.USART_GetIntStatus  n32g45x_usart.o
    0x08029da6   0x08029da6   0x00000002   PAD
    0x08029da8   0x08029da8   0x000000c8   Code   RO         6417    i.USART_Init        n32g45x_usart.o
    0x08029e70   0x08029e70   0x00000034   Code   RO         4107    i.USART_RECEIVE_DATA  app_usart.o
    0x08029ea4   0x08029ea4   0x00000008   Code   RO         6420    i.USART_SendData    n32g45x_usart.o
    0x08029eac   0x08029eac   0x00000018   Code   RO         6425    i.USART_StructInit  n32g45x_usart.o
    0x08029ec4   0x08029ec4   0x00000070   Code   RO         1544    i._DoInit           segger_rtt.o
    0x08029f34   0x08029f34   0x0000001c   Code   RO         1545    i._GetAvailWriteSpace  segger_rtt.o
    0x08029f50   0x08029f50   0x00000024   Code   RO         1546    i._PostTerminalSwitch  segger_rtt.o
    0x08029f74   0x08029f74   0x00000076   Code   RO         1547    i._WriteBlocking    segger_rtt.o
    0x08029fea   0x08029fea   0x00000058   Code   RO         1548    i._WriteNoCheck     segger_rtt.o
    0x0802a042   0x0802a042   0x00000002   PAD
    0x0802a044   0x0802a044   0x00000028   Code   RO         8558    i.__0sprintf        mc_w.l(printfa.o)
    0x0802a06c   0x0802a06c   0x00000024   Code   RO         8562    i.__0vsprintf       mc_w.l(printfa.o)
    0x0802a090   0x0802a090   0x0000001c   Code   RO         1409    i.__NVIC_ClearPendingIRQ  bsp_soft_usart.o
    0x0802a0ac   0x0802a0ac   0x00000090   Code   RO          360    i.___FUN_GPIO_CLK_ENABLE  bsp.o
    0x0802a13c   0x0802a13c   0x0000004c   Code   RO         7544    i.__rt_ffs          kservice.o
    0x0802a188   0x0802a188   0x0000000e   Code   RO         8672    i.__scatterload_copy  mc_w.l(handlers.o)
    0x0802a196   0x0802a196   0x00000002   Code   RO         8673    i.__scatterload_null  mc_w.l(handlers.o)
    0x0802a198   0x0802a198   0x0000000e   Code   RO         8674    i.__scatterload_zeroinit  mc_w.l(handlers.o)
    0x0802a1a6   0x0802a1a6   0x00000002   PAD
    0x0802a1a8   0x0802a1a8   0x00000184   Code   RO         8563    i._fp_digits        mc_w.l(printfa.o)
    0x0802a32c   0x0802a32c   0x0000006a   Code   RO         6850    i._msh_exec_cmd     msh.o
    0x0802a396   0x0802a396   0x00000002   PAD
    0x0802a398   0x0802a398   0x000006b4   Code   RO         8564    i._printf_core      mc_w.l(printfa.o)
    0x0802aa4c   0x0802aa4c   0x00000024   Code   RO         8565    i._printf_post_padding  mc_w.l(printfa.o)
    0x0802aa70   0x0802aa70   0x0000002e   Code   RO         8566    i._printf_pre_padding  mc_w.l(printfa.o)
    0x0802aa9e   0x0802aa9e   0x00000002   PAD
    0x0802aaa0   0x0802aaa0   0x00000084   Code   RO         8001    i._rt_thread_init   thread.o
    0x0802ab24   0x0802ab24   0x00000042   Code   RO         8133    i._rt_timer_init    timer.o
    0x0802ab66   0x0802ab66   0x0000001c   Code   RO         8134    i._rt_timer_remove  timer.o
    0x0802ab82   0x0802ab82   0x0000000a   Code   RO         8568    i._sputc            mc_w.l(printfa.o)
    0x0802ab8c   0x0802ab8c   0x0000001c   Code   RO         8002    i._thread_cleanup_execute  thread.o
    0x0802aba8   0x0802aba8   0x000000fc   Code   RO         7039    i.bus_fault_track   cpuport.o
    0x0802aca4   0x0802aca4   0x00000036   Code   RO         4108    i.char_to_hex       app_usart.o
    0x0802acda   0x0802acda   0x0000000e   Code   RO         6851    i.cmd_free          msh.o
    0x0802ace8   0x0802ace8   0x0000000e   Code   RO         6852    i.cmd_ps            msh.o
    0x0802acf6   0x0802acf6   0x00000002   PAD
    0x0802acf8   0x0802acf8   0x00000078   Code   RO         6928    i.finsh_get_prompt  shell.o
    0x0802ad70   0x0802ad70   0x00000040   Code   RO         6930    i.finsh_getchar     shell.o
    0x0802adb0   0x0802adb0   0x00000018   Code   RO         6931    i.finsh_rx_ind      shell.o
    0x0802adc8   0x0802adc8   0x000000a8   Code   RO         6932    i.finsh_set_device  shell.o
    0x0802ae70   0x0802ae70   0x0000001c   Code   RO         6935    i.finsh_set_prompt_mode  shell.o
    0x0802ae8c   0x0802ae8c   0x00000014   Code   RO         6936    i.finsh_system_function_init  shell.o
    0x0802aea0   0x0802aea0   0x0000009c   Code   RO         6937    i.finsh_system_init  shell.o
    0x0802af3c   0x0802af3c   0x000003e0   Code   RO         6939    i.finsh_thread_entry  shell.o
    0x0802b31c   0x0802b31c   0x00000050   Code   RO         8584    i.free              mc_w.l(malloc.o)
    0x0802b36c   0x0802b36c   0x00000344   Code   RO         4109    i.function_thread   app_usart.o
    0x0802b6b0   0x0802b6b0   0x00000600   Code   RO         4162    i.function_thread   app_nec.o
    0x0802bcb0   0x0802bcb0   0x000000a8   Code   RO         4220    i.function_thread   app_flash.o
    0x0802bd58   0x0802bd58   0x0000050c   Code   RO         4265    i.function_thread   app_fpga.o
    0x0802c264   0x0802c264   0x0000009c   Code   RO         4367    i.function_thread   app_key.o
    0x0802c300   0x0802c300   0x00000120   Code   RO         4405    i.function_thread   app_led.o
    0x0802c420   0x0802c420   0x00000060   Code   RO         4456    i.function_thread   app_soft_usart.o
    0x0802c480   0x0802c480   0x00000010   Code   RO         4032    i.function_thread0  app_gsv2011.o
    0x0802c490   0x0802c490   0x00000080   Code   RO         7040    i.hard_fault_track  cpuport.o
    0x0802c510   0x0802c510   0x00000020   Code   RO         6720    i.hello             cmd.o
    0x0802c530   0x0802c530   0x00000128   Code   RO          596    i.i2c_master_send   bsp_gm5351a.o
    0x0802c658   0x0802c658   0x00000014   Code   RO          423    i.led_1_off         bsp_led.o
    0x0802c66c   0x0802c66c   0x0000001c   Code   RO          424    i.led_1_on          bsp_led.o
    0x0802c688   0x0802c688   0x00000014   Code   RO          425    i.led_2_off         bsp_led.o
    0x0802c69c   0x0802c69c   0x0000001c   Code   RO          426    i.led_2_on          bsp_led.o
    0x0802c6b8   0x0802c6b8   0x00000014   Code   RO          427    i.led_3_off         bsp_led.o
    0x0802c6cc   0x0802c6cc   0x0000001c   Code   RO          428    i.led_3_on          bsp_led.o
    0x0802c6e8   0x0802c6e8   0x00000014   Code   RO          429    i.led_4_off         bsp_led.o
    0x0802c6fc   0x0802c6fc   0x0000001c   Code   RO          430    i.led_4_on          bsp_led.o
    0x0802c718   0x0802c718   0x0000000c   Code   RO          431    i.led_io_off        bsp_led.o
    0x0802c724   0x0802c724   0x0000000c   Code   RO          432    i.led_io_on         bsp_led.o
    0x0802c730   0x0802c730   0x00000068   Code   RO          433    i.led_io_refresh    bsp_led.o
    0x0802c798   0x0802c798   0x00000018   Code   RO          434    i.led_io_toggle     bsp_led.o
    0x0802c7b0   0x0802c7b0   0x00000014   Code   RO          435    i.led_rx_off        bsp_led.o
    0x0802c7c4   0x0802c7c4   0x0000001c   Code   RO          436    i.led_rx_on         bsp_led.o
    0x0802c7e0   0x0802c7e0   0x00000068   Code   RO         6721    i.list              cmd.o
    0x0802c848   0x0802c848   0x00000118   Code   RO         6722    i.list_device       cmd.o
    0x0802c960   0x0802c960   0x00000144   Code   RO         6723    i.list_event        cmd.o
    0x0802caa4   0x0802caa4   0x0000002a   Code   RO         6724    i.list_find_init    cmd.o
    0x0802cace   0x0802cace   0x00000088   Code   RO         6725    i.list_get_next     cmd.o
    0x0802cb56   0x0802cb56   0x00000002   PAD
    0x0802cb58   0x0802cb58   0x0000015c   Code   RO         6726    i.list_mailbox      cmd.o
    0x0802ccb4   0x0802ccb4   0x00000078   Code   RO         7733    i.list_mem          mem.o
    0x0802cd2c   0x0802cd2c   0x00000174   Code   RO         6727    i.list_mempool      cmd.o
    0x0802cea0   0x0802cea0   0x00000144   Code   RO         6728    i.list_msgqueue     cmd.o
    0x0802cfe4   0x0802cfe4   0x0000010c   Code   RO         6729    i.list_mutex        cmd.o
    0x0802d0f0   0x0802d0f0   0x00000138   Code   RO         6730    i.list_sem          cmd.o
    0x0802d228   0x0802d228   0x000001e4   Code   RO         6731    i.list_thread       cmd.o
    0x0802d40c   0x0802d40c   0x00000160   Code   RO         6732    i.list_timer        cmd.o
    0x0802d56c   0x0802d56c   0x0000006c   Code   RO            4    i.main              main.o
    0x0802d5d8   0x0802d5d8   0x0000000e   Code   RO         7137    i.main_thread_entry  components.o
    0x0802d5e6   0x0802d5e6   0x00000002   PAD
    0x0802d5e8   0x0802d5e8   0x0000006c   Code   RO         8585    i.malloc            mc_w.l(malloc.o)
    0x0802d654   0x0802d654   0x000000e8   Code   RO         7041    i.mem_manage_fault_track  cpuport.o
    0x0802d73c   0x0802d73c   0x000000a0   Code   RO         6853    i.msh_auto_complete  msh.o
    0x0802d7dc   0x0802d7dc   0x0000006c   Code   RO         6854    i.msh_exec          msh.o
    0x0802d848   0x0802d848   0x0000005c   Code   RO         6855    i.msh_get_cmd       msh.o
    0x0802d8a4   0x0802d8a4   0x00000080   Code   RO         6856    i.msh_help          msh.o
    0x0802d924   0x0802d924   0x00000004   Code   RO         6857    i.msh_is_used       msh.o
    0x0802d928   0x0802d928   0x000000f0   Code   RO         6858    i.msh_split         msh.o
    0x0802da18   0x0802da18   0x00000120   Code   RO         4163    i.nec_get_byte      app_nec.o
    0x0802db38   0x0802db38   0x0000001c   Code   RO         6733    i.object_split      cmd.o
    0x0802db54   0x0802db54   0x00000078   Code   RO         7734    i.plug_holes        mem.o
    0x0802dbcc   0x0802dbcc   0x00000022   Code   RO          597    i.pow               bsp_gm5351a.o
    0x0802dbee   0x0802dbee   0x00000002   PAD
    0x0802dbf0   0x0802dbf0   0x00000198   Code   RO         7546    i.print_number      kservice.o
    0x0802dd88   0x0802dd88   0x00000030   Code   RO         7138    i.rt_application_init  components.o
    0x0802ddb8   0x0802ddb8   0x00000022   Code   RO         7735    i.rt_calloc         mem.o
    0x0802ddda   0x0802ddda   0x00000002   PAD
    0x0802dddc   0x0802dddc   0x0000001c   Code   RO         7139    i.rt_components_board_init  components.o
    0x0802ddf8   0x0802ddf8   0x0000001c   Code   RO         7140    i.rt_components_init  components.o
    0x0802de14   0x0802de14   0x0000000c   Code   RO         7547    i.rt_console_get_device  kservice.o
    0x0802de20   0x0802de20   0x00000036   Code   RO         6630    i.rt_device_close   device.o
    0x0802de56   0x0802de56   0x0000000e   Code   RO         6634    i.rt_device_find    device.o
    0x0802de64   0x0802de64   0x000000b4   Code   RO         6637    i.rt_device_open    device.o
    0x0802df18   0x0802df18   0x0000003e   Code   RO         6638    i.rt_device_read    device.o
    0x0802df56   0x0802df56   0x00000008   Code   RO         6640    i.rt_device_set_rx_indicate  device.o
    0x0802df5e   0x0802df5e   0x0000003e   Code   RO         6643    i.rt_device_write   device.o
    0x0802df9c   0x0802df9c   0x00000020   Code   RO         7935    i.rt_enter_critical  scheduler.o
    0x0802dfbc   0x0802dfbc   0x00000026   Code   RO         7240    i.rt_event_create   ipc.o
    0x0802dfe2   0x0802dfe2   0x000000ee   Code   RO         7244    i.rt_event_recv     ipc.o
    0x0802e0d0   0x0802e0d0   0x000000c2   Code   RO         7245    i.rt_event_send     ipc.o
    0x0802e192   0x0802e192   0x00000002   PAD
    0x0802e194   0x0802e194   0x00000044   Code   RO         7936    i.rt_exit_critical  scheduler.o
    0x0802e1d8   0x0802e1d8   0x000000e0   Code   RO         7736    i.rt_free           mem.o
    0x0802e2b8   0x0802e2b8   0x00000008   Code   RO         8245    i.rt_heap_begin_get  board.o
    0x0802e2c0   0x0802e2c0   0x00000008   Code   RO         8246    i.rt_heap_end_get   board.o
    0x0802e2c8   0x0802e2c8   0x00000038   Code   RO         8247    i.rt_hw_board_init  board.o
    0x0802e300   0x0802e300   0x00000022   Code   RO         8290    i.rt_hw_console_getchar  finsh_port.o
    0x0802e322   0x0802e322   0x0000000e   Code   RO         8248    i.rt_hw_console_output  board.o
    0x0802e330   0x0802e330   0x0000022c   Code   RO         7045    i.rt_hw_hard_fault_exception  cpuport.o
    0x0802e55c   0x0802e55c   0x00000050   Code   RO         7046    i.rt_hw_stack_init  cpuport.o
    0x0802e5ac   0x0802e5ac   0x00000020   Code   RO         7517    i.rt_interrupt_enter  irq.o
    0x0802e5cc   0x0802e5cc   0x0000001c   Code   RO         7518    i.rt_interrupt_get_nest  irq.o
    0x0802e5e8   0x0802e5e8   0x00000020   Code   RO         7519    i.rt_interrupt_leave  irq.o
    0x0802e608   0x0802e608   0x00000014   Code   RO         7246    i.rt_ipc_list_resume  ipc.o
    0x0802e61c   0x0802e61c   0x0000006e   Code   RO         7248    i.rt_ipc_list_suspend  ipc.o
    0x0802e68a   0x0802e68a   0x00000010   Code   RO         7249    i.rt_ipc_object_init  ipc.o
    0x0802e69a   0x0802e69a   0x00000002   PAD
    0x0802e69c   0x0802e69c   0x00000070   Code   RO         7552    i.rt_kprintf        kservice.o
    0x0802e70c   0x0802e70c   0x00000006   Code   RO         7250    i.rt_list_init      ipc.o
    0x0802e712   0x0802e712   0x00000006   Code   RO         7937    i.rt_list_init      scheduler.o
    0x0802e718   0x0802e718   0x00000006   Code   RO         8135    i.rt_list_init      timer.o
    0x0802e71e   0x0802e71e   0x0000000e   Code   RO         7847    i.rt_list_insert_after  object.o
    0x0802e72c   0x0802e72c   0x0000000e   Code   RO         8003    i.rt_list_insert_after  thread.o
    0x0802e73a   0x0802e73a   0x0000000e   Code   RO         8136    i.rt_list_insert_after  timer.o
    0x0802e748   0x0802e748   0x0000000e   Code   RO         7251    i.rt_list_insert_before  ipc.o
    0x0802e756   0x0802e756   0x00000010   Code   RO         6734    i.rt_list_isempty   cmd.o
    0x0802e766   0x0802e766   0x00000010   Code   RO         7252    i.rt_list_isempty   ipc.o
    0x0802e776   0x0802e776   0x00000010   Code   RO         8137    i.rt_list_isempty   timer.o
    0x0802e786   0x0802e786   0x00000014   Code   RO         6735    i.rt_list_len       cmd.o
    0x0802e79a   0x0802e79a   0x00000012   Code   RO         7848    i.rt_list_remove    object.o
    0x0802e7ac   0x0802e7ac   0x00000012   Code   RO         8004    i.rt_list_remove    thread.o
    0x0802e7be   0x0802e7be   0x00000012   Code   RO         8138    i.rt_list_remove    timer.o
    0x0802e7d0   0x0802e7d0   0x0000016c   Code   RO         7737    i.rt_malloc         mem.o
    0x0802e93c   0x0802e93c   0x0000007c   Code   RO         7556    i.rt_memcpy         kservice.o
    0x0802e9b8   0x0802e9b8   0x00000042   Code   RO         7557    i.rt_memmove        kservice.o
    0x0802e9fa   0x0802e9fa   0x00000048   Code   RO         7558    i.rt_memset         kservice.o
    0x0802ea42   0x0802ea42   0x00000088   Code   RO         7262    i.rt_mq_create      ipc.o
    0x0802eaca   0x0802eaca   0x00000122   Code   RO         7266    i.rt_mq_recv        ipc.o
    0x0802ebec   0x0802ebec   0x00000016   Code   RO         7267    i.rt_mq_send        ipc.o
    0x0802ec02   0x0802ec02   0x0000012c   Code   RO         7268    i.rt_mq_send_wait   ipc.o
    0x0802ed2e   0x0802ed2e   0x00000032   Code   RO         7271    i.rt_mutex_create   ipc.o
    0x0802ed60   0x0802ed60   0x000000c4   Code   RO         7275    i.rt_mutex_release  ipc.o
    0x0802ee24   0x0802ee24   0x000000da   Code   RO         7276    i.rt_mutex_take     ipc.o
    0x0802eefe   0x0802eefe   0x00000054   Code   RO         7849    i.rt_object_allocate  object.o
    0x0802ef52   0x0802ef52   0x00000024   Code   RO         7850    i.rt_object_delete  object.o
    0x0802ef76   0x0802ef76   0x0000001e   Code   RO         7851    i.rt_object_detach  object.o
    0x0802ef94   0x0802ef94   0x00000052   Code   RO         7852    i.rt_object_find    object.o
    0x0802efe6   0x0802efe6   0x00000002   PAD
    0x0802efe8   0x0802efe8   0x00000028   Code   RO         7853    i.rt_object_get_information  object.o
    0x0802f010   0x0802f010   0x00000056   Code   RO         7857    i.rt_object_init    object.o
    0x0802f066   0x0802f066   0x00000012   Code   RO         7858    i.rt_object_is_systemobject  object.o
    0x0802f078   0x0802f078   0x00000010   Code   RO         8249    i.rt_os_tick_callback  board.o
    0x0802f088   0x0802f088   0x00000084   Code   RO         7938    i.rt_schedule       scheduler.o
    0x0802f10c   0x0802f10c   0x00000050   Code   RO         7939    i.rt_schedule_insert_thread  scheduler.o
    0x0802f15c   0x0802f15c   0x00000054   Code   RO         7940    i.rt_schedule_remove_thread  scheduler.o
    0x0802f1b0   0x0802f1b0   0x0000002a   Code   RO         7278    i.rt_sem_create     ipc.o
    0x0802f1da   0x0802f1da   0x00000026   Code   RO         7281    i.rt_sem_init       ipc.o
    0x0802f200   0x0802f200   0x00000052   Code   RO         7282    i.rt_sem_release    ipc.o
    0x0802f252   0x0802f252   0x00000074   Code   RO         7283    i.rt_sem_take       ipc.o
    0x0802f2c6   0x0802f2c6   0x00000002   PAD
    0x0802f2c8   0x0802f2c8   0x00000028   Code   RO         7559    i.rt_set_errno      kservice.o
    0x0802f2f0   0x0802f2f0   0x000000b0   Code   RO         7560    i.rt_show_version   kservice.o
    0x0802f3a0   0x0802f3a0   0x00000028   Code   RO         7567    i.rt_strncmp        kservice.o
    0x0802f3c8   0x0802f3c8   0x00000034   Code   RO         7568    i.rt_strncpy        kservice.o
    0x0802f3fc   0x0802f3fc   0x000000f8   Code   RO         7740    i.rt_system_heap_init  mem.o
    0x0802f4f4   0x0802f4f4   0x0000004c   Code   RO         7941    i.rt_system_scheduler_init  scheduler.o
    0x0802f540   0x0802f540   0x00000030   Code   RO         7942    i.rt_system_scheduler_start  scheduler.o
    0x0802f570   0x0802f570   0x0000001c   Code   RO         8139    i.rt_system_timer_init  timer.o
    0x0802f58c   0x0802f58c   0x00000002   Code   RO         8140    i.rt_system_timer_thread_init  timer.o
    0x0802f58e   0x0802f58e   0x00000088   Code   RO         8005    i.rt_thread_control  thread.o
    0x0802f616   0x0802f616   0x00000050   Code   RO         8006    i.rt_thread_create  thread.o
    0x0802f666   0x0802f666   0x0000000c   Code   RO         8007    i.rt_thread_delay   thread.o
    0x0802f672   0x0802f672   0x00000002   PAD
    0x0802f674   0x0802f674   0x00000058   Code   RO         8009    i.rt_thread_delete  thread.o
    0x0802f6cc   0x0802f6cc   0x00000068   Code   RO         8010    i.rt_thread_detach  thread.o
    0x0802f734   0x0802f734   0x00000058   Code   RO         8011    i.rt_thread_exit    thread.o
    0x0802f78c   0x0802f78c   0x00000008   Code   RO         7204    i.rt_thread_idle_entry  idle.o
    0x0802f794   0x0802f794   0x00000060   Code   RO         7205    i.rt_thread_idle_excute  idle.o
    0x0802f7f4   0x0802f7f4   0x0000003c   Code   RO         7207    i.rt_thread_idle_init  idle.o
    0x0802f830   0x0802f830   0x00000034   Code   RO         8013    i.rt_thread_init    thread.o
    0x0802f864   0x0802f864   0x00000014   Code   RO         8014    i.rt_thread_mdelay  thread.o
    0x0802f878   0x0802f878   0x0000003c   Code   RO         8015    i.rt_thread_resume  thread.o
    0x0802f8b4   0x0802f8b4   0x0000000c   Code   RO         8016    i.rt_thread_self    thread.o
    0x0802f8c0   0x0802f8c0   0x00000044   Code   RO         8017    i.rt_thread_sleep   thread.o
    0x0802f904   0x0802f904   0x0000002c   Code   RO         8018    i.rt_thread_startup  thread.o
    0x0802f930   0x0802f930   0x00000044   Code   RO         8019    i.rt_thread_suspend  thread.o
    0x0802f974   0x0802f974   0x00000020   Code   RO         8020    i.rt_thread_timeout  thread.o
    0x0802f994   0x0802f994   0x00000064   Code   RO         8021    i.rt_thread_yield   thread.o
    0x0802f9f8   0x0802f9f8   0x00000038   Code   RO         7099    i.rt_tick_from_millisecond  clock.o
    0x0802fa30   0x0802fa30   0x0000000c   Code   RO         7100    i.rt_tick_get       clock.o
    0x0802fa3c   0x0802fa3c   0x00000030   Code   RO         7101    i.rt_tick_increase  clock.o
    0x0802fa6c   0x0802fa6c   0x000000a4   Code   RO         8141    i.rt_timer_check    timer.o
    0x0802fb10   0x0802fb10   0x00000062   Code   RO         8142    i.rt_timer_control  timer.o
    0x0802fb72   0x0802fb72   0x00000028   Code   RO         8145    i.rt_timer_detach   timer.o
    0x0802fb9a   0x0802fb9a   0x0000002e   Code   RO         8146    i.rt_timer_init     timer.o
    0x0802fbc8   0x0802fbc8   0x000000ec   Code   RO         8149    i.rt_timer_start    timer.o
    0x0802fcb4   0x0802fcb4   0x00000030   Code   RO         8150    i.rt_timer_stop     timer.o
    0x0802fce4   0x0802fce4   0x00000340   Code   RO         7571    i.rt_vsnprintf      kservice.o
    0x08030024   0x08030024   0x00000004   Code   RO         7141    i.rti_board_end     components.o
    0x08030028   0x08030028   0x00000004   Code   RO         7142    i.rti_board_start   components.o
    0x0803002c   0x0803002c   0x00000004   Code   RO         7143    i.rti_end           components.o
    0x08030030   0x08030030   0x00000004   Code   RO         7144    i.rti_start         components.o
    0x08030034   0x08030034   0x0000002a   Code   RO         7145    i.rtthread_startup  components.o
    0x0803005e   0x0803005e   0x00000002   PAD
    0x08030060   0x08030060   0x00000dde   Code   RO         4266    i.set_fpga_mode     app_fpga.o
    0x08030e3e   0x08030e3e   0x00000002   PAD
    0x08030e40   0x08030e40   0x00000038   Code   RO         6940    i.shell_auto_complete  shell.o
    0x08030e78   0x08030e78   0x00000030   Code   RO         6736    i.show_wait_queue   cmd.o
    0x08030ea8   0x08030ea8   0x00000026   Code   RO         7573    i.skip_atoi         kservice.o
    0x08030ece   0x08030ece   0x00000020   Code   RO         6859    i.str_common        msh.o
    0x08030eee   0x08030eee   0x0000000a   Code   RO         8250    i.uart_init         board.o
    0x08030ef8   0x08030ef8   0x000000e8   Code   RO         7047    i.usage_fault_track  cpuport.o
    0x08030fe0   0x08030fe0   0x0000000a   Code   RO         6737    i.version           cmd.o
    0x08030fea   0x08030fea   0x00000002   PAD
    0x08030fec   0x08030fec   0x000000a4   Code   RO         4267    i.write_fpga_mode   app_fpga.o
    0x08031090   0x08031090   0x0000001e   Code   RO          598    i.write_reg         bsp_gm5351a.o
    0x080310ae   0x080310ae   0x00000002   PAD
    0x080310b0   0x080310b0   0x00000018   Data   RO          362    .constdata          bsp.o
    0x080310c8   0x080310c8   0x00000084   Data   RO          437    .constdata          bsp_led.o
    0x0803114c   0x0803114c   0x00000004   Data   RO          527    .constdata          bsp_swdebug.o
    0x08031150   0x08031150   0x00000008   Data   RO          557    .constdata          bsp_systemclock.o
    0x08031158   0x08031158   0x0000007c   Data   RO          599    .constdata          bsp_gm5351a.o
    0x080311d4   0x080311d4   0x00000030   Data   RO          651    .constdata          bsp_usart.o
    0x08031204   0x08031204   0x00000190   Data   RO          769    .constdata          bsp_gsv2011.o
    0x08031394   0x08031394   0x00000058   Data   RO         1175    .constdata          bsp_spi.o
    0x080313ec   0x080313ec   0x00000080   Data   RO         1215    .constdata          bsp_fpga.o
    0x0803146c   0x0803146c   0x00000018   Data   RO         1272    .constdata          bsp_nec.o
    0x08031484   0x08031484   0x0000000c   Data   RO         1312    .constdata          bsp_flash.o
    0x08031490   0x08031490   0x00000058   Data   RO         1363    .constdata          bsp_key.o
    0x080314e8   0x080314e8   0x00000014   Data   RO         1411    .constdata          bsp_soft_usart.o
    0x080314fc   0x080314fc   0x00000021   Data   RO         1550    .constdata          segger_rtt.o
    0x0803151d   0x0803151d   0x00000003   PAD
    0x08031520   0x08031520   0x00000128   Data   RO         1781    .constdata          av_common.o
    0x08031648   0x08031648   0x00000117   Data   RO         1823    .constdata          av_edid_manage.o
    0x0803175f   0x0803175f   0x00000001   PAD
    0x08031760   0x08031760   0x000005e8   Data   RO         3122    .constdata          gsv2k11.o
    0x08031d48   0x08031d48   0x000002a0   Data   RO         4034    .constdata          app_gsv2011.o
    0x08031fe8   0x08031fe8   0x0000000c   Data   RO         4111    .constdata          app_usart.o
    0x08031ff4   0x08031ff4   0x0000000c   Data   RO         4165    .constdata          app_nec.o
    0x08032000   0x08032000   0x0000000c   Data   RO         4221    .constdata          app_flash.o
    0x0803200c   0x0803200c   0x00000004   PAD
    0x08032010   0x08032010   0x000001a9   Data   RO         4269    .constdata          app_fpga.o
    0x080321b9   0x080321b9   0x00000003   PAD
    0x080321bc   0x080321bc   0x0000000c   Data   RO         4369    .constdata          app_key.o
    0x080321c8   0x080321c8   0x0000000c   Data   RO         4407    .constdata          app_led.o
    0x080321d4   0x080321d4   0x0000000c   Data   RO         4457    .constdata          app_soft_usart.o
    0x080321e0   0x080321e0   0x00000040   Data   RO         5330    .constdata          n32g45x_rcc.o
    0x08032220   0x08032220   0x00000010   Data   RO         6590    .constdata          system_n32g45x.o
    0x08032230   0x08032230   0x00000058   Data   RO         6738    .constdata          cmd.o
    0x08032288   0x08032288   0x00000122   Data   RO         7575    .constdata          kservice.o
    0x080323aa   0x080323aa   0x00000002   PAD
    0x080323ac   0x080323ac   0x00000051   Data   RO         2014    .conststring        av_event_handler.o
    0x080323fd   0x080323fd   0x00000003   PAD
    0x08032400   0x08032400   0x000000f1   Data   RO         3123    .conststring        gsv2k11.o
    0x080324f1   0x080324f1   0x00000003   PAD
    0x080324f4   0x080324f4   0x00000044   Data   RO         3959    .conststring        uapi.o
    0x08032538   0x08032538   0x0000017d   Data   RO         6739    .conststring        cmd.o
    0x080326b5   0x080326b5   0x0000032f   Data   RO         6740    .rodata.name        cmd.o
    0x080329e4   0x080329e4   0x00000076   Data   RO         6860    .rodata.name        msh.o
    0x08032a5a   0x08032a5a   0x00000027   Data   RO         7743    .rodata.name        mem.o
    0x08032a81   0x08032a81   0x00000003   PAD
    0x08032a84   0x08032a84   0x00000004   Data   RO         7146    .rti_fn.0           components.o
    0x08032a88   0x08032a88   0x00000004   Data   RO         7147    .rti_fn.0.end       components.o
    0x08032a8c   0x08032a8c   0x00000004   Data   RO         8252    .rti_fn.1           board.o
    0x08032a90   0x08032a90   0x00000004   Data   RO         7148    .rti_fn.1.end       components.o
    0x08032a94   0x08032a94   0x00000004   Data   RO         6943    .rti_fn.6           shell.o
    0x08032a98   0x08032a98   0x00000004   Data   RO         7149    .rti_fn.6.end       components.o
    0x08032a9c   0x08032a9c   0x00000108   Data   RO         6741    FSymTab             cmd.o
    0x08032ba4   0x08032ba4   0x00000024   Data   RO         6861    FSymTab             msh.o
    0x08032bc8   0x08032bc8   0x0000000c   Data   RO         7744    FSymTab             mem.o
    0x08032bd4   0x08032bd4   0x00000020   Data   RO         8670    Region$$Table       anon$$obj.o


    Execution Region RW_IRAM1 (Exec base: 0x20000000, Load base: 0x08032bf4, Size: 0x0001fca0, Max: 0x00024000, ABSOLUTE, COMPRESSED[0x000000a0])

    Exec Addr    Load Addr    Size         Type   Attr      Idx    E Section Name        Object

    0x20000000   COMPRESSED   0x00000025   Data   RW          438    .data               bsp_led.o
    0x20000025   COMPRESSED   0x0000004a   Data   RW          600    .data               bsp_gm5351a.o
    0x2000006f   COMPRESSED   0x00000001   PAD
    0x20000070   COMPRESSED   0x00000004   Data   RW          652    .data               bsp_usart.o
    0x20000074   COMPRESSED   0x00000005   Data   RW         1216    .data               bsp_fpga.o
    0x20000079   COMPRESSED   0x00000003   PAD
    0x2000007c   COMPRESSED   0x00000004   Data   RW         1273    .data               bsp_nec.o
    0x20000080   COMPRESSED   0x0000000a   Data   RW         1313    .data               bsp_flash.o
    0x2000008a   COMPRESSED   0x00000002   PAD
    0x2000008c   COMPRESSED   0x00000019   Data   RW         1412    .data               bsp_soft_usart.o
    0x200000a5   COMPRESSED   0x00000001   Data   RW         1551    .data               segger_rtt.o
    0x200000a6   COMPRESSED   0x00000002   PAD
    0x200000a8   COMPRESSED   0x00000018   Data   RW         4035    .data               app_gsv2011.o
    0x200000c0   COMPRESSED   0x00000018   Data   RW         4112    .data               app_usart.o
    0x200000d8   COMPRESSED   0x00000014   Data   RW         4166    .data               app_nec.o
    0x200000ec   COMPRESSED   0x00000011   Data   RW         4222    .data               app_flash.o
    0x200000fd   COMPRESSED   0x00000003   PAD
    0x20000100   COMPRESSED   0x00000028   Data   RW         4270    .data               app_fpga.o
    0x20000128   COMPRESSED   0x0000000c   Data   RW         4370    .data               app_key.o
    0x20000134   COMPRESSED   0x00000010   Data   RW         4408    .data               app_led.o
    0x20000144   COMPRESSED   0x00000018   Data   RW         4458    .data               app_soft_usart.o
    0x2000015c   COMPRESSED   0x00000004   Data   RW         6591    .data               system_n32g45x.o
    0x20000160   COMPRESSED   0x00000018   Data   RW         6942    .data               shell.o
    0x20000178   COMPRESSED   0x00000010   Data   RW         7048    .data               cpuport.o
    0x20000188   COMPRESSED   0x00000004   Data   RW         7103    .data               clock.o
    0x2000018c   COMPRESSED   0x00000001   Data   RW         7520    .data               irq.o
    0x2000018d   COMPRESSED   0x00000003   PAD
    0x20000190   COMPRESSED   0x00000008   Data   RW         7576    .data               kservice.o
    0x20000198   COMPRESSED   0x00000018   Data   RW         7742    .data               mem.o
    0x200001b0   COMPRESSED   0x00000090   Data   RW         7860    .data               object.o
    0x20000240   COMPRESSED   0x00000018   Data   RW         7944    .data               scheduler.o
    0x20000258   COMPRESSED   0x0000000c   Data   RW         8151    .data               timer.o
    0x20000264   COMPRESSED   0x00000004   Data   RW         8651    .data               mc_w.l(mvars.o)
    0x20000268   COMPRESSED   0x00000004   Data   RW         8652    .data               mc_w.l(mvars.o)
    0x2000026c        -       0x00000040   Zero   RW          361    .bss                bsp.o
    0x200002ac        -       0x00000200   Zero   RW         1214    .bss                bsp_fpga.o
    0x200004ac        -       0x000000a4   Zero   RW         1410    .bss                bsp_soft_usart.o
    0x20000550        -       0x000020b8   Zero   RW         1549    .bss                segger_rtt.o
    0x20002608        -       0x000022d8   Zero   RW         4033    .bss                app_gsv2011.o
    0x200048e0        -       0x0000006c   Zero   RW         4110    .bss                app_usart.o
    0x2000494c        -       0x00000090   Zero   RW         4164    .bss                app_nec.o
    0x200049dc        -       0x00000010   Zero   RW         4368    .bss                app_key.o
    0x200049ec        -       0x00000010   Zero   RW         4406    .bss                app_led.o
    0x200049fc        -       0x00000401   Zero   RW         6941    .bss                shell.o
    0x20004dfd   COMPRESSED   0x00000003   PAD
    0x20004e00        -       0x00000180   Zero   RW         7208    .bss                idle.o
    0x20004f80        -       0x00000400   Zero   RW         7574    .bss                kservice.o
    0x20005380        -       0x00000020   Zero   RW         7741    .bss                mem.o
    0x200053a0        -       0x00000100   Zero   RW         7943    .bss                scheduler.o
    0x200054a0        -       0x00019000   Zero   RW         8251    .bss                board.o
    0x2001e4a0        -       0x00000300   Zero   RW         6577    HEAP                startup_n32g45x.o
    0x2001e7a0        -       0x00001500   Zero   RW         6576    STACK               startup_n32g45x.o


==============================================================================

Image component sizes


      Code (inc. data)   RO Data    RW Data    ZI Data      Debug   Object Name

       452         86         12         17          0       4928   app_flash.o
      5254        386        425         40          0      13771   app_fpga.o
      1160        196        672         24       8920      10638   app_gsv2011.o
       400         50         12         12         16       3334   app_key.o
       532         74         12         16         16       3510   app_led.o
      2218        248         12         20        144       6659   app_nec.o
      1230        204         12         24          0      10257   app_soft_usart.o
      1332        338         12         24        108       6518   app_usart.o
         0          0        296          0          0      15897   av_common.o
     11302        104        279          0          0      45409   av_edid_manage.o
      3904        422         81          0          0       9449   av_event_handler.o
         6          0          0          0          0       1541   av_key_cmd.o
      2396        922          0          0          0       3324   av_main.o
       112         20          4          0     102400       3612   board.o
       612         26         24          0         64       5955   bsp.o
       690         62         12         10          0       5372   bsp_flash.o
       898        100        128          5        512       6524   bsp_fpga.o
      7404        800        124         74          0       7229   bsp_gm5351a.o
      5052        438        400          0          0      66262   bsp_gsv2011.o
       176         42         88          0          0       2026   bsp_key.o
       540        136        132         37          0       9321   bsp_led.o
       264         26         24          4          0       1858   bsp_nec.o
      1582        246         20         25        164      40872   bsp_soft_usart.o
       364         40         88          0          0       2110   bsp_spi.o
        24          4          4          0          0        970   bsp_swdebug.o
       392         16          8          0          0      32629   bsp_systemclock.o
       232         28         48          4          0       2598   bsp_usart.o
       116         12          0          4          0       2024   clock.o
      3500       1232       1548          0          0      24062   cmd.o
       186         30         16          0          0       6820   components.o
       308         28          0          0          0        936   context_rvds.o
      1480        738          0         16          0       6978   cpuport.o
       380         58          0          0          0       4795   device.o
        34          0          0          0          0        540   finsh_port.o
     41496       3572       1753          0          0      82583   gsv2k11.o
       774          0          0          0          0       7955   hal.o
       164         26          0          0        384       5558   idle.o
       214         14          0          0          0       3320   interrupt.o
      2142          0          0          0          0      19859   ipc.o
        92         18          0          1          0       2502   irq.o
      2006         70          0          0          0       8950   kapi.o
      1640        986          0          0          0       3356   kapi_debug_info.o
      2026         22          0          0          0       5795   kernel_fsm.o
      1140         34          0          0          0       7737   kernel_status_update.o
      2048        180        290          8       1024      12933   kservice.o
       108         36          0          0          0     392907   main.o
      1110        310         51         24         32       5927   mem.o
       132         22          0          0          0       2043   misc.o
       898        162        154          0          0       9756   msh.o
       592          8          0          0          0       7513   n32g45x_dma.o
       200         18          0          0          0       2761   n32g45x_exti.o
       374         44          0          0          0       5768   n32g45x_flash.o
       966         14          0          0          0       8273   n32g45x_gpio.o
       640         46          0          0          0       9534   n32g45x_i2c.o
       776        110         64          0          0      15373   n32g45x_rcc.o
       230          0          0          0          0       7814   n32g45x_spi.o
      1264        132          0          0          0      14783   n32g45x_tim.o
       470         12          0          0          0       8166   n32g45x_usart.o
       408          4          0        144          0      10117   object.o
       526         90          0         24        256       9398   scheduler.o
      1112         60         33          1       8376      14572   segger_rtt.o
      1628        204          4         24       1025      13735   shell.o
        36          8        408          0       6144        828   startup_n32g45x.o
       724        108         16          4          0       3397   system_n32g45x.o
      1156         48          0          0          0      16904   thread.o
       810         24          0         12          0      12964   timer.o
       380         92         68          0          0      23583   uapi.o
      7576        496          0          0          0      40611   uapi_function_mapper.o

    ----------------------------------------------------------------------
    130490      14082       7388        612     129588    1166003   Object Totals
         0          0         32          0          0          0   (incl. Generated)
       100          0         22         14          3          0   (incl. Padding)

    ----------------------------------------------------------------------

      Code (inc. data)   RO Data    RW Data    ZI Data      Debug   Library Member Name

        86          0          0          0          0          0   __dczerorl2.o
         0          0          0          0          0          0   entry.o
         0          0          0          0          0          0   entry10a.o
         0          0          0          0          0          0   entry11a.o
         4          0          0          0          0          0   entry12b.o
         8          4          0          0          0          0   entry2.o
         4          0          0          0          0          0   entry5.o
         0          0          0          0          0          0   entry7b.o
         0          0          0          0          0          0   entry8b.o
         8          4          0          0          0          0   entry9a.o
        30          0          0          0          0          0   handlers.o
        36          8          0          0          0         68   init.o
         0          0          0          0          0          0   iusefp.o
        30          0          0          0          0         68   llshl.o
        36          0          0          0          0         68   llsshr.o
        32          0          0          0          0         68   llushr.o
       188         20          0          0          0        160   malloc.o
        26          0          0          0          0         80   memcmp.o
        36          0          0          0          0         68   memcpya.o
        36          0          0          0          0        108   memseta.o
         0          0          0          8          0          0   mvars.o
      2272         92          0          0          0        612   printfa.o
        24          0          0          0          0         68   strcat.o
        18          0          0          0          0         68   strcpy.o
        14          0          0          0          0         68   strlen.o
        30          0          0          0          0         80   strncmp.o
        24          0          0          0          0         76   strncpy.o
        44          0          0          0          0         80   uidiv.o
        98          0          0          0          0         92   uldiv.o
        48          0          0          0          0         68   cdcmple.o
        48          0          0          0          0         68   cdrcmple.o
        56          0          0          0          0         88   d2f.o
       334          0          0          0          0        148   dadd.o
       222          0          0          0          0        100   ddiv.o
       186          0          0          0          0        176   depilogue.o
        50          0          0          0          0         76   dfixui.o
        48          0          0          0          0         68   dfixul.o
        26          0          0          0          0         76   dfltui.o
       228          0          0          0          0         96   dmul.o
       110          0          0          0          0        168   fepilogue.o

    ----------------------------------------------------------------------
      4446        128          0          8          0       2964   Library Totals
         6          0          0          0          0          0   (incl. Padding)

    ----------------------------------------------------------------------

      Code (inc. data)   RO Data    RW Data    ZI Data      Debug   Library Name

      3084        128          0          8          0       1832   mc_w.l
      1356          0          0          0          0       1132   mf_w.l

    ----------------------------------------------------------------------
      4446        128          0          8          0       2964   Library Totals

    ----------------------------------------------------------------------

==============================================================================


      Code (inc. data)   RO Data    RW Data    ZI Data      Debug   

    134936      14210       7388        620     129588    1096839   Grand Totals
    134936      14210       7388        160     129588    1096839   ELF Image Totals (compressed)
    134936      14210       7388        160          0          0   ROM Totals

==============================================================================

    Total RO  Size (Code + RO Data)               142324 ( 138.99kB)
    Total RW  Size (RW Data + ZI Data)            130208 ( 127.16kB)
    Total ROM Size (Code + RO Data + RW Data)     142484 ( 139.14kB)

==============================================================================

