<!doctype html public "-//w3c//dtd html 4.0 transitional//en">
<html><head>
<title>Static Call Graph - [.\Objects\a.axf]</title></head>
<body><HR>
<H1>Static Call Graph for image .\Objects\a.axf</H1><HR>
<BR><P>#&#060CALLGRAPH&#062# ARM Linker, 5060960: Last Updated: Mon Jul 06 11:41:37 2026
<BR><P>
<H3>Maximum Stack Usage =       2128 bytes + Unknown(Cycles, Untraceable Function Pointers)</H3><H3>
Call chain for Maximum Stack Depth:</H3>
function_thread0 &rArr; GsvMain &rArr; AvApiUpdate &rArr; AvFsmFunPlugTxFsm &rArr; KfunCecUpdateFromEdid &rArr; KfunTxUseDefaultEdid &rArr; AvHandleEvent &rArr; AvEdidPortManage &rArr; KfunTxReadEdid &rArr; AvUapiTxReadEdid &rArr; AvUapiTxGetSinkHdcpCapability &rArr; AvUapiOuputDbgMsg &rArr; vsprintf
<P>
<H3>
Mutually Recursive functions
</H3> <LI><a href="#[9]">NMI_Handler</a>&nbsp;&nbsp;&nbsp;&rArr;&nbsp;&nbsp;&nbsp;<a href="#[9]">NMI_Handler</a><BR>
 <LI><a href="#[b]">MemManage_Handler</a>&nbsp;&nbsp;&nbsp;&rArr;&nbsp;&nbsp;&nbsp;<a href="#[b]">MemManage_Handler</a><BR>
 <LI><a href="#[c]">BusFault_Handler</a>&nbsp;&nbsp;&nbsp;&rArr;&nbsp;&nbsp;&nbsp;<a href="#[c]">BusFault_Handler</a><BR>
 <LI><a href="#[d]">UsageFault_Handler</a>&nbsp;&nbsp;&nbsp;&rArr;&nbsp;&nbsp;&nbsp;<a href="#[d]">UsageFault_Handler</a><BR>
 <LI><a href="#[e]">SVC_Handler</a>&nbsp;&nbsp;&nbsp;&rArr;&nbsp;&nbsp;&nbsp;<a href="#[e]">SVC_Handler</a><BR>
 <LI><a href="#[f]">DebugMon_Handler</a>&nbsp;&nbsp;&nbsp;&rArr;&nbsp;&nbsp;&nbsp;<a href="#[f]">DebugMon_Handler</a><BR>
 <LI><a href="#[24]">ADC1_2_IRQHandler</a>&nbsp;&nbsp;&nbsp;&rArr;&nbsp;&nbsp;&nbsp;<a href="#[24]">ADC1_2_IRQHandler</a><BR>
 <LI><a href="#[154]">KfunFindVideoNextTxEnd</a>&nbsp;&nbsp;&nbsp;&rArr;&nbsp;&nbsp;&nbsp;<a href="#[154]">KfunFindVideoNextTxEnd</a><BR>
 <LI><a href="#[185]">KfunFindAudioNextTxEnd</a>&nbsp;&nbsp;&nbsp;&rArr;&nbsp;&nbsp;&nbsp;<a href="#[185]">KfunFindAudioNextTxEnd</a><BR>
 <LI><a href="#[253]">KfunFindVideoNextNode</a>&nbsp;&nbsp;&nbsp;&rArr;&nbsp;&nbsp;&nbsp;<a href="#[253]">KfunFindVideoNextNode</a><BR>
 <LI><a href="#[23b]">pow</a>&nbsp;&nbsp;&nbsp;&rArr;&nbsp;&nbsp;&nbsp;<a href="#[23b]">pow</a><BR>
</UL>
<P>
<H3>
Function Pointers
</H3><UL>
 <LI><a href="#[24]">ADC1_2_IRQHandler</a> from startup_n32g45x.o(.text) referenced from startup_n32g45x.o(RESET)
 <LI><a href="#[41]">ADC3_4_IRQHandler</a> from startup_n32g45x.o(.text) referenced from startup_n32g45x.o(RESET)
 <LI><a href="#[72]">APP_SOFT_USART_RxNotify</a> from app_soft_usart.o(i.APP_SOFT_USART_RxNotify) referenced from app_soft_usart.o(i.FUN_CREATE)
 <LI><a href="#[76]">AvFpKeyCommand_NULL</a> from av_main.o(i.AvFpKeyCommand_NULL) referenced from av_main.o(i.GsvMain)
 <LI><a href="#[90]">BSP_FUN_Delay_us</a> from bsp_systemclock.o(i.BSP_FUN_Delay_us) referenced from bsp_systemclock.o(.constdata)
 <LI><a href="#[75]">BspGetMilliSecond</a> from av_main.o(i.BspGetMilliSecond) referenced from av_main.o(i.GsvMain)
 <LI><a href="#[c]">BusFault_Handler</a> from startup_n32g45x.o(.text) referenced from startup_n32g45x.o(RESET)
 <LI><a href="#[27]">CAN1_RX1_IRQHandler</a> from startup_n32g45x.o(.text) referenced from startup_n32g45x.o(RESET)
 <LI><a href="#[28]">CAN1_SCE_IRQHandler</a> from startup_n32g45x.o(.text) referenced from startup_n32g45x.o(RESET)
 <LI><a href="#[52]">CAN2_RX0_IRQHandler</a> from startup_n32g45x.o(.text) referenced from startup_n32g45x.o(RESET)
 <LI><a href="#[53]">CAN2_RX1_IRQHandler</a> from startup_n32g45x.o(.text) referenced from startup_n32g45x.o(RESET)
 <LI><a href="#[54]">CAN2_SCE_IRQHandler</a> from startup_n32g45x.o(.text) referenced from startup_n32g45x.o(RESET)
 <LI><a href="#[51]">CAN2_TX_IRQHandler</a> from startup_n32g45x.o(.text) referenced from startup_n32g45x.o(RESET)
 <LI><a href="#[66]">COMP7_IRQHandler</a> from startup_n32g45x.o(.text) referenced from startup_n32g45x.o(RESET)
 <LI><a href="#[64]">COMP_1_2_3_IRQHandler</a> from startup_n32g45x.o(.text) referenced from startup_n32g45x.o(RESET)
 <LI><a href="#[65]">COMP_4_5_6_IRQHandler</a> from startup_n32g45x.o(.text) referenced from startup_n32g45x.o(RESET)
 <LI><a href="#[1d]">DMA1_Channel1_IRQHandler</a> from startup_n32g45x.o(.text) referenced from startup_n32g45x.o(RESET)
 <LI><a href="#[1e]">DMA1_Channel2_IRQHandler</a> from startup_n32g45x.o(.text) referenced from startup_n32g45x.o(RESET)
 <LI><a href="#[1f]">DMA1_Channel3_IRQHandler</a> from interrupt.o(i.DMA1_Channel3_IRQHandler) referenced from startup_n32g45x.o(RESET)
 <LI><a href="#[20]">DMA1_Channel4_IRQHandler</a> from startup_n32g45x.o(.text) referenced from startup_n32g45x.o(RESET)
 <LI><a href="#[21]">DMA1_Channel5_IRQHandler</a> from startup_n32g45x.o(.text) referenced from startup_n32g45x.o(RESET)
 <LI><a href="#[22]">DMA1_Channel6_IRQHandler</a> from startup_n32g45x.o(.text) referenced from startup_n32g45x.o(RESET)
 <LI><a href="#[23]">DMA1_Channel7_IRQHandler</a> from startup_n32g45x.o(.text) referenced from startup_n32g45x.o(RESET)
 <LI><a href="#[5e]">DMA1_Channel8_IRQHandler</a> from startup_n32g45x.o(.text) referenced from startup_n32g45x.o(RESET)
 <LI><a href="#[4a]">DMA2_Channel1_IRQHandler</a> from startup_n32g45x.o(.text) referenced from startup_n32g45x.o(RESET)
 <LI><a href="#[4b]">DMA2_Channel2_IRQHandler</a> from startup_n32g45x.o(.text) referenced from startup_n32g45x.o(RESET)
 <LI><a href="#[4c]">DMA2_Channel3_IRQHandler</a> from startup_n32g45x.o(.text) referenced from startup_n32g45x.o(RESET)
 <LI><a href="#[4d]">DMA2_Channel4_IRQHandler</a> from startup_n32g45x.o(.text) referenced from startup_n32g45x.o(RESET)
 <LI><a href="#[4e]">DMA2_Channel5_IRQHandler</a> from startup_n32g45x.o(.text) referenced from startup_n32g45x.o(RESET)
 <LI><a href="#[56]">DMA2_Channel6_IRQHandler</a> from startup_n32g45x.o(.text) referenced from startup_n32g45x.o(RESET)
 <LI><a href="#[57]">DMA2_Channel7_IRQHandler</a> from startup_n32g45x.o(.text) referenced from startup_n32g45x.o(RESET)
 <LI><a href="#[5f]">DMA2_Channel8_IRQHandler</a> from startup_n32g45x.o(.text) referenced from startup_n32g45x.o(RESET)
 <LI><a href="#[60]">DVP_IRQHandler</a> from startup_n32g45x.o(.text) referenced from startup_n32g45x.o(RESET)
 <LI><a href="#[f]">DebugMon_Handler</a> from startup_n32g45x.o(.text) referenced from startup_n32g45x.o(RESET)
 <LI><a href="#[4f]">ETH_IRQHandler</a> from startup_n32g45x.o(.text) referenced from startup_n32g45x.o(RESET)
 <LI><a href="#[50]">ETH_WKUP_IRQHandler</a> from startup_n32g45x.o(.text) referenced from startup_n32g45x.o(RESET)
 <LI><a href="#[18]">EXTI0_IRQHandler</a> from startup_n32g45x.o(.text) referenced from startup_n32g45x.o(RESET)
 <LI><a href="#[3a]">EXTI15_10_IRQHandler</a> from bsp_soft_usart.o(i.EXTI15_10_IRQHandler) referenced from startup_n32g45x.o(RESET)
 <LI><a href="#[19]">EXTI1_IRQHandler</a> from startup_n32g45x.o(.text) referenced from startup_n32g45x.o(RESET)
 <LI><a href="#[1a]">EXTI2_IRQHandler</a> from startup_n32g45x.o(.text) referenced from startup_n32g45x.o(RESET)
 <LI><a href="#[1b]">EXTI3_IRQHandler</a> from startup_n32g45x.o(.text) referenced from startup_n32g45x.o(RESET)
 <LI><a href="#[1c]">EXTI4_IRQHandler</a> from startup_n32g45x.o(.text) referenced from startup_n32g45x.o(RESET)
 <LI><a href="#[29]">EXTI9_5_IRQHandler</a> from startup_n32g45x.o(.text) referenced from startup_n32g45x.o(RESET)
 <LI><a href="#[16]">FLASH_IRQHandler</a> from startup_n32g45x.o(.text) referenced from startup_n32g45x.o(RESET)
 <LI><a href="#[b1]">FPGA_CFG_DONE</a> from bsp_fpga.o(i.FPGA_CFG_DONE) referenced from bsp_fpga.o(.constdata)
 <LI><a href="#[b0]">FPGA_init</a> from bsp_fpga.o(i.FPGA_init) referenced from bsp_fpga.o(.constdata)
 <LI><a href="#[c3]">FUN_CREATE</a> from app_usart.o(i.FUN_CREATE) referenced 7 times from app_usart.o(.constdata)
 <LI><a href="#[bd]">FUN_CREATE0</a> from app_gsv2011.o(i.FUN_CREATE0) referenced from app_gsv2011.o(.constdata)
 <LI><a href="#[c5]">FUN_EVENT</a> from app_usart.o(i.FUN_EVENT) referenced 7 times from app_usart.o(.constdata)
 <LI><a href="#[b3]">FUN_FLASH_Init</a> from bsp_flash.o(i.FUN_FLASH_Init) referenced from bsp_flash.o(.constdata)
 <LI><a href="#[b5]">FUN_FLASH_Read</a> from bsp_flash.o(i.FUN_FLASH_Read) referenced from bsp_flash.o(.constdata)
 <LI><a href="#[b4]">FUN_FLASH_Write</a> from bsp_flash.o(i.FUN_FLASH_Write) referenced from bsp_flash.o(.constdata)
 <LI><a href="#[91]">FUN_GM5351A_Init</a> from bsp_gm5351a.o(i.FUN_GM5351A_Init) referenced from bsp_gm5351a.o(.constdata)
 <LI><a href="#[92]">FUN_GM5351A_Set</a> from bsp_gm5351a.o(i.FUN_GM5351A_Set) referenced from bsp_gm5351a.o(.constdata)
 <LI><a href="#[82]">FUN_GPIO_DeInit</a> from bsp.o(i.FUN_GPIO_DeInit) referenced from bsp.o(.constdata)
 <LI><a href="#[81]">FUN_GPIO_Init</a> from bsp.o(i.FUN_GPIO_Init) referenced from bsp.o(.constdata)
 <LI><a href="#[86]">FUN_GPIO_Read</a> from bsp.o(i.FUN_GPIO_Read) referenced from bsp.o(.constdata)
 <LI><a href="#[84]">FUN_GPIO_Reset</a> from bsp.o(i.FUN_GPIO_Reset) referenced from bsp.o(.constdata)
 <LI><a href="#[83]">FUN_GPIO_Set</a> from bsp.o(i.FUN_GPIO_Set) referenced from bsp.o(.constdata)
 <LI><a href="#[85]">FUN_GPIO_Toggle</a> from bsp.o(i.FUN_GPIO_Toggle) referenced from bsp.o(.constdata)
 <LI><a href="#[96]">FUN_I2cRead</a> from bsp_gsv2011.o(i.FUN_I2cRead) referenced from bsp_gsv2011.o(.constdata)
 <LI><a href="#[9f]">FUN_I2cRead_1</a> from bsp_gsv2011.o(i.FUN_I2cRead_1) referenced from bsp_gsv2011.o(.constdata)
 <LI><a href="#[a3]">FUN_I2cRead_2</a> from bsp_gsv2011.o(i.FUN_I2cRead_2) referenced from bsp_gsv2011.o(.constdata)
 <LI><a href="#[a7]">FUN_I2cRead_3</a> from bsp_gsv2011.o(i.FUN_I2cRead_3) referenced from bsp_gsv2011.o(.constdata)
 <LI><a href="#[ab]">FUN_I2cRead_4</a> from bsp_gsv2011.o(i.FUN_I2cRead_4) referenced from bsp_gsv2011.o(.constdata)
 <LI><a href="#[97]">FUN_I2cWrite</a> from bsp_gsv2011.o(i.FUN_I2cWrite) referenced from bsp_gsv2011.o(.constdata)
 <LI><a href="#[a0]">FUN_I2cWrite_1</a> from bsp_gsv2011.o(i.FUN_I2cWrite_1) referenced from bsp_gsv2011.o(.constdata)
 <LI><a href="#[a4]">FUN_I2cWrite_2</a> from bsp_gsv2011.o(i.FUN_I2cWrite_2) referenced from bsp_gsv2011.o(.constdata)
 <LI><a href="#[a8]">FUN_I2cWrite_3</a> from bsp_gsv2011.o(i.FUN_I2cWrite_3) referenced from bsp_gsv2011.o(.constdata)
 <LI><a href="#[ac]">FUN_I2cWrite_4</a> from bsp_gsv2011.o(i.FUN_I2cWrite_4) referenced from bsp_gsv2011.o(.constdata)
 <LI><a href="#[95]">FUN_Init</a> from bsp_gsv2011.o(i.FUN_Init) referenced from bsp_gsv2011.o(.constdata)
 <LI><a href="#[9e]">FUN_Init1</a> from bsp_gsv2011.o(i.FUN_Init1) referenced from bsp_gsv2011.o(.constdata)
 <LI><a href="#[a2]">FUN_Init2</a> from bsp_gsv2011.o(i.FUN_Init2) referenced from bsp_gsv2011.o(.constdata)
 <LI><a href="#[a6]">FUN_Init3</a> from bsp_gsv2011.o(i.FUN_Init3) referenced from bsp_gsv2011.o(.constdata)
 <LI><a href="#[aa]">FUN_Init4</a> from bsp_gsv2011.o(i.FUN_Init4) referenced from bsp_gsv2011.o(.constdata)
 <LI><a href="#[b6]">FUN_KEY_Init</a> from bsp_key.o(i.FUN_KEY_Init) referenced from bsp_key.o(.constdata)
 <LI><a href="#[b7]">FUN_KEY_Read</a> from bsp_key.o(i.FUN_KEY_Read) referenced from bsp_key.o(.constdata)
 <LI><a href="#[87]">FUN_LED_Init</a> from bsp_led.o(i.FUN_LED_Init) referenced from bsp_led.o(.constdata)
 <LI><a href="#[b2]">FUN_NEC_Init</a> from bsp_nec.o(i.FUN_NEC_Init) referenced from bsp_nec.o(.constdata)
 <LI><a href="#[c4]">FUN_READ</a> from app_usart.o(i.FUN_READ) referenced 7 times from app_usart.o(.constdata)
 <LI><a href="#[9a]">FUN_RETURN_AvNotAvailable</a> from bsp_gsv2011.o(i.FUN_RETURN_AvNotAvailable) referenced 5 times from bsp_gsv2011.o(.constdata)
 <LI><a href="#[9b]">FUN_RETURN_OK</a> from bsp_gsv2011.o(i.FUN_RETURN_OK) referenced 5 times from bsp_gsv2011.o(.constdata)
 <LI><a href="#[9d]">FUN_RST_DISABLE</a> from bsp_gsv2011.o(i.FUN_RST_DISABLE) referenced 5 times from bsp_gsv2011.o(.constdata)
 <LI><a href="#[9c]">FUN_RST_ENABLE</a> from bsp_gsv2011.o(i.FUN_RST_ENABLE) referenced 5 times from bsp_gsv2011.o(.constdata)
 <LI><a href="#[b8]">FUN_SOFT_UART_Init</a> from bsp_soft_usart.o(i.FUN_SOFT_UART_Init) referenced from bsp_soft_usart.o(.constdata)
 <LI><a href="#[ba]">FUN_SOFT_UART_Poll</a> from bsp_soft_usart.o(i.FUN_SOFT_UART_Poll) referenced from bsp_soft_usart.o(.constdata)
 <LI><a href="#[bb]">FUN_SOFT_UART_Read</a> from bsp_soft_usart.o(i.FUN_SOFT_UART_Read) referenced from bsp_soft_usart.o(.constdata)
 <LI><a href="#[bc]">FUN_SOFT_UART_SetRxNotify</a> from bsp_soft_usart.o(i.FUN_SOFT_UART_SetRxNotify) referenced from bsp_soft_usart.o(.constdata)
 <LI><a href="#[8e]">FUN_SWDEBUG_Init</a> from bsp_swdebug.o(i.FUN_SWDEBUG_Init) referenced from bsp_swdebug.o(.constdata)
 <LI><a href="#[8f]">FUN_SYSTEMCLOCK_Init</a> from bsp_systemclock.o(i.FUN_SYSTEMCLOCK_Init) referenced from bsp_systemclock.o(.constdata)
 <LI><a href="#[93]">FUN_USART_Init</a> from bsp_usart.o(i.FUN_USART_Init) referenced from bsp_usart.o(.constdata)
 <LI><a href="#[94]">FUN_USART_Write</a> from bsp_usart.o(i.FUN_USART_Write) referenced from bsp_usart.o(.constdata)
 <LI><a href="#[99]">FUN_UartGetByte</a> from bsp_gsv2011.o(i.FUN_UartGetByte) referenced 5 times from bsp_gsv2011.o(.constdata)
 <LI><a href="#[98]">FUN_UartSendByte0</a> from bsp_gsv2011.o(i.FUN_UartSendByte0) referenced from bsp_gsv2011.o(.constdata)
 <LI><a href="#[a1]">FUN_UartSendByte1</a> from bsp_gsv2011.o(i.FUN_UartSendByte1) referenced from bsp_gsv2011.o(.constdata)
 <LI><a href="#[a5]">FUN_UartSendByte2</a> from bsp_gsv2011.o(i.FUN_UartSendByte2) referenced from bsp_gsv2011.o(.constdata)
 <LI><a href="#[a9]">FUN_UartSendByte3</a> from bsp_gsv2011.o(i.FUN_UartSendByte3) referenced from bsp_gsv2011.o(.constdata)
 <LI><a href="#[ad]">FUN_UartSendByte4</a> from bsp_gsv2011.o(i.FUN_UartSendByte4) referenced from bsp_gsv2011.o(.constdata)
 <LI><a href="#[be]">GSV2011_READ_MEMORY_0</a> from app_gsv2011.o(i.GSV2011_READ_MEMORY_0) referenced from app_gsv2011.o(.constdata)
 <LI><a href="#[bf]">GSV2011_READ_MEMORY_1</a> from app_gsv2011.o(i.GSV2011_READ_MEMORY_1) referenced from app_gsv2011.o(.constdata)
 <LI><a href="#[c0]">GSV2011_READ_MEMORY_2</a> from app_gsv2011.o(i.GSV2011_READ_MEMORY_2) referenced from app_gsv2011.o(.constdata)
 <LI><a href="#[c1]">GSV2011_READ_MEMORY_3</a> from app_gsv2011.o(i.GSV2011_READ_MEMORY_3) referenced from app_gsv2011.o(.constdata)
 <LI><a href="#[c2]">GSV2011_READ_MEMORY_4</a> from app_gsv2011.o(i.GSV2011_READ_MEMORY_4) referenced from app_gsv2011.o(.constdata)
 <LI><a href="#[73]">GSV2011_WRITE_MEMORY</a> from app_gsv2011.o(i.GSV2011_WRITE_MEMORY) referenced from app_gsv2011.o(i.FUN_CREATE0)
 <LI><a href="#[a]">HardFault_Handler</a> from context_rvds.o(.text) referenced from startup_n32g45x.o(RESET)
 <LI><a href="#[32]">I2C1_ER_IRQHandler</a> from startup_n32g45x.o(.text) referenced from startup_n32g45x.o(RESET)
 <LI><a href="#[31]">I2C1_EV_IRQHandler</a> from startup_n32g45x.o(.text) referenced from startup_n32g45x.o(RESET)
 <LI><a href="#[34]">I2C2_ER_IRQHandler</a> from startup_n32g45x.o(.text) referenced from startup_n32g45x.o(RESET)
 <LI><a href="#[33]">I2C2_EV_IRQHandler</a> from startup_n32g45x.o(.text) referenced from startup_n32g45x.o(RESET)
 <LI><a href="#[59]">I2C3_ER_IRQHandler</a> from startup_n32g45x.o(.text) referenced from startup_n32g45x.o(RESET)
 <LI><a href="#[58]">I2C3_EV_IRQHandler</a> from startup_n32g45x.o(.text) referenced from startup_n32g45x.o(RESET)
 <LI><a href="#[5b]">I2C4_ER_IRQHandler</a> from startup_n32g45x.o(.text) referenced from startup_n32g45x.o(RESET)
 <LI><a href="#[5a]">I2C4_EV_IRQHandler</a> from startup_n32g45x.o(.text) referenced from startup_n32g45x.o(RESET)
 <LI><a href="#[62]">MMU_IRQHandler</a> from startup_n32g45x.o(.text) referenced from startup_n32g45x.o(RESET)
 <LI><a href="#[b]">MemManage_Handler</a> from startup_n32g45x.o(.text) referenced from startup_n32g45x.o(RESET)
 <LI><a href="#[7d]">NEC_RECEIVE_DATA</a> from app_nec.o(i.NEC_RECEIVE_DATA) referenced from app_nec.o(i.function_thread)
 <LI><a href="#[9]">NMI_Handler</a> from startup_n32g45x.o(.text) referenced from startup_n32g45x.o(RESET)
 <LI><a href="#[13]">PVD_IRQHandler</a> from startup_n32g45x.o(.text) referenced from startup_n32g45x.o(RESET)
 <LI><a href="#[10]">PendSV_Handler</a> from context_rvds.o(.text) referenced from startup_n32g45x.o(RESET)
 <LI><a href="#[55]">QSPI_IRQHandler</a> from startup_n32g45x.o(.text) referenced from startup_n32g45x.o(RESET)
 <LI><a href="#[17]">RCC_IRQHandler</a> from startup_n32g45x.o(.text) referenced from startup_n32g45x.o(RESET)
 <LI><a href="#[42]">RESERVE48_IRQHandler</a> from startup_n32g45x.o(.text) referenced from startup_n32g45x.o(RESET)
 <LI><a href="#[7e]">RESET_DATA_Callback</a> from app_flash.o(i.RESET_DATA_Callback) referenced from app_flash.o(i.function_thread)
 <LI><a href="#[67]">RSRAM_IRQHandler</a> from startup_n32g45x.o(.text) referenced from startup_n32g45x.o(RESET)
 <LI><a href="#[3b]">RTCAlarm_IRQHandler</a> from startup_n32g45x.o(.text) referenced from startup_n32g45x.o(RESET)
 <LI><a href="#[15]">RTC_WKUP_IRQHandler</a> from startup_n32g45x.o(.text) referenced from startup_n32g45x.o(RESET)
 <LI><a href="#[8]">Reset_Handler</a> from startup_n32g45x.o(.text) referenced from startup_n32g45x.o(RESET)
 <LI><a href="#[61]">SAC_IRQHandler</a> from startup_n32g45x.o(.text) referenced from startup_n32g45x.o(RESET)
 <LI><a href="#[43]">SDIO_IRQHandler</a> from startup_n32g45x.o(.text) referenced from startup_n32g45x.o(RESET)
 <LI><a href="#[35]">SPI1_IRQHandler</a> from interrupt.o(i.SPI1_IRQHandler) referenced from startup_n32g45x.o(RESET)
 <LI><a href="#[36]">SPI2_IRQHandler</a> from startup_n32g45x.o(.text) referenced from startup_n32g45x.o(RESET)
 <LI><a href="#[45]">SPI3_IRQHandler</a> from startup_n32g45x.o(.text) referenced from startup_n32g45x.o(RESET)
 <LI><a href="#[ae]">SPI_Configuratio</a> from bsp_spi.o(i.SPI_Configuratio) referenced from bsp_spi.o(.constdata)
 <LI><a href="#[af]">SPI_Write</a> from bsp_spi.o(i.SPI_Write) referenced from bsp_spi.o(.constdata)
 <LI><a href="#[e]">SVC_Handler</a> from startup_n32g45x.o(.text) referenced from startup_n32g45x.o(RESET)
 <LI><a href="#[11]">SysTick_Handler</a> from interrupt.o(i.SysTick_Handler) referenced from startup_n32g45x.o(RESET)
 <LI><a href="#[69]">SystemInit</a> from system_n32g45x.o(i.SystemInit) referenced from startup_n32g45x.o(.text)
 <LI><a href="#[14]">TAMPER_IRQHandler</a> from startup_n32g45x.o(.text) referenced from startup_n32g45x.o(RESET)
 <LI><a href="#[2a]">TIM1_BRK_IRQHandler</a> from startup_n32g45x.o(.text) referenced from startup_n32g45x.o(RESET)
 <LI><a href="#[2d]">TIM1_CC_IRQHandler</a> from startup_n32g45x.o(.text) referenced from startup_n32g45x.o(RESET)
 <LI><a href="#[2c]">TIM1_TRG_COM_IRQHandler</a> from startup_n32g45x.o(.text) referenced from startup_n32g45x.o(RESET)
 <LI><a href="#[2b]">TIM1_UP_IRQHandler</a> from startup_n32g45x.o(.text) referenced from startup_n32g45x.o(RESET)
 <LI><a href="#[2e]">TIM2_IRQHandler</a> from interrupt.o(i.TIM2_IRQHandler) referenced from startup_n32g45x.o(RESET)
 <LI><a href="#[2f]">TIM3_IRQHandler</a> from bsp_soft_usart.o(i.TIM3_IRQHandler) referenced from startup_n32g45x.o(RESET)
 <LI><a href="#[30]">TIM4_IRQHandler</a> from startup_n32g45x.o(.text) referenced from startup_n32g45x.o(RESET)
 <LI><a href="#[44]">TIM5_IRQHandler</a> from startup_n32g45x.o(.text) referenced from startup_n32g45x.o(RESET)
 <LI><a href="#[48]">TIM6_IRQHandler</a> from startup_n32g45x.o(.text) referenced from startup_n32g45x.o(RESET)
 <LI><a href="#[49]">TIM7_IRQHandler</a> from startup_n32g45x.o(.text) referenced from startup_n32g45x.o(RESET)
 <LI><a href="#[3d]">TIM8_BRK_IRQHandler</a> from startup_n32g45x.o(.text) referenced from startup_n32g45x.o(RESET)
 <LI><a href="#[40]">TIM8_CC_IRQHandler</a> from startup_n32g45x.o(.text) referenced from startup_n32g45x.o(RESET)
 <LI><a href="#[3f]">TIM8_TRG_COM_IRQHandler</a> from startup_n32g45x.o(.text) referenced from startup_n32g45x.o(RESET)
 <LI><a href="#[3e]">TIM8_UP_IRQHandler</a> from startup_n32g45x.o(.text) referenced from startup_n32g45x.o(RESET)
 <LI><a href="#[63]">TSC_IRQHandler</a> from startup_n32g45x.o(.text) referenced from startup_n32g45x.o(RESET)
 <LI><a href="#[46]">UART4_IRQHandler</a> from startup_n32g45x.o(.text) referenced from startup_n32g45x.o(RESET)
 <LI><a href="#[47]">UART5_IRQHandler</a> from startup_n32g45x.o(.text) referenced from startup_n32g45x.o(RESET)
 <LI><a href="#[5c]">UART6_IRQHandler</a> from startup_n32g45x.o(.text) referenced from startup_n32g45x.o(RESET)
 <LI><a href="#[5d]">UART7_IRQHandler</a> from startup_n32g45x.o(.text) referenced from startup_n32g45x.o(RESET)
 <LI><a href="#[b9]">UART_TX_SendArray</a> from bsp_soft_usart.o(i.UART_TX_SendArray) referenced from bsp_soft_usart.o(.constdata)
 <LI><a href="#[37]">USART1_IRQHandler</a> from interrupt.o(i.USART1_IRQHandler) referenced from startup_n32g45x.o(RESET)
 <LI><a href="#[38]">USART2_IRQHandler</a> from startup_n32g45x.o(.text) referenced from startup_n32g45x.o(RESET)
 <LI><a href="#[39]">USART3_IRQHandler</a> from startup_n32g45x.o(.text) referenced from startup_n32g45x.o(RESET)
 <LI><a href="#[7c]">USART_RECEIVE_DATA</a> from app_usart.o(i.USART_RECEIVE_DATA) referenced from app_usart.o(i.function_thread)
 <LI><a href="#[3c]">USBWakeUp_IRQHandler</a> from startup_n32g45x.o(.text) referenced from startup_n32g45x.o(RESET)
 <LI><a href="#[25]">USB_HP_CAN1_TX_IRQHandler</a> from startup_n32g45x.o(.text) referenced from startup_n32g45x.o(RESET)
 <LI><a href="#[26]">USB_LP_CAN1_RX0_IRQHandler</a> from startup_n32g45x.o(.text) referenced from startup_n32g45x.o(RESET)
 <LI><a href="#[d]">UsageFault_Handler</a> from startup_n32g45x.o(.text) referenced from startup_n32g45x.o(RESET)
 <LI><a href="#[12]">WWDG_IRQHandler</a> from startup_n32g45x.o(.text) referenced from startup_n32g45x.o(RESET)
 <LI><a href="#[6a]">__main</a> from entry.o(.ARM.Collect$$$$00000000) referenced from startup_n32g45x.o(.text)
 <LI><a href="#[77]">_sputc</a> from printfa.o(i._sputc) referenced from printfa.o(i.__0sprintf)
 <LI><a href="#[77]">_sputc</a> from printfa.o(i._sputc) referenced from printfa.o(i.__0vsprintf)
 <LI><a href="#[ec]">cmd_free</a> from msh.o(i.cmd_free) referenced from msh.o(FSymTab)
 <LI><a href="#[eb]">cmd_ps</a> from msh.o(i.cmd_ps) referenced from msh.o(FSymTab)
 <LI><a href="#[7a]">finsh_rx_ind</a> from shell.o(i.finsh_rx_ind) referenced from shell.o(i.finsh_set_device)
 <LI><a href="#[dc]">finsh_system_init</a> from shell.o(i.finsh_system_init) referenced from shell.o(.rti_fn.6)
 <LI><a href="#[7b]">finsh_thread_entry</a> from shell.o(i.finsh_thread_entry) referenced from shell.o(i.finsh_system_init)
 <LI><a href="#[6b]">function_thread</a> from app_usart.o(i.function_thread) referenced 7 times from app_usart.o(i.FUN_CREATE)
 <LI><a href="#[74]">function_thread0</a> from app_gsv2011.o(i.function_thread0) referenced from app_gsv2011.o(i.FUN_CREATE0)
 <LI><a href="#[de]">hello</a> from cmd.o(i.hello) referenced from cmd.o(FSymTab)
 <LI><a href="#[0]">led_1_off</a> from bsp_led.o(i.led_1_off) referenced 2 times from bsp_led.o(.data)
 <LI><a href="#[1]">led_1_on</a> from bsp_led.o(i.led_1_on) referenced 2 times from bsp_led.o(.data)
 <LI><a href="#[2]">led_2_off</a> from bsp_led.o(i.led_2_off) referenced 2 times from bsp_led.o(.data)
 <LI><a href="#[3]">led_2_on</a> from bsp_led.o(i.led_2_on) referenced 2 times from bsp_led.o(.data)
 <LI><a href="#[4]">led_3_off</a> from bsp_led.o(i.led_3_off) referenced 2 times from bsp_led.o(.data)
 <LI><a href="#[5]">led_3_on</a> from bsp_led.o(i.led_3_on) referenced 2 times from bsp_led.o(.data)
 <LI><a href="#[6]">led_4_off</a> from bsp_led.o(i.led_4_off) referenced 2 times from bsp_led.o(.data)
 <LI><a href="#[7]">led_4_on</a> from bsp_led.o(i.led_4_on) referenced 2 times from bsp_led.o(.data)
 <LI><a href="#[8a]">led_io_off</a> from bsp_led.o(i.led_io_off) referenced from bsp_led.o(.constdata)
 <LI><a href="#[89]">led_io_on</a> from bsp_led.o(i.led_io_on) referenced from bsp_led.o(.constdata)
 <LI><a href="#[88]">led_io_refresh</a> from bsp_led.o(i.led_io_refresh) referenced from bsp_led.o(.constdata)
 <LI><a href="#[8b]">led_io_toggle</a> from bsp_led.o(i.led_io_toggle) referenced from bsp_led.o(.constdata)
 <LI><a href="#[8d]">led_rx_off</a> from bsp_led.o(i.led_rx_off) referenced from bsp_led.o(.constdata)
 <LI><a href="#[8c]">led_rx_on</a> from bsp_led.o(i.led_rx_on) referenced from bsp_led.o(.constdata)
 <LI><a href="#[e9]">list</a> from cmd.o(i.list) referenced from cmd.o(FSymTab)
 <LI><a href="#[e8]">list_device</a> from cmd.o(i.list_device) referenced 2 times from cmd.o(FSymTab)
 <LI><a href="#[e2]">list_event</a> from cmd.o(i.list_event) referenced 2 times from cmd.o(FSymTab)
 <LI><a href="#[e4]">list_mailbox</a> from cmd.o(i.list_mailbox) referenced 2 times from cmd.o(FSymTab)
 <LI><a href="#[ed]">list_mem</a> from mem.o(i.list_mem) referenced from mem.o(FSymTab)
 <LI><a href="#[e6]">list_mempool</a> from cmd.o(i.list_mempool) referenced 2 times from cmd.o(FSymTab)
 <LI><a href="#[e5]">list_msgqueue</a> from cmd.o(i.list_msgqueue) referenced 2 times from cmd.o(FSymTab)
 <LI><a href="#[e3]">list_mutex</a> from cmd.o(i.list_mutex) referenced 2 times from cmd.o(FSymTab)
 <LI><a href="#[e1]">list_sem</a> from cmd.o(i.list_sem) referenced 2 times from cmd.o(FSymTab)
 <LI><a href="#[e0]">list_thread</a> from cmd.o(i.list_thread) referenced 2 times from cmd.o(FSymTab)
 <LI><a href="#[e7]">list_timer</a> from cmd.o(i.list_timer) referenced 2 times from cmd.o(FSymTab)
 <LI><a href="#[68]">main</a> from components.o(i.$Sub$$main) referenced from entry9a.o(.ARM.Collect$$$$0000000B)
 <LI><a href="#[7f]">main_thread_entry</a> from components.o(i.main_thread_entry) referenced from components.o(i.rt_application_init)
 <LI><a href="#[ea]">msh_help</a> from msh.o(i.msh_help) referenced from msh.o(FSymTab)
 <LI><a href="#[78]">rt_thread_exit</a> from thread.o(i.rt_thread_exit) referenced from thread.o(i._rt_thread_init)
 <LI><a href="#[80]">rt_thread_idle_entry</a> from idle.o(i.rt_thread_idle_entry) referenced from idle.o(i.rt_thread_idle_init)
 <LI><a href="#[79]">rt_thread_timeout</a> from thread.o(i.rt_thread_timeout) referenced from thread.o(i._rt_thread_init)
 <LI><a href="#[db]">rti_board_end</a> from components.o(i.rti_board_end) referenced from components.o(.rti_fn.1.end)
 <LI><a href="#[d9]">rti_board_start</a> from components.o(i.rti_board_start) referenced from components.o(.rti_fn.0.end)
 <LI><a href="#[dd]">rti_end</a> from components.o(i.rti_end) referenced from components.o(.rti_fn.6.end)
 <LI><a href="#[d8]">rti_start</a> from components.o(i.rti_start) referenced from components.o(.rti_fn.0)
 <LI><a href="#[da]">uart_init</a> from board.o(i.uart_init) referenced from board.o(.rti_fn.1)
 <LI><a href="#[df]">version</a> from cmd.o(i.version) referenced 2 times from cmd.o(FSymTab)
</UL>
<P>
<H3>
Global Symbols
</H3>
<P><STRONG><a name="[6a]"></a>__main</STRONG> (Thumb, 0 bytes, Stack size unknown bytes, entry.o(.ARM.Collect$$$$00000000))
<BR>[Address Reference Count : 1]<UL><LI> startup_n32g45x.o(.text)
</UL>
<P><STRONG><a name="[355]"></a>_main_stk</STRONG> (Thumb, 0 bytes, Stack size unknown bytes, entry2.o(.ARM.Collect$$$$00000001))

<P><STRONG><a name="[ee]"></a>_main_scatterload</STRONG> (Thumb, 0 bytes, Stack size unknown bytes, entry5.o(.ARM.Collect$$$$00000004))
<BR><BR>[Calls]<UL><LI><a href="#[ef]">&gt;&gt;</a>&nbsp;&nbsp;&nbsp;__scatterload
</UL>

<P><STRONG><a name="[104]"></a>__main_after_scatterload</STRONG> (Thumb, 0 bytes, Stack size unknown bytes, entry5.o(.ARM.Collect$$$$00000004))
<BR><BR>[Called By]<UL><LI><a href="#[ef]">&gt;&gt;</a>&nbsp;&nbsp;&nbsp;__scatterload
</UL>

<P><STRONG><a name="[356]"></a>_main_clock</STRONG> (Thumb, 0 bytes, Stack size unknown bytes, entry7b.o(.ARM.Collect$$$$00000008))

<P><STRONG><a name="[357]"></a>_main_cpp_init</STRONG> (Thumb, 0 bytes, Stack size unknown bytes, entry8b.o(.ARM.Collect$$$$0000000A))

<P><STRONG><a name="[358]"></a>_main_init</STRONG> (Thumb, 0 bytes, Stack size unknown bytes, entry9a.o(.ARM.Collect$$$$0000000B))

<P><STRONG><a name="[359]"></a>__rt_lib_shutdown_fini</STRONG> (Thumb, 0 bytes, Stack size unknown bytes, entry12b.o(.ARM.Collect$$$$0000000E))

<P><STRONG><a name="[35a]"></a>__rt_final_cpp</STRONG> (Thumb, 0 bytes, Stack size unknown bytes, entry10a.o(.ARM.Collect$$$$0000000F))

<P><STRONG><a name="[35b]"></a>__rt_final_exit</STRONG> (Thumb, 0 bytes, Stack size unknown bytes, entry11a.o(.ARM.Collect$$$$00000011))

<P><STRONG><a name="[8]"></a>Reset_Handler</STRONG> (Thumb, 8 bytes, Stack size 0 bytes, startup_n32g45x.o(.text))
<BR>[Address Reference Count : 1]<UL><LI> startup_n32g45x.o(RESET)
</UL>
<P><STRONG><a name="[9]"></a>NMI_Handler</STRONG> (Thumb, 2 bytes, Stack size 0 bytes, startup_n32g45x.o(.text))
<BR><BR>[Calls]<UL><LI><a href="#[9]">&gt;&gt;</a>&nbsp;&nbsp;&nbsp;NMI_Handler
</UL>
<BR>[Called By]<UL><LI><a href="#[9]">&gt;&gt;</a>&nbsp;&nbsp;&nbsp;NMI_Handler
</UL>
<BR>[Address Reference Count : 1]<UL><LI> startup_n32g45x.o(RESET)
</UL>
<P><STRONG><a name="[b]"></a>MemManage_Handler</STRONG> (Thumb, 2 bytes, Stack size 0 bytes, startup_n32g45x.o(.text))
<BR><BR>[Calls]<UL><LI><a href="#[b]">&gt;&gt;</a>&nbsp;&nbsp;&nbsp;MemManage_Handler
</UL>
<BR>[Called By]<UL><LI><a href="#[b]">&gt;&gt;</a>&nbsp;&nbsp;&nbsp;MemManage_Handler
</UL>
<BR>[Address Reference Count : 1]<UL><LI> startup_n32g45x.o(RESET)
</UL>
<P><STRONG><a name="[c]"></a>BusFault_Handler</STRONG> (Thumb, 2 bytes, Stack size 0 bytes, startup_n32g45x.o(.text))
<BR><BR>[Calls]<UL><LI><a href="#[c]">&gt;&gt;</a>&nbsp;&nbsp;&nbsp;BusFault_Handler
</UL>
<BR>[Called By]<UL><LI><a href="#[c]">&gt;&gt;</a>&nbsp;&nbsp;&nbsp;BusFault_Handler
</UL>
<BR>[Address Reference Count : 1]<UL><LI> startup_n32g45x.o(RESET)
</UL>
<P><STRONG><a name="[d]"></a>UsageFault_Handler</STRONG> (Thumb, 2 bytes, Stack size 0 bytes, startup_n32g45x.o(.text))
<BR><BR>[Calls]<UL><LI><a href="#[d]">&gt;&gt;</a>&nbsp;&nbsp;&nbsp;UsageFault_Handler
</UL>
<BR>[Called By]<UL><LI><a href="#[d]">&gt;&gt;</a>&nbsp;&nbsp;&nbsp;UsageFault_Handler
</UL>
<BR>[Address Reference Count : 1]<UL><LI> startup_n32g45x.o(RESET)
</UL>
<P><STRONG><a name="[e]"></a>SVC_Handler</STRONG> (Thumb, 2 bytes, Stack size 0 bytes, startup_n32g45x.o(.text))
<BR><BR>[Calls]<UL><LI><a href="#[e]">&gt;&gt;</a>&nbsp;&nbsp;&nbsp;SVC_Handler
</UL>
<BR>[Called By]<UL><LI><a href="#[e]">&gt;&gt;</a>&nbsp;&nbsp;&nbsp;SVC_Handler
</UL>
<BR>[Address Reference Count : 1]<UL><LI> startup_n32g45x.o(RESET)
</UL>
<P><STRONG><a name="[f]"></a>DebugMon_Handler</STRONG> (Thumb, 2 bytes, Stack size 0 bytes, startup_n32g45x.o(.text))
<BR><BR>[Calls]<UL><LI><a href="#[f]">&gt;&gt;</a>&nbsp;&nbsp;&nbsp;DebugMon_Handler
</UL>
<BR>[Called By]<UL><LI><a href="#[f]">&gt;&gt;</a>&nbsp;&nbsp;&nbsp;DebugMon_Handler
</UL>
<BR>[Address Reference Count : 1]<UL><LI> startup_n32g45x.o(RESET)
</UL>
<P><STRONG><a name="[24]"></a>ADC1_2_IRQHandler</STRONG> (Thumb, 0 bytes, Stack size 0 bytes, startup_n32g45x.o(.text))
<BR><BR>[Calls]<UL><LI><a href="#[24]">&gt;&gt;</a>&nbsp;&nbsp;&nbsp;ADC1_2_IRQHandler
</UL>
<BR>[Called By]<UL><LI><a href="#[24]">&gt;&gt;</a>&nbsp;&nbsp;&nbsp;ADC1_2_IRQHandler
</UL>
<BR>[Address Reference Count : 1]<UL><LI> startup_n32g45x.o(RESET)
</UL>
<P><STRONG><a name="[41]"></a>ADC3_4_IRQHandler</STRONG> (Thumb, 0 bytes, Stack size 0 bytes, startup_n32g45x.o(.text))
<BR>[Address Reference Count : 1]<UL><LI> startup_n32g45x.o(RESET)
</UL>
<P><STRONG><a name="[27]"></a>CAN1_RX1_IRQHandler</STRONG> (Thumb, 0 bytes, Stack size 0 bytes, startup_n32g45x.o(.text))
<BR>[Address Reference Count : 1]<UL><LI> startup_n32g45x.o(RESET)
</UL>
<P><STRONG><a name="[28]"></a>CAN1_SCE_IRQHandler</STRONG> (Thumb, 0 bytes, Stack size 0 bytes, startup_n32g45x.o(.text))
<BR>[Address Reference Count : 1]<UL><LI> startup_n32g45x.o(RESET)
</UL>
<P><STRONG><a name="[52]"></a>CAN2_RX0_IRQHandler</STRONG> (Thumb, 0 bytes, Stack size 0 bytes, startup_n32g45x.o(.text))
<BR>[Address Reference Count : 1]<UL><LI> startup_n32g45x.o(RESET)
</UL>
<P><STRONG><a name="[53]"></a>CAN2_RX1_IRQHandler</STRONG> (Thumb, 0 bytes, Stack size 0 bytes, startup_n32g45x.o(.text))
<BR>[Address Reference Count : 1]<UL><LI> startup_n32g45x.o(RESET)
</UL>
<P><STRONG><a name="[54]"></a>CAN2_SCE_IRQHandler</STRONG> (Thumb, 0 bytes, Stack size 0 bytes, startup_n32g45x.o(.text))
<BR>[Address Reference Count : 1]<UL><LI> startup_n32g45x.o(RESET)
</UL>
<P><STRONG><a name="[51]"></a>CAN2_TX_IRQHandler</STRONG> (Thumb, 0 bytes, Stack size 0 bytes, startup_n32g45x.o(.text))
<BR>[Address Reference Count : 1]<UL><LI> startup_n32g45x.o(RESET)
</UL>
<P><STRONG><a name="[66]"></a>COMP7_IRQHandler</STRONG> (Thumb, 0 bytes, Stack size 0 bytes, startup_n32g45x.o(.text))
<BR>[Address Reference Count : 1]<UL><LI> startup_n32g45x.o(RESET)
</UL>
<P><STRONG><a name="[64]"></a>COMP_1_2_3_IRQHandler</STRONG> (Thumb, 0 bytes, Stack size 0 bytes, startup_n32g45x.o(.text))
<BR>[Address Reference Count : 1]<UL><LI> startup_n32g45x.o(RESET)
</UL>
<P><STRONG><a name="[65]"></a>COMP_4_5_6_IRQHandler</STRONG> (Thumb, 0 bytes, Stack size 0 bytes, startup_n32g45x.o(.text))
<BR>[Address Reference Count : 1]<UL><LI> startup_n32g45x.o(RESET)
</UL>
<P><STRONG><a name="[1d]"></a>DMA1_Channel1_IRQHandler</STRONG> (Thumb, 0 bytes, Stack size 0 bytes, startup_n32g45x.o(.text))
<BR>[Address Reference Count : 1]<UL><LI> startup_n32g45x.o(RESET)
</UL>
<P><STRONG><a name="[1e]"></a>DMA1_Channel2_IRQHandler</STRONG> (Thumb, 0 bytes, Stack size 0 bytes, startup_n32g45x.o(.text))
<BR>[Address Reference Count : 1]<UL><LI> startup_n32g45x.o(RESET)
</UL>
<P><STRONG><a name="[20]"></a>DMA1_Channel4_IRQHandler</STRONG> (Thumb, 0 bytes, Stack size 0 bytes, startup_n32g45x.o(.text))
<BR>[Address Reference Count : 1]<UL><LI> startup_n32g45x.o(RESET)
</UL>
<P><STRONG><a name="[21]"></a>DMA1_Channel5_IRQHandler</STRONG> (Thumb, 0 bytes, Stack size 0 bytes, startup_n32g45x.o(.text))
<BR>[Address Reference Count : 1]<UL><LI> startup_n32g45x.o(RESET)
</UL>
<P><STRONG><a name="[22]"></a>DMA1_Channel6_IRQHandler</STRONG> (Thumb, 0 bytes, Stack size 0 bytes, startup_n32g45x.o(.text))
<BR>[Address Reference Count : 1]<UL><LI> startup_n32g45x.o(RESET)
</UL>
<P><STRONG><a name="[23]"></a>DMA1_Channel7_IRQHandler</STRONG> (Thumb, 0 bytes, Stack size 0 bytes, startup_n32g45x.o(.text))
<BR>[Address Reference Count : 1]<UL><LI> startup_n32g45x.o(RESET)
</UL>
<P><STRONG><a name="[5e]"></a>DMA1_Channel8_IRQHandler</STRONG> (Thumb, 0 bytes, Stack size 0 bytes, startup_n32g45x.o(.text))
<BR>[Address Reference Count : 1]<UL><LI> startup_n32g45x.o(RESET)
</UL>
<P><STRONG><a name="[4a]"></a>DMA2_Channel1_IRQHandler</STRONG> (Thumb, 0 bytes, Stack size 0 bytes, startup_n32g45x.o(.text))
<BR>[Address Reference Count : 1]<UL><LI> startup_n32g45x.o(RESET)
</UL>
<P><STRONG><a name="[4b]"></a>DMA2_Channel2_IRQHandler</STRONG> (Thumb, 0 bytes, Stack size 0 bytes, startup_n32g45x.o(.text))
<BR>[Address Reference Count : 1]<UL><LI> startup_n32g45x.o(RESET)
</UL>
<P><STRONG><a name="[4c]"></a>DMA2_Channel3_IRQHandler</STRONG> (Thumb, 0 bytes, Stack size 0 bytes, startup_n32g45x.o(.text))
<BR>[Address Reference Count : 1]<UL><LI> startup_n32g45x.o(RESET)
</UL>
<P><STRONG><a name="[4d]"></a>DMA2_Channel4_IRQHandler</STRONG> (Thumb, 0 bytes, Stack size 0 bytes, startup_n32g45x.o(.text))
<BR>[Address Reference Count : 1]<UL><LI> startup_n32g45x.o(RESET)
</UL>
<P><STRONG><a name="[4e]"></a>DMA2_Channel5_IRQHandler</STRONG> (Thumb, 0 bytes, Stack size 0 bytes, startup_n32g45x.o(.text))
<BR>[Address Reference Count : 1]<UL><LI> startup_n32g45x.o(RESET)
</UL>
<P><STRONG><a name="[56]"></a>DMA2_Channel6_IRQHandler</STRONG> (Thumb, 0 bytes, Stack size 0 bytes, startup_n32g45x.o(.text))
<BR>[Address Reference Count : 1]<UL><LI> startup_n32g45x.o(RESET)
</UL>
<P><STRONG><a name="[57]"></a>DMA2_Channel7_IRQHandler</STRONG> (Thumb, 0 bytes, Stack size 0 bytes, startup_n32g45x.o(.text))
<BR>[Address Reference Count : 1]<UL><LI> startup_n32g45x.o(RESET)
</UL>
<P><STRONG><a name="[5f]"></a>DMA2_Channel8_IRQHandler</STRONG> (Thumb, 0 bytes, Stack size 0 bytes, startup_n32g45x.o(.text))
<BR>[Address Reference Count : 1]<UL><LI> startup_n32g45x.o(RESET)
</UL>
<P><STRONG><a name="[60]"></a>DVP_IRQHandler</STRONG> (Thumb, 0 bytes, Stack size 0 bytes, startup_n32g45x.o(.text))
<BR>[Address Reference Count : 1]<UL><LI> startup_n32g45x.o(RESET)
</UL>
<P><STRONG><a name="[4f]"></a>ETH_IRQHandler</STRONG> (Thumb, 0 bytes, Stack size 0 bytes, startup_n32g45x.o(.text))
<BR>[Address Reference Count : 1]<UL><LI> startup_n32g45x.o(RESET)
</UL>
<P><STRONG><a name="[50]"></a>ETH_WKUP_IRQHandler</STRONG> (Thumb, 0 bytes, Stack size 0 bytes, startup_n32g45x.o(.text))
<BR>[Address Reference Count : 1]<UL><LI> startup_n32g45x.o(RESET)
</UL>
<P><STRONG><a name="[18]"></a>EXTI0_IRQHandler</STRONG> (Thumb, 0 bytes, Stack size 0 bytes, startup_n32g45x.o(.text))
<BR>[Address Reference Count : 1]<UL><LI> startup_n32g45x.o(RESET)
</UL>
<P><STRONG><a name="[19]"></a>EXTI1_IRQHandler</STRONG> (Thumb, 0 bytes, Stack size 0 bytes, startup_n32g45x.o(.text))
<BR>[Address Reference Count : 1]<UL><LI> startup_n32g45x.o(RESET)
</UL>
<P><STRONG><a name="[1a]"></a>EXTI2_IRQHandler</STRONG> (Thumb, 0 bytes, Stack size 0 bytes, startup_n32g45x.o(.text))
<BR>[Address Reference Count : 1]<UL><LI> startup_n32g45x.o(RESET)
</UL>
<P><STRONG><a name="[1b]"></a>EXTI3_IRQHandler</STRONG> (Thumb, 0 bytes, Stack size 0 bytes, startup_n32g45x.o(.text))
<BR>[Address Reference Count : 1]<UL><LI> startup_n32g45x.o(RESET)
</UL>
<P><STRONG><a name="[1c]"></a>EXTI4_IRQHandler</STRONG> (Thumb, 0 bytes, Stack size 0 bytes, startup_n32g45x.o(.text))
<BR>[Address Reference Count : 1]<UL><LI> startup_n32g45x.o(RESET)
</UL>
<P><STRONG><a name="[29]"></a>EXTI9_5_IRQHandler</STRONG> (Thumb, 0 bytes, Stack size 0 bytes, startup_n32g45x.o(.text))
<BR>[Address Reference Count : 1]<UL><LI> startup_n32g45x.o(RESET)
</UL>
<P><STRONG><a name="[16]"></a>FLASH_IRQHandler</STRONG> (Thumb, 0 bytes, Stack size 0 bytes, startup_n32g45x.o(.text))
<BR>[Address Reference Count : 1]<UL><LI> startup_n32g45x.o(RESET)
</UL>
<P><STRONG><a name="[32]"></a>I2C1_ER_IRQHandler</STRONG> (Thumb, 0 bytes, Stack size 0 bytes, startup_n32g45x.o(.text))
<BR>[Address Reference Count : 1]<UL><LI> startup_n32g45x.o(RESET)
</UL>
<P><STRONG><a name="[31]"></a>I2C1_EV_IRQHandler</STRONG> (Thumb, 0 bytes, Stack size 0 bytes, startup_n32g45x.o(.text))
<BR>[Address Reference Count : 1]<UL><LI> startup_n32g45x.o(RESET)
</UL>
<P><STRONG><a name="[34]"></a>I2C2_ER_IRQHandler</STRONG> (Thumb, 0 bytes, Stack size 0 bytes, startup_n32g45x.o(.text))
<BR>[Address Reference Count : 1]<UL><LI> startup_n32g45x.o(RESET)
</UL>
<P><STRONG><a name="[33]"></a>I2C2_EV_IRQHandler</STRONG> (Thumb, 0 bytes, Stack size 0 bytes, startup_n32g45x.o(.text))
<BR>[Address Reference Count : 1]<UL><LI> startup_n32g45x.o(RESET)
</UL>
<P><STRONG><a name="[59]"></a>I2C3_ER_IRQHandler</STRONG> (Thumb, 0 bytes, Stack size 0 bytes, startup_n32g45x.o(.text))
<BR>[Address Reference Count : 1]<UL><LI> startup_n32g45x.o(RESET)
</UL>
<P><STRONG><a name="[58]"></a>I2C3_EV_IRQHandler</STRONG> (Thumb, 0 bytes, Stack size 0 bytes, startup_n32g45x.o(.text))
<BR>[Address Reference Count : 1]<UL><LI> startup_n32g45x.o(RESET)
</UL>
<P><STRONG><a name="[5b]"></a>I2C4_ER_IRQHandler</STRONG> (Thumb, 0 bytes, Stack size 0 bytes, startup_n32g45x.o(.text))
<BR>[Address Reference Count : 1]<UL><LI> startup_n32g45x.o(RESET)
</UL>
<P><STRONG><a name="[5a]"></a>I2C4_EV_IRQHandler</STRONG> (Thumb, 0 bytes, Stack size 0 bytes, startup_n32g45x.o(.text))
<BR>[Address Reference Count : 1]<UL><LI> startup_n32g45x.o(RESET)
</UL>
<P><STRONG><a name="[62]"></a>MMU_IRQHandler</STRONG> (Thumb, 0 bytes, Stack size 0 bytes, startup_n32g45x.o(.text))
<BR>[Address Reference Count : 1]<UL><LI> startup_n32g45x.o(RESET)
</UL>
<P><STRONG><a name="[13]"></a>PVD_IRQHandler</STRONG> (Thumb, 0 bytes, Stack size 0 bytes, startup_n32g45x.o(.text))
<BR>[Address Reference Count : 1]<UL><LI> startup_n32g45x.o(RESET)
</UL>
<P><STRONG><a name="[55]"></a>QSPI_IRQHandler</STRONG> (Thumb, 0 bytes, Stack size 0 bytes, startup_n32g45x.o(.text))
<BR>[Address Reference Count : 1]<UL><LI> startup_n32g45x.o(RESET)
</UL>
<P><STRONG><a name="[17]"></a>RCC_IRQHandler</STRONG> (Thumb, 0 bytes, Stack size 0 bytes, startup_n32g45x.o(.text))
<BR>[Address Reference Count : 1]<UL><LI> startup_n32g45x.o(RESET)
</UL>
<P><STRONG><a name="[67]"></a>RSRAM_IRQHandler</STRONG> (Thumb, 0 bytes, Stack size 0 bytes, startup_n32g45x.o(.text))
<BR>[Address Reference Count : 1]<UL><LI> startup_n32g45x.o(RESET)
</UL>
<P><STRONG><a name="[3b]"></a>RTCAlarm_IRQHandler</STRONG> (Thumb, 0 bytes, Stack size 0 bytes, startup_n32g45x.o(.text))
<BR>[Address Reference Count : 1]<UL><LI> startup_n32g45x.o(RESET)
</UL>
<P><STRONG><a name="[15]"></a>RTC_WKUP_IRQHandler</STRONG> (Thumb, 0 bytes, Stack size 0 bytes, startup_n32g45x.o(.text))
<BR>[Address Reference Count : 1]<UL><LI> startup_n32g45x.o(RESET)
</UL>
<P><STRONG><a name="[61]"></a>SAC_IRQHandler</STRONG> (Thumb, 0 bytes, Stack size 0 bytes, startup_n32g45x.o(.text))
<BR>[Address Reference Count : 1]<UL><LI> startup_n32g45x.o(RESET)
</UL>
<P><STRONG><a name="[43]"></a>SDIO_IRQHandler</STRONG> (Thumb, 0 bytes, Stack size 0 bytes, startup_n32g45x.o(.text))
<BR>[Address Reference Count : 1]<UL><LI> startup_n32g45x.o(RESET)
</UL>
<P><STRONG><a name="[36]"></a>SPI2_IRQHandler</STRONG> (Thumb, 0 bytes, Stack size 0 bytes, startup_n32g45x.o(.text))
<BR>[Address Reference Count : 1]<UL><LI> startup_n32g45x.o(RESET)
</UL>
<P><STRONG><a name="[45]"></a>SPI3_IRQHandler</STRONG> (Thumb, 0 bytes, Stack size 0 bytes, startup_n32g45x.o(.text))
<BR>[Address Reference Count : 1]<UL><LI> startup_n32g45x.o(RESET)
</UL>
<P><STRONG><a name="[14]"></a>TAMPER_IRQHandler</STRONG> (Thumb, 0 bytes, Stack size 0 bytes, startup_n32g45x.o(.text))
<BR>[Address Reference Count : 1]<UL><LI> startup_n32g45x.o(RESET)
</UL>
<P><STRONG><a name="[2a]"></a>TIM1_BRK_IRQHandler</STRONG> (Thumb, 0 bytes, Stack size 0 bytes, startup_n32g45x.o(.text))
<BR>[Address Reference Count : 1]<UL><LI> startup_n32g45x.o(RESET)
</UL>
<P><STRONG><a name="[2d]"></a>TIM1_CC_IRQHandler</STRONG> (Thumb, 0 bytes, Stack size 0 bytes, startup_n32g45x.o(.text))
<BR>[Address Reference Count : 1]<UL><LI> startup_n32g45x.o(RESET)
</UL>
<P><STRONG><a name="[2c]"></a>TIM1_TRG_COM_IRQHandler</STRONG> (Thumb, 0 bytes, Stack size 0 bytes, startup_n32g45x.o(.text))
<BR>[Address Reference Count : 1]<UL><LI> startup_n32g45x.o(RESET)
</UL>
<P><STRONG><a name="[2b]"></a>TIM1_UP_IRQHandler</STRONG> (Thumb, 0 bytes, Stack size 0 bytes, startup_n32g45x.o(.text))
<BR>[Address Reference Count : 1]<UL><LI> startup_n32g45x.o(RESET)
</UL>
<P><STRONG><a name="[30]"></a>TIM4_IRQHandler</STRONG> (Thumb, 0 bytes, Stack size 0 bytes, startup_n32g45x.o(.text))
<BR>[Address Reference Count : 1]<UL><LI> startup_n32g45x.o(RESET)
</UL>
<P><STRONG><a name="[44]"></a>TIM5_IRQHandler</STRONG> (Thumb, 0 bytes, Stack size 0 bytes, startup_n32g45x.o(.text))
<BR>[Address Reference Count : 1]<UL><LI> startup_n32g45x.o(RESET)
</UL>
<P><STRONG><a name="[48]"></a>TIM6_IRQHandler</STRONG> (Thumb, 0 bytes, Stack size 0 bytes, startup_n32g45x.o(.text))
<BR>[Address Reference Count : 1]<UL><LI> startup_n32g45x.o(RESET)
</UL>
<P><STRONG><a name="[49]"></a>TIM7_IRQHandler</STRONG> (Thumb, 0 bytes, Stack size 0 bytes, startup_n32g45x.o(.text))
<BR>[Address Reference Count : 1]<UL><LI> startup_n32g45x.o(RESET)
</UL>
<P><STRONG><a name="[3d]"></a>TIM8_BRK_IRQHandler</STRONG> (Thumb, 0 bytes, Stack size 0 bytes, startup_n32g45x.o(.text))
<BR>[Address Reference Count : 1]<UL><LI> startup_n32g45x.o(RESET)
</UL>
<P><STRONG><a name="[40]"></a>TIM8_CC_IRQHandler</STRONG> (Thumb, 0 bytes, Stack size 0 bytes, startup_n32g45x.o(.text))
<BR>[Address Reference Count : 1]<UL><LI> startup_n32g45x.o(RESET)
</UL>
<P><STRONG><a name="[3f]"></a>TIM8_TRG_COM_IRQHandler</STRONG> (Thumb, 0 bytes, Stack size 0 bytes, startup_n32g45x.o(.text))
<BR>[Address Reference Count : 1]<UL><LI> startup_n32g45x.o(RESET)
</UL>
<P><STRONG><a name="[3e]"></a>TIM8_UP_IRQHandler</STRONG> (Thumb, 0 bytes, Stack size 0 bytes, startup_n32g45x.o(.text))
<BR>[Address Reference Count : 1]<UL><LI> startup_n32g45x.o(RESET)
</UL>
<P><STRONG><a name="[63]"></a>TSC_IRQHandler</STRONG> (Thumb, 0 bytes, Stack size 0 bytes, startup_n32g45x.o(.text))
<BR>[Address Reference Count : 1]<UL><LI> startup_n32g45x.o(RESET)
</UL>
<P><STRONG><a name="[46]"></a>UART4_IRQHandler</STRONG> (Thumb, 0 bytes, Stack size 0 bytes, startup_n32g45x.o(.text))
<BR>[Address Reference Count : 1]<UL><LI> startup_n32g45x.o(RESET)
</UL>
<P><STRONG><a name="[47]"></a>UART5_IRQHandler</STRONG> (Thumb, 0 bytes, Stack size 0 bytes, startup_n32g45x.o(.text))
<BR>[Address Reference Count : 1]<UL><LI> startup_n32g45x.o(RESET)
</UL>
<P><STRONG><a name="[5c]"></a>UART6_IRQHandler</STRONG> (Thumb, 0 bytes, Stack size 0 bytes, startup_n32g45x.o(.text))
<BR>[Address Reference Count : 1]<UL><LI> startup_n32g45x.o(RESET)
</UL>
<P><STRONG><a name="[5d]"></a>UART7_IRQHandler</STRONG> (Thumb, 0 bytes, Stack size 0 bytes, startup_n32g45x.o(.text))
<BR>[Address Reference Count : 1]<UL><LI> startup_n32g45x.o(RESET)
</UL>
<P><STRONG><a name="[38]"></a>USART2_IRQHandler</STRONG> (Thumb, 0 bytes, Stack size 0 bytes, startup_n32g45x.o(.text))
<BR>[Address Reference Count : 1]<UL><LI> startup_n32g45x.o(RESET)
</UL>
<P><STRONG><a name="[39]"></a>USART3_IRQHandler</STRONG> (Thumb, 0 bytes, Stack size 0 bytes, startup_n32g45x.o(.text))
<BR>[Address Reference Count : 1]<UL><LI> startup_n32g45x.o(RESET)
</UL>
<P><STRONG><a name="[3c]"></a>USBWakeUp_IRQHandler</STRONG> (Thumb, 0 bytes, Stack size 0 bytes, startup_n32g45x.o(.text))
<BR>[Address Reference Count : 1]<UL><LI> startup_n32g45x.o(RESET)
</UL>
<P><STRONG><a name="[25]"></a>USB_HP_CAN1_TX_IRQHandler</STRONG> (Thumb, 0 bytes, Stack size 0 bytes, startup_n32g45x.o(.text))
<BR>[Address Reference Count : 1]<UL><LI> startup_n32g45x.o(RESET)
</UL>
<P><STRONG><a name="[26]"></a>USB_LP_CAN1_RX0_IRQHandler</STRONG> (Thumb, 0 bytes, Stack size 0 bytes, startup_n32g45x.o(.text))
<BR>[Address Reference Count : 1]<UL><LI> startup_n32g45x.o(RESET)
</UL>
<P><STRONG><a name="[12]"></a>WWDG_IRQHandler</STRONG> (Thumb, 0 bytes, Stack size 0 bytes, startup_n32g45x.o(.text))
<BR>[Address Reference Count : 1]<UL><LI> startup_n32g45x.o(RESET)
</UL>
<P><STRONG><a name="[2d5]"></a>rt_hw_interrupt_disable</STRONG> (Thumb, 8 bytes, Stack size 0 bytes, context_rvds.o(.text))
<BR><BR>[Called By]<UL><LI><a href="#[2f0]">&gt;&gt;</a>&nbsp;&nbsp;&nbsp;rt_mq_recv
<LI><a href="#[2ee]">&gt;&gt;</a>&nbsp;&nbsp;&nbsp;rt_event_send
<LI><a href="#[1f9]">&gt;&gt;</a>&nbsp;&nbsp;&nbsp;rt_event_recv
<LI><a href="#[78]">&gt;&gt;</a>&nbsp;&nbsp;&nbsp;rt_thread_exit
<LI><a href="#[23c]">&gt;&gt;</a>&nbsp;&nbsp;&nbsp;rt_sem_take
<LI><a href="#[10a]">&gt;&gt;</a>&nbsp;&nbsp;&nbsp;rt_sem_release
<LI><a href="#[21a]">&gt;&gt;</a>&nbsp;&nbsp;&nbsp;rt_mutex_take
<LI><a href="#[21b]">&gt;&gt;</a>&nbsp;&nbsp;&nbsp;rt_mutex_release
<LI><a href="#[34d]">&gt;&gt;</a>&nbsp;&nbsp;&nbsp;rt_timer_stop
<LI><a href="#[346]">&gt;&gt;</a>&nbsp;&nbsp;&nbsp;rt_timer_detach
<LI><a href="#[345]">&gt;&gt;</a>&nbsp;&nbsp;&nbsp;rt_thread_sleep
<LI><a href="#[343]">&gt;&gt;</a>&nbsp;&nbsp;&nbsp;rt_thread_detach
<LI><a href="#[344]">&gt;&gt;</a>&nbsp;&nbsp;&nbsp;rt_thread_delete
<LI><a href="#[2d4]">&gt;&gt;</a>&nbsp;&nbsp;&nbsp;_thread_cleanup_execute
<LI><a href="#[33b]">&gt;&gt;</a>&nbsp;&nbsp;&nbsp;rt_schedule_remove_thread
<LI><a href="#[33a]">&gt;&gt;</a>&nbsp;&nbsp;&nbsp;rt_schedule_insert_thread
<LI><a href="#[31c]">&gt;&gt;</a>&nbsp;&nbsp;&nbsp;rt_exit_critical
<LI><a href="#[312]">&gt;&gt;</a>&nbsp;&nbsp;&nbsp;rt_enter_critical
<LI><a href="#[e7]">&gt;&gt;</a>&nbsp;&nbsp;&nbsp;list_timer
<LI><a href="#[e0]">&gt;&gt;</a>&nbsp;&nbsp;&nbsp;list_thread
<LI><a href="#[e1]">&gt;&gt;</a>&nbsp;&nbsp;&nbsp;list_sem
<LI><a href="#[e3]">&gt;&gt;</a>&nbsp;&nbsp;&nbsp;list_mutex
<LI><a href="#[e5]">&gt;&gt;</a>&nbsp;&nbsp;&nbsp;list_msgqueue
<LI><a href="#[e6]">&gt;&gt;</a>&nbsp;&nbsp;&nbsp;list_mempool
<LI><a href="#[e4]">&gt;&gt;</a>&nbsp;&nbsp;&nbsp;list_mailbox
<LI><a href="#[e2]">&gt;&gt;</a>&nbsp;&nbsp;&nbsp;list_event
<LI><a href="#[e8]">&gt;&gt;</a>&nbsp;&nbsp;&nbsp;list_device
<LI><a href="#[302]">&gt;&gt;</a>&nbsp;&nbsp;&nbsp;list_get_next
<LI><a href="#[335]">&gt;&gt;</a>&nbsp;&nbsp;&nbsp;rt_object_init
<LI><a href="#[333]">&gt;&gt;</a>&nbsp;&nbsp;&nbsp;rt_object_detach
<LI><a href="#[326]">&gt;&gt;</a>&nbsp;&nbsp;&nbsp;rt_interrupt_get_nest
<LI><a href="#[327]">&gt;&gt;</a>&nbsp;&nbsp;&nbsp;rt_interrupt_leave
<LI><a href="#[325]">&gt;&gt;</a>&nbsp;&nbsp;&nbsp;rt_interrupt_enter
<LI><a href="#[318]">&gt;&gt;</a>&nbsp;&nbsp;&nbsp;rt_timer_start
<LI><a href="#[317]">&gt;&gt;</a>&nbsp;&nbsp;&nbsp;rt_timer_control
<LI><a href="#[329]">&gt;&gt;</a>&nbsp;&nbsp;&nbsp;rt_thread_suspend
<LI><a href="#[31b]">&gt;&gt;</a>&nbsp;&nbsp;&nbsp;rt_thread_resume
<LI><a href="#[330]">&gt;&gt;</a>&nbsp;&nbsp;&nbsp;rt_thread_control
<LI><a href="#[319]">&gt;&gt;</a>&nbsp;&nbsp;&nbsp;rt_schedule
<LI><a href="#[313]">&gt;&gt;</a>&nbsp;&nbsp;&nbsp;rt_object_allocate
<LI><a href="#[32f]">&gt;&gt;</a>&nbsp;&nbsp;&nbsp;rt_mq_send_wait
<LI><a href="#[32d]">&gt;&gt;</a>&nbsp;&nbsp;&nbsp;rt_object_delete
<LI><a href="#[348]">&gt;&gt;</a>&nbsp;&nbsp;&nbsp;rt_thread_idle_excute
<LI><a href="#[105]">&gt;&gt;</a>&nbsp;&nbsp;&nbsp;rtthread_startup
<LI><a href="#[34f]">&gt;&gt;</a>&nbsp;&nbsp;&nbsp;rt_timer_check
<LI><a href="#[34e]">&gt;&gt;</a>&nbsp;&nbsp;&nbsp;rt_thread_yield
</UL>

<P><STRONG><a name="[2d6]"></a>rt_hw_interrupt_enable</STRONG> (Thumb, 6 bytes, Stack size 0 bytes, context_rvds.o(.text))
<BR><BR>[Called By]<UL><LI><a href="#[2f0]">&gt;&gt;</a>&nbsp;&nbsp;&nbsp;rt_mq_recv
<LI><a href="#[2ee]">&gt;&gt;</a>&nbsp;&nbsp;&nbsp;rt_event_send
<LI><a href="#[1f9]">&gt;&gt;</a>&nbsp;&nbsp;&nbsp;rt_event_recv
<LI><a href="#[78]">&gt;&gt;</a>&nbsp;&nbsp;&nbsp;rt_thread_exit
<LI><a href="#[23c]">&gt;&gt;</a>&nbsp;&nbsp;&nbsp;rt_sem_take
<LI><a href="#[10a]">&gt;&gt;</a>&nbsp;&nbsp;&nbsp;rt_sem_release
<LI><a href="#[21a]">&gt;&gt;</a>&nbsp;&nbsp;&nbsp;rt_mutex_take
<LI><a href="#[21b]">&gt;&gt;</a>&nbsp;&nbsp;&nbsp;rt_mutex_release
<LI><a href="#[34d]">&gt;&gt;</a>&nbsp;&nbsp;&nbsp;rt_timer_stop
<LI><a href="#[346]">&gt;&gt;</a>&nbsp;&nbsp;&nbsp;rt_timer_detach
<LI><a href="#[345]">&gt;&gt;</a>&nbsp;&nbsp;&nbsp;rt_thread_sleep
<LI><a href="#[343]">&gt;&gt;</a>&nbsp;&nbsp;&nbsp;rt_thread_detach
<LI><a href="#[344]">&gt;&gt;</a>&nbsp;&nbsp;&nbsp;rt_thread_delete
<LI><a href="#[2d4]">&gt;&gt;</a>&nbsp;&nbsp;&nbsp;_thread_cleanup_execute
<LI><a href="#[33b]">&gt;&gt;</a>&nbsp;&nbsp;&nbsp;rt_schedule_remove_thread
<LI><a href="#[33a]">&gt;&gt;</a>&nbsp;&nbsp;&nbsp;rt_schedule_insert_thread
<LI><a href="#[31c]">&gt;&gt;</a>&nbsp;&nbsp;&nbsp;rt_exit_critical
<LI><a href="#[312]">&gt;&gt;</a>&nbsp;&nbsp;&nbsp;rt_enter_critical
<LI><a href="#[e7]">&gt;&gt;</a>&nbsp;&nbsp;&nbsp;list_timer
<LI><a href="#[e0]">&gt;&gt;</a>&nbsp;&nbsp;&nbsp;list_thread
<LI><a href="#[e1]">&gt;&gt;</a>&nbsp;&nbsp;&nbsp;list_sem
<LI><a href="#[e3]">&gt;&gt;</a>&nbsp;&nbsp;&nbsp;list_mutex
<LI><a href="#[e5]">&gt;&gt;</a>&nbsp;&nbsp;&nbsp;list_msgqueue
<LI><a href="#[e6]">&gt;&gt;</a>&nbsp;&nbsp;&nbsp;list_mempool
<LI><a href="#[e4]">&gt;&gt;</a>&nbsp;&nbsp;&nbsp;list_mailbox
<LI><a href="#[e2]">&gt;&gt;</a>&nbsp;&nbsp;&nbsp;list_event
<LI><a href="#[e8]">&gt;&gt;</a>&nbsp;&nbsp;&nbsp;list_device
<LI><a href="#[302]">&gt;&gt;</a>&nbsp;&nbsp;&nbsp;list_get_next
<LI><a href="#[335]">&gt;&gt;</a>&nbsp;&nbsp;&nbsp;rt_object_init
<LI><a href="#[333]">&gt;&gt;</a>&nbsp;&nbsp;&nbsp;rt_object_detach
<LI><a href="#[326]">&gt;&gt;</a>&nbsp;&nbsp;&nbsp;rt_interrupt_get_nest
<LI><a href="#[327]">&gt;&gt;</a>&nbsp;&nbsp;&nbsp;rt_interrupt_leave
<LI><a href="#[325]">&gt;&gt;</a>&nbsp;&nbsp;&nbsp;rt_interrupt_enter
<LI><a href="#[318]">&gt;&gt;</a>&nbsp;&nbsp;&nbsp;rt_timer_start
<LI><a href="#[317]">&gt;&gt;</a>&nbsp;&nbsp;&nbsp;rt_timer_control
<LI><a href="#[329]">&gt;&gt;</a>&nbsp;&nbsp;&nbsp;rt_thread_suspend
<LI><a href="#[31b]">&gt;&gt;</a>&nbsp;&nbsp;&nbsp;rt_thread_resume
<LI><a href="#[330]">&gt;&gt;</a>&nbsp;&nbsp;&nbsp;rt_thread_control
<LI><a href="#[319]">&gt;&gt;</a>&nbsp;&nbsp;&nbsp;rt_schedule
<LI><a href="#[313]">&gt;&gt;</a>&nbsp;&nbsp;&nbsp;rt_object_allocate
<LI><a href="#[32f]">&gt;&gt;</a>&nbsp;&nbsp;&nbsp;rt_mq_send_wait
<LI><a href="#[32d]">&gt;&gt;</a>&nbsp;&nbsp;&nbsp;rt_object_delete
<LI><a href="#[348]">&gt;&gt;</a>&nbsp;&nbsp;&nbsp;rt_thread_idle_excute
<LI><a href="#[34f]">&gt;&gt;</a>&nbsp;&nbsp;&nbsp;rt_timer_check
<LI><a href="#[34e]">&gt;&gt;</a>&nbsp;&nbsp;&nbsp;rt_thread_yield
</UL>

<P><STRONG><a name="[338]"></a>rt_hw_context_switch</STRONG> (Thumb, 32 bytes, Stack size 0 bytes, context_rvds.o(.text))
<BR><BR>[Called By]<UL><LI><a href="#[319]">&gt;&gt;</a>&nbsp;&nbsp;&nbsp;rt_schedule
</UL>

<P><STRONG><a name="[339]"></a>rt_hw_context_switch_interrupt</STRONG> (Thumb, 0 bytes, Stack size 0 bytes, context_rvds.o(.text))
<BR><BR>[Called By]<UL><LI><a href="#[319]">&gt;&gt;</a>&nbsp;&nbsp;&nbsp;rt_schedule
</UL>

<P><STRONG><a name="[10]"></a>PendSV_Handler</STRONG> (Thumb, 108 bytes, Stack size 0 bytes, context_rvds.o(.text))
<BR>[Address Reference Count : 1]<UL><LI> startup_n32g45x.o(RESET)
</UL>
<P><STRONG><a name="[340]"></a>rt_hw_context_switch_to</STRONG> (Thumb, 68 bytes, Stack size 0 bytes, context_rvds.o(.text))
<BR><BR>[Called By]<UL><LI><a href="#[33f]">&gt;&gt;</a>&nbsp;&nbsp;&nbsp;rt_system_scheduler_start
</UL>

<P><STRONG><a name="[35c]"></a>rt_hw_interrupt_thread_switch</STRONG> (Thumb, 2 bytes, Stack size 0 bytes, context_rvds.o(.text), UNUSED)

<P><STRONG><a name="[a]"></a>HardFault_Handler</STRONG> (Thumb, 56 bytes, Stack size 0 bytes, context_rvds.o(.text))
<BR><BR>[Stack]<UL><LI>Max Depth = 444<LI>Call Chain = HardFault_Handler &rArr; rt_hw_hard_fault_exception &rArr; list_thread &rArr; object_split &rArr; rt_kprintf &rArr; rt_vsnprintf &rArr; print_number
</UL>
<BR>[Calls]<UL><LI><a href="#[f0]">&gt;&gt;</a>&nbsp;&nbsp;&nbsp;rt_hw_hard_fault_exception
</UL>
<BR>[Address Reference Count : 1]<UL><LI> startup_n32g45x.o(RESET)
</UL>
<P><STRONG><a name="[21c]"></a>__aeabi_memcpy</STRONG> (Thumb, 36 bytes, Stack size 0 bytes, memcpya.o(.text))
<BR><BR>[Called By]<UL><LI><a href="#[29b]">&gt;&gt;</a>&nbsp;&nbsp;&nbsp;SEGGER_RTT_ReadNoLock
<LI><a href="#[2a1]">&gt;&gt;</a>&nbsp;&nbsp;&nbsp;_WriteNoCheck
<LI><a href="#[29e]">&gt;&gt;</a>&nbsp;&nbsp;&nbsp;_WriteBlocking
<LI><a href="#[ad]">&gt;&gt;</a>&nbsp;&nbsp;&nbsp;FUN_UartSendByte4
<LI><a href="#[a9]">&gt;&gt;</a>&nbsp;&nbsp;&nbsp;FUN_UartSendByte3
<LI><a href="#[a5]">&gt;&gt;</a>&nbsp;&nbsp;&nbsp;FUN_UartSendByte2
<LI><a href="#[a1]">&gt;&gt;</a>&nbsp;&nbsp;&nbsp;FUN_UartSendByte1
<LI><a href="#[98]">&gt;&gt;</a>&nbsp;&nbsp;&nbsp;FUN_UartSendByte0
<LI><a href="#[d3]">&gt;&gt;</a>&nbsp;&nbsp;&nbsp;FUN_READ
<LI><a href="#[d0]">&gt;&gt;</a>&nbsp;&nbsp;&nbsp;FUN_READ
<LI><a href="#[73]">&gt;&gt;</a>&nbsp;&nbsp;&nbsp;GSV2011_WRITE_MEMORY
<LI><a href="#[23e]">&gt;&gt;</a>&nbsp;&nbsp;&nbsp;GSV2011_READ_MEMORY
</UL>

<P><STRONG><a name="[2f4]"></a>__aeabi_memcpy4</STRONG> (Thumb, 0 bytes, Stack size 0 bytes, memcpya.o(.text))
<BR><BR>[Called By]<UL><LI><a href="#[6e]">&gt;&gt;</a>&nbsp;&nbsp;&nbsp;function_thread
<LI><a href="#[e0]">&gt;&gt;</a>&nbsp;&nbsp;&nbsp;list_thread
</UL>

<P><STRONG><a name="[35d]"></a>__aeabi_memcpy8</STRONG> (Thumb, 0 bytes, Stack size 0 bytes, memcpya.o(.text), UNUSED)

<P><STRONG><a name="[f2]"></a>__aeabi_memset</STRONG> (Thumb, 14 bytes, Stack size 0 bytes, memseta.o(.text))
<BR><BR>[Called By]<UL><LI><a href="#[f3]">&gt;&gt;</a>&nbsp;&nbsp;&nbsp;_memset$wrapper
<LI><a href="#[f1]">&gt;&gt;</a>&nbsp;&nbsp;&nbsp;__aeabi_memclr
</UL>

<P><STRONG><a name="[35e]"></a>__aeabi_memset4</STRONG> (Thumb, 0 bytes, Stack size 0 bytes, memseta.o(.text), UNUSED)

<P><STRONG><a name="[35f]"></a>__aeabi_memset8</STRONG> (Thumb, 0 bytes, Stack size 0 bytes, memseta.o(.text), UNUSED)

<P><STRONG><a name="[f1]"></a>__aeabi_memclr</STRONG> (Thumb, 4 bytes, Stack size 0 bytes, memseta.o(.text))
<BR><BR>[Calls]<UL><LI><a href="#[f2]">&gt;&gt;</a>&nbsp;&nbsp;&nbsp;__aeabi_memset
</UL>
<BR>[Called By]<UL><LI><a href="#[7b]">&gt;&gt;</a>&nbsp;&nbsp;&nbsp;finsh_thread_entry
<LI><a href="#[2e0]">&gt;&gt;</a>&nbsp;&nbsp;&nbsp;finsh_set_device
</UL>

<P><STRONG><a name="[1e9]"></a>__aeabi_memclr4</STRONG> (Thumb, 0 bytes, Stack size 0 bytes, memseta.o(.text))
<BR><BR>[Called By]<UL><LI><a href="#[299]">&gt;&gt;</a>&nbsp;&nbsp;&nbsp;_DoInit
<LI><a href="#[b0]">&gt;&gt;</a>&nbsp;&nbsp;&nbsp;FPGA_init
<LI><a href="#[ae]">&gt;&gt;</a>&nbsp;&nbsp;&nbsp;SPI_Configuratio
<LI><a href="#[6e]">&gt;&gt;</a>&nbsp;&nbsp;&nbsp;function_thread
<LI><a href="#[bd]">&gt;&gt;</a>&nbsp;&nbsp;&nbsp;FUN_CREATE0
<LI><a href="#[2c7]">&gt;&gt;</a>&nbsp;&nbsp;&nbsp;_msh_exec_cmd
</UL>

<P><STRONG><a name="[360]"></a>__aeabi_memclr8</STRONG> (Thumb, 0 bytes, Stack size 0 bytes, memseta.o(.text), UNUSED)

<P><STRONG><a name="[f3]"></a>_memset$wrapper</STRONG> (Thumb, 18 bytes, Stack size 8 bytes, memseta.o(.text), UNUSED)
<BR><BR>[Calls]<UL><LI><a href="#[f2]">&gt;&gt;</a>&nbsp;&nbsp;&nbsp;__aeabi_memset
</UL>

<P><STRONG><a name="[2dc]"></a>strcat</STRONG> (Thumb, 24 bytes, Stack size 0 bytes, strcat.o(.text))
<BR><BR>[Called By]<UL><LI><a href="#[2d8]">&gt;&gt;</a>&nbsp;&nbsp;&nbsp;finsh_get_prompt
</UL>

<P><STRONG><a name="[2d9]"></a>strncpy</STRONG> (Thumb, 24 bytes, Stack size 8 bytes, strncpy.o(.text))
<BR><BR>[Stack]<UL><LI>Max Depth = 8<LI>Call Chain = strncpy
</UL>
<BR>[Called By]<UL><LI><a href="#[2d8]">&gt;&gt;</a>&nbsp;&nbsp;&nbsp;finsh_get_prompt
</UL>

<P><STRONG><a name="[18c]"></a>strlen</STRONG> (Thumb, 14 bytes, Stack size 0 bytes, strlen.o(.text))
<BR><BR>[Called By]<UL><LI><a href="#[244]">&gt;&gt;</a>&nbsp;&nbsp;&nbsp;GsvMain
<LI><a href="#[2a2]">&gt;&gt;</a>&nbsp;&nbsp;&nbsp;SEGGER_RTT_WriteString
<LI><a href="#[23d]">&gt;&gt;</a>&nbsp;&nbsp;&nbsp;SEGGER_RTT_TerminalOut
<LI><a href="#[ba]">&gt;&gt;</a>&nbsp;&nbsp;&nbsp;FUN_SOFT_UART_Poll
<LI><a href="#[187]">&gt;&gt;</a>&nbsp;&nbsp;&nbsp;AvUapiCheckLogicVideoRx
<LI><a href="#[2f3]">&gt;&gt;</a>&nbsp;&nbsp;&nbsp;set_fpga_mode
<LI><a href="#[6b]">&gt;&gt;</a>&nbsp;&nbsp;&nbsp;function_thread
<LI><a href="#[30a]">&gt;&gt;</a>&nbsp;&nbsp;&nbsp;msh_auto_complete
<LI><a href="#[7b]">&gt;&gt;</a>&nbsp;&nbsp;&nbsp;finsh_thread_entry
</UL>

<P><STRONG><a name="[1ff]"></a>memcmp</STRONG> (Thumb, 26 bytes, Stack size 12 bytes, memcmp.o(.text))
<BR><BR>[Stack]<UL><LI>Max Depth = 12<LI>Call Chain = memcmp
</UL>
<BR>[Called By]<UL><LI><a href="#[b4]">&gt;&gt;</a>&nbsp;&nbsp;&nbsp;FUN_FLASH_Write
</UL>

<P><STRONG><a name="[2db]"></a>strcpy</STRONG> (Thumb, 18 bytes, Stack size 0 bytes, strcpy.o(.text))
<BR><BR>[Called By]<UL><LI><a href="#[2d8]">&gt;&gt;</a>&nbsp;&nbsp;&nbsp;finsh_get_prompt
</UL>

<P><STRONG><a name="[2ff]"></a>strncmp</STRONG> (Thumb, 30 bytes, Stack size 12 bytes, strncmp.o(.text))
<BR><BR>[Stack]<UL><LI>Max Depth = 12<LI>Call Chain = strncmp
</UL>
<BR>[Called By]<UL><LI><a href="#[ea]">&gt;&gt;</a>&nbsp;&nbsp;&nbsp;msh_help
<LI><a href="#[30a]">&gt;&gt;</a>&nbsp;&nbsp;&nbsp;msh_auto_complete
<LI><a href="#[2c8]">&gt;&gt;</a>&nbsp;&nbsp;&nbsp;msh_get_cmd
<LI><a href="#[e9]">&gt;&gt;</a>&nbsp;&nbsp;&nbsp;list
</UL>

<P><STRONG><a name="[f4]"></a>__aeabi_dmul</STRONG> (Thumb, 228 bytes, Stack size 48 bytes, dmul.o(.text))
<BR><BR>[Stack]<UL><LI>Max Depth = 88<LI>Call Chain = __aeabi_dmul &rArr; _double_epilogue &rArr; _double_round
</UL>
<BR>[Calls]<UL><LI><a href="#[f5]">&gt;&gt;</a>&nbsp;&nbsp;&nbsp;_double_epilogue
</UL>
<BR>[Called By]<UL><LI><a href="#[206]">&gt;&gt;</a>&nbsp;&nbsp;&nbsp;GM5351A_Set_Frequency
<LI><a href="#[2f3]">&gt;&gt;</a>&nbsp;&nbsp;&nbsp;set_fpga_mode
<LI><a href="#[6c]">&gt;&gt;</a>&nbsp;&nbsp;&nbsp;function_thread
<LI><a href="#[2c6]">&gt;&gt;</a>&nbsp;&nbsp;&nbsp;_fp_digits
</UL>

<P><STRONG><a name="[f6]"></a>__aeabi_ddiv</STRONG> (Thumb, 222 bytes, Stack size 32 bytes, ddiv.o(.text))
<BR><BR>[Stack]<UL><LI>Max Depth = 40<LI>Call Chain = __aeabi_ddiv &rArr; _double_round
</UL>
<BR>[Calls]<UL><LI><a href="#[f7]">&gt;&gt;</a>&nbsp;&nbsp;&nbsp;_double_round
</UL>
<BR>[Called By]<UL><LI><a href="#[2f3]">&gt;&gt;</a>&nbsp;&nbsp;&nbsp;set_fpga_mode
<LI><a href="#[2c6]">&gt;&gt;</a>&nbsp;&nbsp;&nbsp;_fp_digits
</UL>

<P><STRONG><a name="[f8]"></a>__aeabi_ui2d</STRONG> (Thumb, 26 bytes, Stack size 16 bytes, dfltui.o(.text))
<BR><BR>[Stack]<UL><LI>Max Depth = 56<LI>Call Chain = __aeabi_ui2d &rArr; _double_epilogue &rArr; _double_round
</UL>
<BR>[Calls]<UL><LI><a href="#[f5]">&gt;&gt;</a>&nbsp;&nbsp;&nbsp;_double_epilogue
</UL>
<BR>[Called By]<UL><LI><a href="#[206]">&gt;&gt;</a>&nbsp;&nbsp;&nbsp;GM5351A_Set_Frequency
<LI><a href="#[2f3]">&gt;&gt;</a>&nbsp;&nbsp;&nbsp;set_fpga_mode
<LI><a href="#[2f1]">&gt;&gt;</a>&nbsp;&nbsp;&nbsp;nec_get_byte
<LI><a href="#[6c]">&gt;&gt;</a>&nbsp;&nbsp;&nbsp;function_thread
</UL>

<P><STRONG><a name="[f9]"></a>__aeabi_d2uiz</STRONG> (Thumb, 50 bytes, Stack size 8 bytes, dfixui.o(.text))
<BR><BR>[Stack]<UL><LI>Max Depth = 8<LI>Call Chain = __aeabi_d2uiz
</UL>
<BR>[Calls]<UL><LI><a href="#[fa]">&gt;&gt;</a>&nbsp;&nbsp;&nbsp;__aeabi_llsr
</UL>
<BR>[Called By]<UL><LI><a href="#[2f3]">&gt;&gt;</a>&nbsp;&nbsp;&nbsp;set_fpga_mode
</UL>

<P><STRONG><a name="[361]"></a>__aeabi_cdcmpeq</STRONG> (Thumb, 0 bytes, Stack size 0 bytes, cdcmple.o(.text), UNUSED)

<P><STRONG><a name="[23a]"></a>__aeabi_cdcmple</STRONG> (Thumb, 48 bytes, Stack size 0 bytes, cdcmple.o(.text))
<BR><BR>[Called By]<UL><LI><a href="#[206]">&gt;&gt;</a>&nbsp;&nbsp;&nbsp;GM5351A_Set_Frequency
<LI><a href="#[2f1]">&gt;&gt;</a>&nbsp;&nbsp;&nbsp;nec_get_byte
<LI><a href="#[6c]">&gt;&gt;</a>&nbsp;&nbsp;&nbsp;function_thread
</UL>

<P><STRONG><a name="[239]"></a>__aeabi_cdrcmple</STRONG> (Thumb, 48 bytes, Stack size 0 bytes, cdrcmple.o(.text))
<BR><BR>[Called By]<UL><LI><a href="#[206]">&gt;&gt;</a>&nbsp;&nbsp;&nbsp;GM5351A_Set_Frequency
<LI><a href="#[2f1]">&gt;&gt;</a>&nbsp;&nbsp;&nbsp;nec_get_byte
<LI><a href="#[6c]">&gt;&gt;</a>&nbsp;&nbsp;&nbsp;function_thread
<LI><a href="#[2c6]">&gt;&gt;</a>&nbsp;&nbsp;&nbsp;_fp_digits
</UL>

<P><STRONG><a name="[fb]"></a>__aeabi_d2f</STRONG> (Thumb, 56 bytes, Stack size 8 bytes, d2f.o(.text))
<BR><BR>[Stack]<UL><LI>Max Depth = 8<LI>Call Chain = __aeabi_d2f
</UL>
<BR>[Calls]<UL><LI><a href="#[fc]">&gt;&gt;</a>&nbsp;&nbsp;&nbsp;_float_round
</UL>
<BR>[Called By]<UL><LI><a href="#[206]">&gt;&gt;</a>&nbsp;&nbsp;&nbsp;GM5351A_Set_Frequency
</UL>

<P><STRONG><a name="[362]"></a>__aeabi_uidiv</STRONG> (Thumb, 0 bytes, Stack size 12 bytes, uidiv.o(.text), UNUSED)

<P><STRONG><a name="[2cc]"></a>__aeabi_uidivmod</STRONG> (Thumb, 44 bytes, Stack size 12 bytes, uidiv.o(.text), UNUSED)
<BR><BR>[Called By]<UL><LI><a href="#[2c4]">&gt;&gt;</a>&nbsp;&nbsp;&nbsp;_printf_core
</UL>

<P><STRONG><a name="[fd]"></a>__aeabi_uldivmod</STRONG> (Thumb, 98 bytes, Stack size 40 bytes, uldiv.o(.text), UNUSED)
<BR><BR>[Calls]<UL><LI><a href="#[fe]">&gt;&gt;</a>&nbsp;&nbsp;&nbsp;__aeabi_llsl
<LI><a href="#[fa]">&gt;&gt;</a>&nbsp;&nbsp;&nbsp;__aeabi_llsr
</UL>
<BR>[Called By]<UL><LI><a href="#[2c4]">&gt;&gt;</a>&nbsp;&nbsp;&nbsp;_printf_core
<LI><a href="#[2c6]">&gt;&gt;</a>&nbsp;&nbsp;&nbsp;_fp_digits
</UL>

<P><STRONG><a name="[fa]"></a>__aeabi_llsr</STRONG> (Thumb, 32 bytes, Stack size 0 bytes, llushr.o(.text))
<BR><BR>[Called By]<UL><LI><a href="#[f9]">&gt;&gt;</a>&nbsp;&nbsp;&nbsp;__aeabi_d2uiz
<LI><a href="#[fd]">&gt;&gt;</a>&nbsp;&nbsp;&nbsp;__aeabi_uldivmod
<LI><a href="#[f5]">&gt;&gt;</a>&nbsp;&nbsp;&nbsp;_double_epilogue
<LI><a href="#[103]">&gt;&gt;</a>&nbsp;&nbsp;&nbsp;__aeabi_d2ulz
</UL>

<P><STRONG><a name="[363]"></a>_ll_ushift_r</STRONG> (Thumb, 0 bytes, Stack size 0 bytes, llushr.o(.text), UNUSED)

<P><STRONG><a name="[364]"></a>__I$use$fp</STRONG> (Thumb, 0 bytes, Stack size 0 bytes, iusefp.o(.text), UNUSED)

<P><STRONG><a name="[fc]"></a>_float_round</STRONG> (Thumb, 18 bytes, Stack size 0 bytes, fepilogue.o(.text))
<BR><BR>[Called By]<UL><LI><a href="#[fb]">&gt;&gt;</a>&nbsp;&nbsp;&nbsp;__aeabi_d2f
</UL>

<P><STRONG><a name="[365]"></a>_float_epilogue</STRONG> (Thumb, 92 bytes, Stack size 4 bytes, fepilogue.o(.text), UNUSED)

<P><STRONG><a name="[f7]"></a>_double_round</STRONG> (Thumb, 30 bytes, Stack size 8 bytes, depilogue.o(.text))
<BR><BR>[Stack]<UL><LI>Max Depth = 8<LI>Call Chain = _double_round
</UL>
<BR>[Called By]<UL><LI><a href="#[f6]">&gt;&gt;</a>&nbsp;&nbsp;&nbsp;__aeabi_ddiv
<LI><a href="#[f5]">&gt;&gt;</a>&nbsp;&nbsp;&nbsp;_double_epilogue
<LI><a href="#[ff]">&gt;&gt;</a>&nbsp;&nbsp;&nbsp;__aeabi_dadd
</UL>

<P><STRONG><a name="[f5]"></a>_double_epilogue</STRONG> (Thumb, 156 bytes, Stack size 32 bytes, depilogue.o(.text))
<BR><BR>[Stack]<UL><LI>Max Depth = 40<LI>Call Chain = _double_epilogue &rArr; _double_round
</UL>
<BR>[Calls]<UL><LI><a href="#[fe]">&gt;&gt;</a>&nbsp;&nbsp;&nbsp;__aeabi_llsl
<LI><a href="#[fa]">&gt;&gt;</a>&nbsp;&nbsp;&nbsp;__aeabi_llsr
<LI><a href="#[f7]">&gt;&gt;</a>&nbsp;&nbsp;&nbsp;_double_round
</UL>
<BR>[Called By]<UL><LI><a href="#[f8]">&gt;&gt;</a>&nbsp;&nbsp;&nbsp;__aeabi_ui2d
<LI><a href="#[f4]">&gt;&gt;</a>&nbsp;&nbsp;&nbsp;__aeabi_dmul
<LI><a href="#[ff]">&gt;&gt;</a>&nbsp;&nbsp;&nbsp;__aeabi_dadd
</UL>

<P><STRONG><a name="[ff]"></a>__aeabi_dadd</STRONG> (Thumb, 322 bytes, Stack size 48 bytes, dadd.o(.text), UNUSED)
<BR><BR>[Calls]<UL><LI><a href="#[100]">&gt;&gt;</a>&nbsp;&nbsp;&nbsp;__aeabi_lasr
<LI><a href="#[fe]">&gt;&gt;</a>&nbsp;&nbsp;&nbsp;__aeabi_llsl
<LI><a href="#[f7]">&gt;&gt;</a>&nbsp;&nbsp;&nbsp;_double_round
<LI><a href="#[f5]">&gt;&gt;</a>&nbsp;&nbsp;&nbsp;_double_epilogue
</UL>
<BR>[Called By]<UL><LI><a href="#[102]">&gt;&gt;</a>&nbsp;&nbsp;&nbsp;__aeabi_drsub
<LI><a href="#[101]">&gt;&gt;</a>&nbsp;&nbsp;&nbsp;__aeabi_dsub
<LI><a href="#[2c6]">&gt;&gt;</a>&nbsp;&nbsp;&nbsp;_fp_digits
</UL>

<P><STRONG><a name="[101]"></a>__aeabi_dsub</STRONG> (Thumb, 6 bytes, Stack size 0 bytes, dadd.o(.text), UNUSED)
<BR><BR>[Calls]<UL><LI><a href="#[ff]">&gt;&gt;</a>&nbsp;&nbsp;&nbsp;__aeabi_dadd
</UL>

<P><STRONG><a name="[102]"></a>__aeabi_drsub</STRONG> (Thumb, 6 bytes, Stack size 0 bytes, dadd.o(.text), UNUSED)
<BR><BR>[Calls]<UL><LI><a href="#[ff]">&gt;&gt;</a>&nbsp;&nbsp;&nbsp;__aeabi_dadd
</UL>

<P><STRONG><a name="[103]"></a>__aeabi_d2ulz</STRONG> (Thumb, 48 bytes, Stack size 0 bytes, dfixul.o(.text), UNUSED)
<BR><BR>[Calls]<UL><LI><a href="#[fe]">&gt;&gt;</a>&nbsp;&nbsp;&nbsp;__aeabi_llsl
<LI><a href="#[fa]">&gt;&gt;</a>&nbsp;&nbsp;&nbsp;__aeabi_llsr
</UL>
<BR>[Called By]<UL><LI><a href="#[2c6]">&gt;&gt;</a>&nbsp;&nbsp;&nbsp;_fp_digits
</UL>

<P><STRONG><a name="[ef]"></a>__scatterload</STRONG> (Thumb, 28 bytes, Stack size 0 bytes, init.o(.text))
<BR><BR>[Calls]<UL><LI><a href="#[104]">&gt;&gt;</a>&nbsp;&nbsp;&nbsp;__main_after_scatterload
</UL>
<BR>[Called By]<UL><LI><a href="#[ee]">&gt;&gt;</a>&nbsp;&nbsp;&nbsp;_main_scatterload
</UL>

<P><STRONG><a name="[366]"></a>__scatterload_rt2</STRONG> (Thumb, 0 bytes, Stack size 0 bytes, init.o(.text), UNUSED)

<P><STRONG><a name="[fe]"></a>__aeabi_llsl</STRONG> (Thumb, 30 bytes, Stack size 0 bytes, llshl.o(.text))
<BR><BR>[Called By]<UL><LI><a href="#[fd]">&gt;&gt;</a>&nbsp;&nbsp;&nbsp;__aeabi_uldivmod
<LI><a href="#[f5]">&gt;&gt;</a>&nbsp;&nbsp;&nbsp;_double_epilogue
<LI><a href="#[ff]">&gt;&gt;</a>&nbsp;&nbsp;&nbsp;__aeabi_dadd
<LI><a href="#[103]">&gt;&gt;</a>&nbsp;&nbsp;&nbsp;__aeabi_d2ulz
</UL>

<P><STRONG><a name="[367]"></a>_ll_shift_l</STRONG> (Thumb, 0 bytes, Stack size 0 bytes, llshl.o(.text), UNUSED)

<P><STRONG><a name="[100]"></a>__aeabi_lasr</STRONG> (Thumb, 36 bytes, Stack size 0 bytes, llsshr.o(.text), UNUSED)
<BR><BR>[Called By]<UL><LI><a href="#[ff]">&gt;&gt;</a>&nbsp;&nbsp;&nbsp;__aeabi_dadd
</UL>

<P><STRONG><a name="[368]"></a>_ll_sshift_r</STRONG> (Thumb, 0 bytes, Stack size 0 bytes, llsshr.o(.text), UNUSED)

<P><STRONG><a name="[369]"></a>__decompress</STRONG> (Thumb, 0 bytes, Stack size unknown bytes, __dczerorl2.o(.text), UNUSED)

<P><STRONG><a name="[36a]"></a>__decompress1</STRONG> (Thumb, 86 bytes, Stack size unknown bytes, __dczerorl2.o(.text), UNUSED)

<P><STRONG><a name="[68]"></a>main</STRONG> (Thumb, 10 bytes, Stack size 8 bytes, components.o(i.$Sub$$main))
<BR><BR>[Stack]<UL><LI>Max Depth = 300<LI>Call Chain = main &rArr; rtthread_startup &rArr; rt_application_init &rArr; rt_thread_create &rArr; rt_object_delete &rArr; rt_free &rArr; rt_kprintf &rArr; rt_vsnprintf &rArr; print_number
</UL>
<BR>[Calls]<UL><LI><a href="#[105]">&gt;&gt;</a>&nbsp;&nbsp;&nbsp;rtthread_startup
</UL>
<BR>[Address Reference Count : 1]<UL><LI> entry9a.o(.ARM.Collect$$$$0000000B)
</UL>
<P><STRONG><a name="[106]"></a>APP_NEC_ClearActivate</STRONG> (Thumb, 22 bytes, Stack size 8 bytes, app_nec.o(i.APP_NEC_ClearActivate))
<BR><BR>[Stack]<UL><LI>Max Depth = 120<LI>Call Chain = APP_NEC_ClearActivate &rArr; FUN_WRITE &rArr; rt_mutex_take &rArr; rt_thread_control &rArr; rt_thread_startup &rArr; rt_thread_resume &rArr; rt_timer_stop &rArr; _rt_timer_remove
</UL>
<BR>[Calls]<UL><LI><a href="#[107]">&gt;&gt;</a>&nbsp;&nbsp;&nbsp;FUN_WRITE
</UL>
<BR>[Called By]<UL><LI><a href="#[6e]">&gt;&gt;</a>&nbsp;&nbsp;&nbsp;function_thread
</UL>

<P><STRONG><a name="[108]"></a>APP_SOFT_USART_ClearActivate</STRONG> (Thumb, 22 bytes, Stack size 8 bytes, app_soft_usart.o(i.APP_SOFT_USART_ClearActivate))
<BR><BR>[Stack]<UL><LI>Max Depth = 120<LI>Call Chain = APP_SOFT_USART_ClearActivate &rArr; FUN_WRITE &rArr; rt_mutex_take &rArr; rt_thread_control &rArr; rt_thread_startup &rArr; rt_thread_resume &rArr; rt_timer_stop &rArr; _rt_timer_remove
</UL>
<BR>[Calls]<UL><LI><a href="#[109]">&gt;&gt;</a>&nbsp;&nbsp;&nbsp;FUN_WRITE
</UL>
<BR>[Called By]<UL><LI><a href="#[6e]">&gt;&gt;</a>&nbsp;&nbsp;&nbsp;function_thread
</UL>

<P><STRONG><a name="[10b]"></a>APP_SOFT_USART_SendSetMode</STRONG> (Thumb, 32 bytes, Stack size 16 bytes, app_soft_usart.o(i.APP_SOFT_USART_SendSetMode))
<BR><BR>[Stack]<UL><LI>Max Depth = 52<LI>Call Chain = APP_SOFT_USART_SendSetMode &rArr; KVM_UART_SendFrame &rArr; KVM_CRC8_Calculate
</UL>
<BR>[Calls]<UL><LI><a href="#[10d]">&gt;&gt;</a>&nbsp;&nbsp;&nbsp;KVM_UART_SendFrame
<LI><a href="#[10c]">&gt;&gt;</a>&nbsp;&nbsp;&nbsp;KVM_FpgaModeToKvmMode
</UL>
<BR>[Called By]<UL><LI><a href="#[6c]">&gt;&gt;</a>&nbsp;&nbsp;&nbsp;function_thread
</UL>

<P><STRONG><a name="[247]"></a>AvApiAddDevice</STRONG> (Thumb, 22 bytes, Stack size 16 bytes, kapi.o(i.AvApiAddDevice))
<BR><BR>[Stack]<UL><LI>Max Depth = 16<LI>Call Chain = AvApiAddDevice
</UL>
<BR>[Called By]<UL><LI><a href="#[244]">&gt;&gt;</a>&nbsp;&nbsp;&nbsp;GsvMain
</UL>

<P><STRONG><a name="[10e]"></a>AvApiAddPort</STRONG> (Thumb, 60 bytes, Stack size 24 bytes, kapi.o(i.AvApiAddPort))
<BR><BR>[Stack]<UL><LI>Max Depth = 256<LI>Call Chain = AvApiAddPort &rArr; AvApiPortMemAllocate &rArr; AvUapiAllocateMemory &rArr; AvUapiOuputDbgMsg &rArr; vsprintf
</UL>
<BR>[Calls]<UL><LI><a href="#[10f]">&gt;&gt;</a>&nbsp;&nbsp;&nbsp;AvApiPortMemAllocate
</UL>
<BR>[Called By]<UL><LI><a href="#[244]">&gt;&gt;</a>&nbsp;&nbsp;&nbsp;GsvMain
</UL>

<P><STRONG><a name="[110]"></a>AvApiConnectPort</STRONG> (Thumb, 318 bytes, Stack size 32 bytes, kapi.o(i.AvApiConnectPort))
<BR><BR>[Stack]<UL><LI>Max Depth = 456<LI>Call Chain = AvApiConnectPort &rArr; AvHandleEvent &rArr; AvEdidPortManage &rArr; KfunTxReadEdid &rArr; AvUapiTxReadEdid &rArr; AvUapiTxGetSinkHdcpCapability &rArr; AvUapiOuputDbgMsg &rArr; vsprintf
</UL>
<BR>[Calls]<UL><LI><a href="#[112]">&gt;&gt;</a>&nbsp;&nbsp;&nbsp;AvHandleEvent
<LI><a href="#[114]">&gt;&gt;</a>&nbsp;&nbsp;&nbsp;AvUapiConnectPort
<LI><a href="#[111]">&gt;&gt;</a>&nbsp;&nbsp;&nbsp;ClearVideoFromPort
<LI><a href="#[113]">&gt;&gt;</a>&nbsp;&nbsp;&nbsp;ClearAudioFromPort
</UL>
<BR>[Called By]<UL><LI><a href="#[244]">&gt;&gt;</a>&nbsp;&nbsp;&nbsp;GsvMain
<LI><a href="#[17f]">&gt;&gt;</a>&nbsp;&nbsp;&nbsp;AvPortSetRouting
<LI><a href="#[17c]">&gt;&gt;</a>&nbsp;&nbsp;&nbsp;AvPortConnectUpdate
</UL>

<P><STRONG><a name="[115]"></a>AvApiInit</STRONG> (Thumb, 18 bytes, Stack size 16 bytes, kapi.o(i.AvApiInit))
<BR><BR>[Stack]<UL><LI>Max Depth = 16<LI>Call Chain = AvApiInit
</UL>
<BR>[Calls]<UL><LI><a href="#[116]">&gt;&gt;</a>&nbsp;&nbsp;&nbsp;AvUapiInit
</UL>
<BR>[Called By]<UL><LI><a href="#[244]">&gt;&gt;</a>&nbsp;&nbsp;&nbsp;GsvMain
</UL>

<P><STRONG><a name="[117]"></a>AvApiInitDevice</STRONG> (Thumb, 18 bytes, Stack size 16 bytes, kapi.o(i.AvApiInitDevice))
<BR><BR>[Stack]<UL><LI>Max Depth = 288<LI>Call Chain = AvApiInitDevice &rArr; AvUapiInitDevice &rArr; Gsv2k11MpllProtect &rArr; AvUapiOuputDbgMsg &rArr; vsprintf
</UL>
<BR>[Calls]<UL><LI><a href="#[118]">&gt;&gt;</a>&nbsp;&nbsp;&nbsp;AvUapiInitDevice
</UL>
<BR>[Called By]<UL><LI><a href="#[244]">&gt;&gt;</a>&nbsp;&nbsp;&nbsp;GsvMain
</UL>

<P><STRONG><a name="[119]"></a>AvApiInitFsm</STRONG> (Thumb, 92 bytes, Stack size 8 bytes, kapi.o(i.AvApiInitFsm))
<BR><BR>[Stack]<UL><LI>Max Depth = 24<LI>Call Chain = AvApiInitFsm &rArr; AvFsmEnterFunPlugTxFsm &rArr; KfunPtPortInit
</UL>
<BR>[Calls]<UL><LI><a href="#[11b]">&gt;&gt;</a>&nbsp;&nbsp;&nbsp;AvFsmEnterFunReceiverFsm
<LI><a href="#[11c]">&gt;&gt;</a>&nbsp;&nbsp;&nbsp;AvFsmEnterFunPlugTxFsm
<LI><a href="#[11a]">&gt;&gt;</a>&nbsp;&nbsp;&nbsp;AvFsmEnterFunPlugRxFsm
</UL>
<BR>[Called By]<UL><LI><a href="#[11e]">&gt;&gt;</a>&nbsp;&nbsp;&nbsp;AvApiPortStart
</UL>

<P><STRONG><a name="[10f]"></a>AvApiPortMemAllocate</STRONG> (Thumb, 970 bytes, Stack size 16 bytes, kapi.o(i.AvApiPortMemAllocate))
<BR><BR>[Stack]<UL><LI>Max Depth = 232<LI>Call Chain = AvApiPortMemAllocate &rArr; AvUapiAllocateMemory &rArr; AvUapiOuputDbgMsg &rArr; vsprintf
</UL>
<BR>[Calls]<UL><LI><a href="#[11d]">&gt;&gt;</a>&nbsp;&nbsp;&nbsp;AvUapiAllocateMemory
</UL>
<BR>[Called By]<UL><LI><a href="#[10e]">&gt;&gt;</a>&nbsp;&nbsp;&nbsp;AvApiAddPort
</UL>

<P><STRONG><a name="[11e]"></a>AvApiPortStart</STRONG> (Thumb, 26 bytes, Stack size 16 bytes, kapi.o(i.AvApiPortStart))
<BR><BR>[Stack]<UL><LI>Max Depth = 40<LI>Call Chain = AvApiPortStart &rArr; AvApiInitFsm &rArr; AvFsmEnterFunPlugTxFsm &rArr; KfunPtPortInit
</UL>
<BR>[Calls]<UL><LI><a href="#[119]">&gt;&gt;</a>&nbsp;&nbsp;&nbsp;AvApiInitFsm
</UL>
<BR>[Called By]<UL><LI><a href="#[244]">&gt;&gt;</a>&nbsp;&nbsp;&nbsp;GsvMain
</UL>

<P><STRONG><a name="[11f]"></a>AvApiUpdate</STRONG> (Thumb, 290 bytes, Stack size 16 bytes, kapi.o(i.AvApiUpdate))
<BR><BR>[Stack]<UL><LI>Max Depth = 792<LI>Call Chain = AvApiUpdate &rArr; AvFsmFunPlugTxFsm &rArr; KfunCecUpdateFromEdid &rArr; KfunTxUseDefaultEdid &rArr; AvHandleEvent &rArr; AvEdidPortManage &rArr; KfunTxReadEdid &rArr; AvUapiTxReadEdid &rArr; AvUapiTxGetSinkHdcpCapability &rArr; AvUapiOuputDbgMsg &rArr; vsprintf
</UL>
<BR>[Calls]<UL><LI><a href="#[125]">&gt;&gt;</a>&nbsp;&nbsp;&nbsp;PrintReceiverFsm
<LI><a href="#[12d]">&gt;&gt;</a>&nbsp;&nbsp;&nbsp;PrintPlugTxFsm
<LI><a href="#[122]">&gt;&gt;</a>&nbsp;&nbsp;&nbsp;PrintPlugRxFsm
<LI><a href="#[127]">&gt;&gt;</a>&nbsp;&nbsp;&nbsp;PrintHdcpFsm
<LI><a href="#[129]">&gt;&gt;</a>&nbsp;&nbsp;&nbsp;KfunSimpleHdcpSync
<LI><a href="#[126]">&gt;&gt;</a>&nbsp;&nbsp;&nbsp;KfunSimpleHdcpManage
<LI><a href="#[130]">&gt;&gt;</a>&nbsp;&nbsp;&nbsp;KfunCheckVideoScaler
<LI><a href="#[131]">&gt;&gt;</a>&nbsp;&nbsp;&nbsp;KfunCheckVideoColor
<LI><a href="#[123]">&gt;&gt;</a>&nbsp;&nbsp;&nbsp;KfunCheckRxState
<LI><a href="#[12b]">&gt;&gt;</a>&nbsp;&nbsp;&nbsp;KfunCheckPtState
<LI><a href="#[120]">&gt;&gt;</a>&nbsp;&nbsp;&nbsp;KfunCheckPrState
<LI><a href="#[12e]">&gt;&gt;</a>&nbsp;&nbsp;&nbsp;KfunCheckLogicVideoTx
<LI><a href="#[128]">&gt;&gt;</a>&nbsp;&nbsp;&nbsp;KfunCheckLogicVideoRx
<LI><a href="#[12f]">&gt;&gt;</a>&nbsp;&nbsp;&nbsp;KfunCheckLogicAudioTx
<LI><a href="#[12a]">&gt;&gt;</a>&nbsp;&nbsp;&nbsp;KfunCheckLogicAudioRx
<LI><a href="#[124]">&gt;&gt;</a>&nbsp;&nbsp;&nbsp;AvFsmFunReceiverFsm
<LI><a href="#[12c]">&gt;&gt;</a>&nbsp;&nbsp;&nbsp;AvFsmFunPlugTxFsm
<LI><a href="#[121]">&gt;&gt;</a>&nbsp;&nbsp;&nbsp;AvFsmFunPlugRxFsm
</UL>
<BR>[Called By]<UL><LI><a href="#[244]">&gt;&gt;</a>&nbsp;&nbsp;&nbsp;GsvMain
</UL>

<P><STRONG><a name="[132]"></a>AvEdidFunFullAnalysis</STRONG> (Thumb, 562 bytes, Stack size 36 bytes, av_edid_manage.o(i.AvEdidFunFullAnalysis))
<BR><BR>[Stack]<UL><LI>Max Depth = 104<LI>Call Chain = AvEdidFunFullAnalysis &rArr; AvEdidFuncCeabAudioRead
</UL>
<BR>[Calls]<UL><LI><a href="#[133]">&gt;&gt;</a>&nbsp;&nbsp;&nbsp;AvEdidFuncFindCeabTag
<LI><a href="#[139]">&gt;&gt;</a>&nbsp;&nbsp;&nbsp;AvEdidFuncCeabY420VdbRead
<LI><a href="#[13b]">&gt;&gt;</a>&nbsp;&nbsp;&nbsp;AvEdidFuncCeabY420CmdbRead
<LI><a href="#[13c]">&gt;&gt;</a>&nbsp;&nbsp;&nbsp;AvEdidFuncCeabVsvdbRead
<LI><a href="#[136]">&gt;&gt;</a>&nbsp;&nbsp;&nbsp;AvEdidFuncCeabVsdbHfRead
<LI><a href="#[135]">&gt;&gt;</a>&nbsp;&nbsp;&nbsp;AvEdidFuncCeabVsdbHdmiRead
<LI><a href="#[137]">&gt;&gt;</a>&nbsp;&nbsp;&nbsp;AvEdidFuncCeabVcdbRead
<LI><a href="#[138]">&gt;&gt;</a>&nbsp;&nbsp;&nbsp;AvEdidFuncCeabHdrStRead
<LI><a href="#[13a]">&gt;&gt;</a>&nbsp;&nbsp;&nbsp;AvEdidFuncCeabCdbRead
<LI><a href="#[134]">&gt;&gt;</a>&nbsp;&nbsp;&nbsp;AvEdidFuncCeabAudioRead
</UL>
<BR>[Called By]<UL><LI><a href="#[14d]">&gt;&gt;</a>&nbsp;&nbsp;&nbsp;AvEdidPortAnalysis
</UL>

<P><STRONG><a name="[142]"></a>AvEdidFuncBlockPermit</STRONG> (Thumb, 30 bytes, Stack size 16 bytes, av_edid_manage.o(i.AvEdidFuncBlockPermit))
<BR><BR>[Stack]<UL><LI>Max Depth = 16<LI>Call Chain = AvEdidFuncBlockPermit
</UL>
<BR>[Called By]<UL><LI><a href="#[13d]">&gt;&gt;</a>&nbsp;&nbsp;&nbsp;AvEdidFuncCeaProcess
</UL>

<P><STRONG><a name="[14b]"></a>AvEdidFuncBulkAddValue</STRONG> (Thumb, 30 bytes, Stack size 16 bytes, av_edid_manage.o(i.AvEdidFuncBulkAddValue))
<BR><BR>[Stack]<UL><LI>Max Depth = 16<LI>Call Chain = AvEdidFuncBulkAddValue
</UL>
<BR>[Called By]<UL><LI><a href="#[13e]">&gt;&gt;</a>&nbsp;&nbsp;&nbsp;AvEdidFuncCeabSVD
</UL>

<P><STRONG><a name="[14a]"></a>AvEdidFuncBulkWriteData</STRONG> (Thumb, 36 bytes, Stack size 20 bytes, av_edid_manage.o(i.AvEdidFuncBulkWriteData))
<BR><BR>[Stack]<UL><LI>Max Depth = 20<LI>Call Chain = AvEdidFuncBulkWriteData
</UL>
<BR>[Called By]<UL><LI><a href="#[149]">&gt;&gt;</a>&nbsp;&nbsp;&nbsp;AvEdidFuncDtdWrite
<LI><a href="#[148]">&gt;&gt;</a>&nbsp;&nbsp;&nbsp;AvEdidFuncCeabDolbyVisionSt
</UL>

<P><STRONG><a name="[13d]"></a>AvEdidFuncCeaProcess</STRONG> (Thumb, 1218 bytes, Stack size 104 bytes, av_edid_manage.o(i.AvEdidFuncCeaProcess))
<BR><BR>[Stack]<UL><LI>Max Depth = 228<LI>Call Chain = AvEdidFuncCeaProcess &rArr; AvEdidFuncCeabY420Cmdb &rArr; AvEdidFuncCeabY420CmdbRead &rArr; AvEdidFuncFindCeabTag
</UL>
<BR>[Calls]<UL><LI><a href="#[133]">&gt;&gt;</a>&nbsp;&nbsp;&nbsp;AvEdidFuncFindCeabTag
<LI><a href="#[149]">&gt;&gt;</a>&nbsp;&nbsp;&nbsp;AvEdidFuncDtdWrite
<LI><a href="#[147]">&gt;&gt;</a>&nbsp;&nbsp;&nbsp;AvEdidFuncCeabY420Vdb
<LI><a href="#[146]">&gt;&gt;</a>&nbsp;&nbsp;&nbsp;AvEdidFuncCeabY420Cmdb
<LI><a href="#[141]">&gt;&gt;</a>&nbsp;&nbsp;&nbsp;AvEdidFuncCeabVsdbHf
<LI><a href="#[140]">&gt;&gt;</a>&nbsp;&nbsp;&nbsp;AvEdidFuncCeabVsdbHdmi
<LI><a href="#[143]">&gt;&gt;</a>&nbsp;&nbsp;&nbsp;AvEdidFuncCeabVcdb
<LI><a href="#[13e]">&gt;&gt;</a>&nbsp;&nbsp;&nbsp;AvEdidFuncCeabSVD
<LI><a href="#[145]">&gt;&gt;</a>&nbsp;&nbsp;&nbsp;AvEdidFuncCeabHdrSt
<LI><a href="#[148]">&gt;&gt;</a>&nbsp;&nbsp;&nbsp;AvEdidFuncCeabDolbyVisionSt
<LI><a href="#[144]">&gt;&gt;</a>&nbsp;&nbsp;&nbsp;AvEdidFuncCeabCdb
<LI><a href="#[13f]">&gt;&gt;</a>&nbsp;&nbsp;&nbsp;AvEdidFuncCeabAudio
<LI><a href="#[142]">&gt;&gt;</a>&nbsp;&nbsp;&nbsp;AvEdidFuncBlockPermit
</UL>
<BR>[Called By]<UL><LI><a href="#[151]">&gt;&gt;</a>&nbsp;&nbsp;&nbsp;AvEdidPortManage
</UL>

<P><STRONG><a name="[13f]"></a>AvEdidFuncCeabAudio</STRONG> (Thumb, 636 bytes, Stack size 56 bytes, av_edid_manage.o(i.AvEdidFuncCeabAudio))
[...]
<LI><a href="#[e0]">&gt;&gt;</a>&nbsp;&nbsp;&nbsp;list_thread
<LI><a href="#[e1]">&gt;&gt;</a>&nbsp;&nbsp;&nbsp;list_sem
<LI><a href="#[e3]">&gt;&gt;</a>&nbsp;&nbsp;&nbsp;list_mutex
<LI><a href="#[e5]">&gt;&gt;</a>&nbsp;&nbsp;&nbsp;list_msgqueue
<LI><a href="#[e6]">&gt;&gt;</a>&nbsp;&nbsp;&nbsp;list_mempool
<LI><a href="#[e4]">&gt;&gt;</a>&nbsp;&nbsp;&nbsp;list_mailbox
<LI><a href="#[e2]">&gt;&gt;</a>&nbsp;&nbsp;&nbsp;list_event
<LI><a href="#[e8]">&gt;&gt;</a>&nbsp;&nbsp;&nbsp;list_device
</UL>

<P><STRONG><a name="[303]"></a>rt_list_isempty</STRONG> (Thumb, 16 bytes, Stack size 0 bytes, cmd.o(i.rt_list_isempty))
<BR><BR>[Called By]<UL><LI><a href="#[e1]">&gt;&gt;</a>&nbsp;&nbsp;&nbsp;list_sem
<LI><a href="#[e5]">&gt;&gt;</a>&nbsp;&nbsp;&nbsp;list_msgqueue
<LI><a href="#[e4]">&gt;&gt;</a>&nbsp;&nbsp;&nbsp;list_mailbox
<LI><a href="#[e2]">&gt;&gt;</a>&nbsp;&nbsp;&nbsp;list_event
</UL>

<P><STRONG><a name="[304]"></a>rt_list_len</STRONG> (Thumb, 20 bytes, Stack size 0 bytes, cmd.o(i.rt_list_len))
<BR><BR>[Called By]<UL><LI><a href="#[e1]">&gt;&gt;</a>&nbsp;&nbsp;&nbsp;list_sem
<LI><a href="#[e3]">&gt;&gt;</a>&nbsp;&nbsp;&nbsp;list_mutex
<LI><a href="#[e5]">&gt;&gt;</a>&nbsp;&nbsp;&nbsp;list_msgqueue
<LI><a href="#[e4]">&gt;&gt;</a>&nbsp;&nbsp;&nbsp;list_mailbox
<LI><a href="#[e2]">&gt;&gt;</a>&nbsp;&nbsp;&nbsp;list_event
</UL>

<P><STRONG><a name="[305]"></a>show_wait_queue</STRONG> (Thumb, 40 bytes, Stack size 16 bytes, cmd.o(i.show_wait_queue))
<BR><BR>[Stack]<UL><LI>Max Depth = 196<LI>Call Chain = show_wait_queue &rArr; rt_kprintf &rArr; rt_vsnprintf &rArr; print_number
</UL>
<BR>[Calls]<UL><LI><a href="#[24e]">&gt;&gt;</a>&nbsp;&nbsp;&nbsp;rt_kprintf
</UL>
<BR>[Called By]<UL><LI><a href="#[e1]">&gt;&gt;</a>&nbsp;&nbsp;&nbsp;list_sem
<LI><a href="#[e5]">&gt;&gt;</a>&nbsp;&nbsp;&nbsp;list_msgqueue
<LI><a href="#[e6]">&gt;&gt;</a>&nbsp;&nbsp;&nbsp;list_mempool
<LI><a href="#[e4]">&gt;&gt;</a>&nbsp;&nbsp;&nbsp;list_mailbox
<LI><a href="#[e2]">&gt;&gt;</a>&nbsp;&nbsp;&nbsp;list_event
</UL>

<P><STRONG><a name="[2c7]"></a>_msh_exec_cmd</STRONG> (Thumb, 106 bytes, Stack size 64 bytes, msh.o(i._msh_exec_cmd))
<BR><BR>[Stack]<UL><LI>Max Depth = 276<LI>Call Chain = _msh_exec_cmd &rArr; msh_split &rArr; rt_kprintf &rArr; rt_vsnprintf &rArr; print_number
</UL>
<BR>[Calls]<UL><LI><a href="#[1e9]">&gt;&gt;</a>&nbsp;&nbsp;&nbsp;__aeabi_memclr4
<LI><a href="#[2c9]">&gt;&gt;</a>&nbsp;&nbsp;&nbsp;msh_split
<LI><a href="#[2c8]">&gt;&gt;</a>&nbsp;&nbsp;&nbsp;msh_get_cmd
</UL>
<BR>[Called By]<UL><LI><a href="#[2ec]">&gt;&gt;</a>&nbsp;&nbsp;&nbsp;msh_exec
</UL>

<P><STRONG><a name="[2c8]"></a>msh_get_cmd</STRONG> (Thumb, 76 bytes, Stack size 24 bytes, msh.o(i.msh_get_cmd))
<BR><BR>[Stack]<UL><LI>Max Depth = 36<LI>Call Chain = msh_get_cmd &rArr; strncmp
</UL>
<BR>[Calls]<UL><LI><a href="#[2ff]">&gt;&gt;</a>&nbsp;&nbsp;&nbsp;strncmp
</UL>
<BR>[Called By]<UL><LI><a href="#[2c7]">&gt;&gt;</a>&nbsp;&nbsp;&nbsp;_msh_exec_cmd
</UL>

<P><STRONG><a name="[2c9]"></a>msh_split</STRONG> (Thumb, 202 bytes, Stack size 32 bytes, msh.o(i.msh_split))
<BR><BR>[Stack]<UL><LI>Max Depth = 212<LI>Call Chain = msh_split &rArr; rt_kprintf &rArr; rt_vsnprintf &rArr; print_number
</UL>
<BR>[Calls]<UL><LI><a href="#[24e]">&gt;&gt;</a>&nbsp;&nbsp;&nbsp;rt_kprintf
</UL>
<BR>[Called By]<UL><LI><a href="#[2c7]">&gt;&gt;</a>&nbsp;&nbsp;&nbsp;_msh_exec_cmd
</UL>

<P><STRONG><a name="[30b]"></a>str_common</STRONG> (Thumb, 32 bytes, Stack size 8 bytes, msh.o(i.str_common))
<BR><BR>[Stack]<UL><LI>Max Depth = 8<LI>Call Chain = str_common
</UL>
<BR>[Called By]<UL><LI><a href="#[30a]">&gt;&gt;</a>&nbsp;&nbsp;&nbsp;msh_auto_complete
</UL>

<P><STRONG><a name="[2dd]"></a>finsh_getchar</STRONG> (Thumb, 60 bytes, Stack size 8 bytes, shell.o(i.finsh_getchar))
<BR><BR>[Stack]<UL><LI>Max Depth = 112<LI>Call Chain = finsh_getchar &rArr; rt_hw_console_getchar &rArr; SEGGER_RTT_Read &rArr; SEGGER_RTT_ReadNoLock &rArr; _DoInit
</UL>
<BR>[Calls]<UL><LI><a href="#[23c]">&gt;&gt;</a>&nbsp;&nbsp;&nbsp;rt_sem_take
<LI><a href="#[2de]">&gt;&gt;</a>&nbsp;&nbsp;&nbsp;rt_device_read
<LI><a href="#[2df]">&gt;&gt;</a>&nbsp;&nbsp;&nbsp;rt_hw_console_getchar
</UL>
<BR>[Called By]<UL><LI><a href="#[7b]">&gt;&gt;</a>&nbsp;&nbsp;&nbsp;finsh_thread_entry
</UL>

<P><STRONG><a name="[7a]"></a>finsh_rx_ind</STRONG> (Thumb, 18 bytes, Stack size 16 bytes, shell.o(i.finsh_rx_ind))
<BR><BR>[Stack]<UL><LI>Max Depth = 96<LI>Call Chain = finsh_rx_ind &rArr; rt_sem_release &rArr; rt_ipc_list_resume &rArr; rt_thread_resume &rArr; rt_timer_stop &rArr; _rt_timer_remove
</UL>
<BR>[Calls]<UL><LI><a href="#[10a]">&gt;&gt;</a>&nbsp;&nbsp;&nbsp;rt_sem_release
</UL>
<BR>[Address Reference Count : 1]<UL><LI> shell.o(i.finsh_set_device)
</UL>
<P><STRONG><a name="[2ea]"></a>shell_auto_complete</STRONG> (Thumb, 42 bytes, Stack size 16 bytes, shell.o(i.shell_auto_complete))
<BR><BR>[Stack]<UL><LI>Max Depth = 244<LI>Call Chain = shell_auto_complete &rArr; msh_auto_complete &rArr; msh_help &rArr; rt_kprintf &rArr; rt_vsnprintf &rArr; print_number
</UL>
<BR>[Calls]<UL><LI><a href="#[24e]">&gt;&gt;</a>&nbsp;&nbsp;&nbsp;rt_kprintf
<LI><a href="#[2da]">&gt;&gt;</a>&nbsp;&nbsp;&nbsp;msh_is_used
<LI><a href="#[30a]">&gt;&gt;</a>&nbsp;&nbsp;&nbsp;msh_auto_complete
<LI><a href="#[2d8]">&gt;&gt;</a>&nbsp;&nbsp;&nbsp;finsh_get_prompt
</UL>
<BR>[Called By]<UL><LI><a href="#[7b]">&gt;&gt;</a>&nbsp;&nbsp;&nbsp;finsh_thread_entry
</UL>

<P><STRONG><a name="[2d7]"></a>bus_fault_track</STRONG> (Thumb, 130 bytes, Stack size 8 bytes, cpuport.o(i.bus_fault_track))
<BR><BR>[Stack]<UL><LI>Max Depth = 188<LI>Call Chain = bus_fault_track &rArr; rt_kprintf &rArr; rt_vsnprintf &rArr; print_number
</UL>
<BR>[Calls]<UL><LI><a href="#[24e]">&gt;&gt;</a>&nbsp;&nbsp;&nbsp;rt_kprintf
</UL>
<BR>[Called By]<UL><LI><a href="#[2f5]">&gt;&gt;</a>&nbsp;&nbsp;&nbsp;hard_fault_track
</UL>

<P><STRONG><a name="[2f5]"></a>hard_fault_track</STRONG> (Thumb, 82 bytes, Stack size 8 bytes, cpuport.o(i.hard_fault_track))
<BR><BR>[Stack]<UL><LI>Max Depth = 196<LI>Call Chain = hard_fault_track &rArr; usage_fault_track &rArr; rt_kprintf &rArr; rt_vsnprintf &rArr; print_number
</UL>
<BR>[Calls]<UL><LI><a href="#[24e]">&gt;&gt;</a>&nbsp;&nbsp;&nbsp;rt_kprintf
<LI><a href="#[2f7]">&gt;&gt;</a>&nbsp;&nbsp;&nbsp;usage_fault_track
<LI><a href="#[2f6]">&gt;&gt;</a>&nbsp;&nbsp;&nbsp;mem_manage_fault_track
<LI><a href="#[2d7]">&gt;&gt;</a>&nbsp;&nbsp;&nbsp;bus_fault_track
</UL>
<BR>[Called By]<UL><LI><a href="#[f0]">&gt;&gt;</a>&nbsp;&nbsp;&nbsp;rt_hw_hard_fault_exception
</UL>

<P><STRONG><a name="[2f6]"></a>mem_manage_fault_track</STRONG> (Thumb, 114 bytes, Stack size 8 bytes, cpuport.o(i.mem_manage_fault_track))
<BR><BR>[Stack]<UL><LI>Max Depth = 188<LI>Call Chain = mem_manage_fault_track &rArr; rt_kprintf &rArr; rt_vsnprintf &rArr; print_number
</UL>
<BR>[Calls]<UL><LI><a href="#[24e]">&gt;&gt;</a>&nbsp;&nbsp;&nbsp;rt_kprintf
</UL>
<BR>[Called By]<UL><LI><a href="#[2f5]">&gt;&gt;</a>&nbsp;&nbsp;&nbsp;hard_fault_track
</UL>

<P><STRONG><a name="[2f7]"></a>usage_fault_track</STRONG> (Thumb, 122 bytes, Stack size 8 bytes, cpuport.o(i.usage_fault_track))
<BR><BR>[Stack]<UL><LI>Max Depth = 188<LI>Call Chain = usage_fault_track &rArr; rt_kprintf &rArr; rt_vsnprintf &rArr; print_number
</UL>
<BR>[Calls]<UL><LI><a href="#[24e]">&gt;&gt;</a>&nbsp;&nbsp;&nbsp;rt_kprintf
</UL>
<BR>[Called By]<UL><LI><a href="#[2f5]">&gt;&gt;</a>&nbsp;&nbsp;&nbsp;hard_fault_track
</UL>

<P><STRONG><a name="[db]"></a>rti_board_end</STRONG> (Thumb, 4 bytes, Stack size 0 bytes, components.o(i.rti_board_end))
<BR>[Address Reference Count : 1]<UL><LI> components.o(.rti_fn.1.end)
</UL>
<P><STRONG><a name="[d9]"></a>rti_board_start</STRONG> (Thumb, 4 bytes, Stack size 0 bytes, components.o(i.rti_board_start))
<BR>[Address Reference Count : 1]<UL><LI> components.o(.rti_fn.0.end)
</UL>
<P><STRONG><a name="[dd]"></a>rti_end</STRONG> (Thumb, 4 bytes, Stack size 0 bytes, components.o(i.rti_end))
<BR>[Address Reference Count : 1]<UL><LI> components.o(.rti_fn.6.end)
</UL>
<P><STRONG><a name="[d8]"></a>rti_start</STRONG> (Thumb, 4 bytes, Stack size 0 bytes, components.o(i.rti_start))
<BR>[Address Reference Count : 1]<UL><LI> components.o(.rti_fn.0)
</UL>
<P><STRONG><a name="[80]"></a>rt_thread_idle_entry</STRONG> (Thumb, 8 bytes, Stack size 0 bytes, idle.o(i.rt_thread_idle_entry))
<BR><BR>[Stack]<UL><LI>Max Depth = 228<LI>Call Chain = rt_thread_idle_entry &rArr; rt_thread_idle_excute &rArr; rt_object_delete &rArr; rt_free &rArr; rt_kprintf &rArr; rt_vsnprintf &rArr; print_number
</UL>
<BR>[Calls]<UL><LI><a href="#[348]">&gt;&gt;</a>&nbsp;&nbsp;&nbsp;rt_thread_idle_excute
</UL>
<BR>[Address Reference Count : 1]<UL><LI> idle.o(i.rt_thread_idle_init)
</UL>
<P><STRONG><a name="[328]"></a>rt_ipc_list_resume</STRONG> (Thumb, 20 bytes, Stack size 16 bytes, ipc.o(i.rt_ipc_list_resume))
<BR><BR>[Stack]<UL><LI>Max Depth = 64<LI>Call Chain = rt_ipc_list_resume &rArr; rt_thread_resume &rArr; rt_timer_stop &rArr; _rt_timer_remove
</UL>
<BR>[Calls]<UL><LI><a href="#[31b]">&gt;&gt;</a>&nbsp;&nbsp;&nbsp;rt_thread_resume
</UL>
<BR>[Called By]<UL><LI><a href="#[2f0]">&gt;&gt;</a>&nbsp;&nbsp;&nbsp;rt_mq_recv
<LI><a href="#[10a]">&gt;&gt;</a>&nbsp;&nbsp;&nbsp;rt_sem_release
<LI><a href="#[21b]">&gt;&gt;</a>&nbsp;&nbsp;&nbsp;rt_mutex_release
<LI><a href="#[32f]">&gt;&gt;</a>&nbsp;&nbsp;&nbsp;rt_mq_send_wait
</UL>

<P><STRONG><a name="[316]"></a>rt_ipc_list_suspend</STRONG> (Thumb, 110 bytes, Stack size 24 bytes, ipc.o(i.rt_ipc_list_suspend))
<BR><BR>[Stack]<UL><LI>Max Depth = 72<LI>Call Chain = rt_ipc_list_suspend &rArr; rt_thread_suspend &rArr; rt_timer_stop &rArr; _rt_timer_remove
</UL>
<BR>[Calls]<UL><LI><a href="#[329]">&gt;&gt;</a>&nbsp;&nbsp;&nbsp;rt_thread_suspend
<LI><a href="#[32a]">&gt;&gt;</a>&nbsp;&nbsp;&nbsp;rt_list_insert_before
</UL>
<BR>[Called By]<UL><LI><a href="#[2f0]">&gt;&gt;</a>&nbsp;&nbsp;&nbsp;rt_mq_recv
<LI><a href="#[1f9]">&gt;&gt;</a>&nbsp;&nbsp;&nbsp;rt_event_recv
<LI><a href="#[23c]">&gt;&gt;</a>&nbsp;&nbsp;&nbsp;rt_sem_take
<LI><a href="#[21a]">&gt;&gt;</a>&nbsp;&nbsp;&nbsp;rt_mutex_take
<LI><a href="#[32f]">&gt;&gt;</a>&nbsp;&nbsp;&nbsp;rt_mq_send_wait
</UL>

<P><STRONG><a name="[314]"></a>rt_ipc_object_init</STRONG> (Thumb, 16 bytes, Stack size 8 bytes, ipc.o(i.rt_ipc_object_init))
<BR><BR>[Stack]<UL><LI>Max Depth = 8<LI>Call Chain = rt_ipc_object_init
</UL>
<BR>[Calls]<UL><LI><a href="#[32b]">&gt;&gt;</a>&nbsp;&nbsp;&nbsp;rt_list_init
</UL>
<BR>[Called By]<UL><LI><a href="#[2ed]">&gt;&gt;</a>&nbsp;&nbsp;&nbsp;rt_mq_create
<LI><a href="#[1f4]">&gt;&gt;</a>&nbsp;&nbsp;&nbsp;rt_event_create
<LI><a href="#[1f7]">&gt;&gt;</a>&nbsp;&nbsp;&nbsp;rt_sem_create
<LI><a href="#[1f5]">&gt;&gt;</a>&nbsp;&nbsp;&nbsp;rt_mutex_create
<LI><a href="#[2e7]">&gt;&gt;</a>&nbsp;&nbsp;&nbsp;rt_sem_init
</UL>

<P><STRONG><a name="[32b]"></a>rt_list_init</STRONG> (Thumb, 6 bytes, Stack size 0 bytes, ipc.o(i.rt_list_init))
<BR><BR>[Called By]<UL><LI><a href="#[2ed]">&gt;&gt;</a>&nbsp;&nbsp;&nbsp;rt_mq_create
<LI><a href="#[314]">&gt;&gt;</a>&nbsp;&nbsp;&nbsp;rt_ipc_object_init
</UL>

<P><STRONG><a name="[32a]"></a>rt_list_insert_before</STRONG> (Thumb, 14 bytes, Stack size 0 bytes, ipc.o(i.rt_list_insert_before))
<BR><BR>[Called By]<UL><LI><a href="#[316]">&gt;&gt;</a>&nbsp;&nbsp;&nbsp;rt_ipc_list_suspend
</UL>

<P><STRONG><a name="[31a]"></a>rt_list_isempty</STRONG> (Thumb, 16 bytes, Stack size 0 bytes, ipc.o(i.rt_list_isempty))
<BR><BR>[Called By]<UL><LI><a href="#[2f0]">&gt;&gt;</a>&nbsp;&nbsp;&nbsp;rt_mq_recv
<LI><a href="#[2ee]">&gt;&gt;</a>&nbsp;&nbsp;&nbsp;rt_event_send
<LI><a href="#[10a]">&gt;&gt;</a>&nbsp;&nbsp;&nbsp;rt_sem_release
<LI><a href="#[21b]">&gt;&gt;</a>&nbsp;&nbsp;&nbsp;rt_mutex_release
<LI><a href="#[32f]">&gt;&gt;</a>&nbsp;&nbsp;&nbsp;rt_mq_send_wait
</UL>

<P><STRONG><a name="[353]"></a>print_number</STRONG> (Thumb, 400 bytes, Stack size 60 bytes, kservice.o(i.print_number))
<BR><BR>[Stack]<UL><LI>Max Depth = 60<LI>Call Chain = print_number
</UL>
<BR>[Called By]<UL><LI><a href="#[32c]">&gt;&gt;</a>&nbsp;&nbsp;&nbsp;rt_vsnprintf
</UL>

<P><STRONG><a name="[352]"></a>skip_atoi</STRONG> (Thumb, 38 bytes, Stack size 0 bytes, kservice.o(i.skip_atoi))
<BR><BR>[Called By]<UL><LI><a href="#[32c]">&gt;&gt;</a>&nbsp;&nbsp;&nbsp;rt_vsnprintf
</UL>

<P><STRONG><a name="[31e]"></a>plug_holes</STRONG> (Thumb, 108 bytes, Stack size 12 bytes, mem.o(i.plug_holes))
<BR><BR>[Stack]<UL><LI>Max Depth = 12<LI>Call Chain = plug_holes
</UL>
<BR>[Called By]<UL><LI><a href="#[31d]">&gt;&gt;</a>&nbsp;&nbsp;&nbsp;rt_free
</UL>

<P><STRONG><a name="[331]"></a>rt_list_insert_after</STRONG> (Thumb, 14 bytes, Stack size 0 bytes, object.o(i.rt_list_insert_after))
<BR><BR>[Called By]<UL><LI><a href="#[335]">&gt;&gt;</a>&nbsp;&nbsp;&nbsp;rt_object_init
<LI><a href="#[313]">&gt;&gt;</a>&nbsp;&nbsp;&nbsp;rt_object_allocate
</UL>

<P><STRONG><a name="[332]"></a>rt_list_remove</STRONG> (Thumb, 18 bytes, Stack size 0 bytes, object.o(i.rt_list_remove))
<BR><BR>[Called By]<UL><LI><a href="#[333]">&gt;&gt;</a>&nbsp;&nbsp;&nbsp;rt_object_detach
<LI><a href="#[32d]">&gt;&gt;</a>&nbsp;&nbsp;&nbsp;rt_object_delete
</UL>

<P><STRONG><a name="[33e]"></a>rt_list_init</STRONG> (Thumb, 6 bytes, Stack size 0 bytes, scheduler.o(i.rt_list_init))
<BR><BR>[Called By]<UL><LI><a href="#[33d]">&gt;&gt;</a>&nbsp;&nbsp;&nbsp;rt_system_scheduler_init
</UL>

<P><STRONG><a name="[2cd]"></a>_rt_thread_init</STRONG> (Thumb, 124 bytes, Stack size 48 bytes, thread.o(i._rt_thread_init))
<BR><BR>[Stack]<UL><LI>Max Depth = 144<LI>Call Chain = _rt_thread_init &rArr; rt_timer_init &rArr; rt_object_init &rArr; rt_exit_critical &rArr; rt_schedule
</UL>
<BR>[Calls]<UL><LI><a href="#[246]">&gt;&gt;</a>&nbsp;&nbsp;&nbsp;rt_memset
<LI><a href="#[2cf]">&gt;&gt;</a>&nbsp;&nbsp;&nbsp;rt_timer_init
<LI><a href="#[2ce]">&gt;&gt;</a>&nbsp;&nbsp;&nbsp;rt_hw_stack_init
</UL>
<BR>[Called By]<UL><LI><a href="#[1f3]">&gt;&gt;</a>&nbsp;&nbsp;&nbsp;rt_thread_create
<LI><a href="#[34a]">&gt;&gt;</a>&nbsp;&nbsp;&nbsp;rt_thread_init
</UL>

<P><STRONG><a name="[2d4]"></a>_thread_cleanup_execute</STRONG> (Thumb, 28 bytes, Stack size 16 bytes, thread.o(i._thread_cleanup_execute))
<BR><BR>[Stack]<UL><LI>Max Depth = 16<LI>Call Chain = _thread_cleanup_execute
</UL>
<BR>[Calls]<UL><LI><a href="#[2d6]">&gt;&gt;</a>&nbsp;&nbsp;&nbsp;rt_hw_interrupt_enable
<LI><a href="#[2d5]">&gt;&gt;</a>&nbsp;&nbsp;&nbsp;rt_hw_interrupt_disable
</UL>
<BR>[Called By]<UL><LI><a href="#[78]">&gt;&gt;</a>&nbsp;&nbsp;&nbsp;rt_thread_exit
<LI><a href="#[343]">&gt;&gt;</a>&nbsp;&nbsp;&nbsp;rt_thread_detach
<LI><a href="#[344]">&gt;&gt;</a>&nbsp;&nbsp;&nbsp;rt_thread_delete
</UL>

<P><STRONG><a name="[347]"></a>rt_list_insert_after</STRONG> (Thumb, 14 bytes, Stack size 0 bytes, thread.o(i.rt_list_insert_after))
<BR><BR>[Called By]<UL><LI><a href="#[78]">&gt;&gt;</a>&nbsp;&nbsp;&nbsp;rt_thread_exit
<LI><a href="#[343]">&gt;&gt;</a>&nbsp;&nbsp;&nbsp;rt_thread_detach
<LI><a href="#[344]">&gt;&gt;</a>&nbsp;&nbsp;&nbsp;rt_thread_delete
</UL>

<P><STRONG><a name="[34c]"></a>rt_list_remove</STRONG> (Thumb, 18 bytes, Stack size 0 bytes, thread.o(i.rt_list_remove))
<BR><BR>[Called By]<UL><LI><a href="#[79]">&gt;&gt;</a>&nbsp;&nbsp;&nbsp;rt_thread_timeout
<LI><a href="#[31b]">&gt;&gt;</a>&nbsp;&nbsp;&nbsp;rt_thread_resume
<LI><a href="#[34e]">&gt;&gt;</a>&nbsp;&nbsp;&nbsp;rt_thread_yield
</UL>

<P><STRONG><a name="[2d0]"></a>_rt_timer_init</STRONG> (Thumb, 66 bytes, Stack size 32 bytes, timer.o(i._rt_timer_init))
<BR><BR>[Stack]<UL><LI>Max Depth = 32<LI>Call Chain = _rt_timer_init
</UL>
<BR>[Calls]<UL><LI><a href="#[2d1]">&gt;&gt;</a>&nbsp;&nbsp;&nbsp;rt_list_init
</UL>
<BR>[Called By]<UL><LI><a href="#[2cf]">&gt;&gt;</a>&nbsp;&nbsp;&nbsp;rt_timer_init
</UL>

<P><STRONG><a name="[2d2]"></a>_rt_timer_remove</STRONG> (Thumb, 28 bytes, Stack size 16 bytes, timer.o(i._rt_timer_remove))
<BR><BR>[Stack]<UL><LI>Max Depth = 16<LI>Call Chain = _rt_timer_remove
</UL>
<BR>[Calls]<UL><LI><a href="#[2d3]">&gt;&gt;</a>&nbsp;&nbsp;&nbsp;rt_list_remove
</UL>
<BR>[Called By]<UL><LI><a href="#[34d]">&gt;&gt;</a>&nbsp;&nbsp;&nbsp;rt_timer_stop
<LI><a href="#[346]">&gt;&gt;</a>&nbsp;&nbsp;&nbsp;rt_timer_detach
<LI><a href="#[318]">&gt;&gt;</a>&nbsp;&nbsp;&nbsp;rt_timer_start
<LI><a href="#[34f]">&gt;&gt;</a>&nbsp;&nbsp;&nbsp;rt_timer_check
</UL>

<P><STRONG><a name="[2d1]"></a>rt_list_init</STRONG> (Thumb, 6 bytes, Stack size 0 bytes, timer.o(i.rt_list_init))
<BR><BR>[Called By]<UL><LI><a href="#[2d0]">&gt;&gt;</a>&nbsp;&nbsp;&nbsp;_rt_timer_init
<LI><a href="#[341]">&gt;&gt;</a>&nbsp;&nbsp;&nbsp;rt_system_timer_init
<LI><a href="#[34f]">&gt;&gt;</a>&nbsp;&nbsp;&nbsp;rt_timer_check
</UL>

<P><STRONG><a name="[350]"></a>rt_list_insert_after</STRONG> (Thumb, 14 bytes, Stack size 0 bytes, timer.o(i.rt_list_insert_after))
<BR><BR>[Called By]<UL><LI><a href="#[318]">&gt;&gt;</a>&nbsp;&nbsp;&nbsp;rt_timer_start
<LI><a href="#[34f]">&gt;&gt;</a>&nbsp;&nbsp;&nbsp;rt_timer_check
</UL>

<P><STRONG><a name="[351]"></a>rt_list_isempty</STRONG> (Thumb, 16 bytes, Stack size 0 bytes, timer.o(i.rt_list_isempty))
<BR><BR>[Called By]<UL><LI><a href="#[34f]">&gt;&gt;</a>&nbsp;&nbsp;&nbsp;rt_timer_check
</UL>

<P><STRONG><a name="[2d3]"></a>rt_list_remove</STRONG> (Thumb, 18 bytes, Stack size 0 bytes, timer.o(i.rt_list_remove))
<BR><BR>[Called By]<UL><LI><a href="#[2d2]">&gt;&gt;</a>&nbsp;&nbsp;&nbsp;_rt_timer_remove
<LI><a href="#[34f]">&gt;&gt;</a>&nbsp;&nbsp;&nbsp;rt_timer_check
</UL>

<P><STRONG><a name="[da]"></a>uart_init</STRONG> (Thumb, 10 bytes, Stack size 8 bytes, board.o(i.uart_init))
<BR><BR>[Stack]<UL><LI>Max Depth = 32<LI>Call Chain = uart_init &rArr; SEGGER_RTT_Init &rArr; _DoInit
</UL>
<BR>[Calls]<UL><LI><a href="#[298]">&gt;&gt;</a>&nbsp;&nbsp;&nbsp;SEGGER_RTT_Init
</UL>
<BR>[Address Reference Count : 1]<UL><LI> board.o(.rti_fn.1)
</UL>
<P><STRONG><a name="[2c6]"></a>_fp_digits</STRONG> (Thumb, 366 bytes, Stack size 64 bytes, printfa.o(i._fp_digits), UNUSED)
<BR><BR>[Calls]<UL><LI><a href="#[f4]">&gt;&gt;</a>&nbsp;&nbsp;&nbsp;__aeabi_dmul
<LI><a href="#[239]">&gt;&gt;</a>&nbsp;&nbsp;&nbsp;__aeabi_cdrcmple
<LI><a href="#[f6]">&gt;&gt;</a>&nbsp;&nbsp;&nbsp;__aeabi_ddiv
<LI><a href="#[fd]">&gt;&gt;</a>&nbsp;&nbsp;&nbsp;__aeabi_uldivmod
<LI><a href="#[ff]">&gt;&gt;</a>&nbsp;&nbsp;&nbsp;__aeabi_dadd
<LI><a href="#[103]">&gt;&gt;</a>&nbsp;&nbsp;&nbsp;__aeabi_d2ulz
</UL>
<BR>[Called By]<UL><LI><a href="#[2c4]">&gt;&gt;</a>&nbsp;&nbsp;&nbsp;_printf_core
</UL>

<P><STRONG><a name="[2c4]"></a>_printf_core</STRONG> (Thumb, 1704 bytes, Stack size 136 bytes, printfa.o(i._printf_core), UNUSED)
<BR><BR>[Calls]<UL><LI><a href="#[fd]">&gt;&gt;</a>&nbsp;&nbsp;&nbsp;__aeabi_uldivmod
<LI><a href="#[2cc]">&gt;&gt;</a>&nbsp;&nbsp;&nbsp;__aeabi_uidivmod
<LI><a href="#[2ca]">&gt;&gt;</a>&nbsp;&nbsp;&nbsp;_printf_pre_padding
<LI><a href="#[2cb]">&gt;&gt;</a>&nbsp;&nbsp;&nbsp;_printf_post_padding
<LI><a href="#[2c6]">&gt;&gt;</a>&nbsp;&nbsp;&nbsp;_fp_digits
</UL>
<BR>[Called By]<UL><LI><a href="#[2c5]">&gt;&gt;</a>&nbsp;&nbsp;&nbsp;__0vsprintf
<LI><a href="#[2c3]">&gt;&gt;</a>&nbsp;&nbsp;&nbsp;__0sprintf
</UL>

<P><STRONG><a name="[2cb]"></a>_printf_post_padding</STRONG> (Thumb, 36 bytes, Stack size 24 bytes, printfa.o(i._printf_post_padding), UNUSED)
<BR><BR>[Called By]<UL><LI><a href="#[2c4]">&gt;&gt;</a>&nbsp;&nbsp;&nbsp;_printf_core
</UL>

<P><STRONG><a name="[2ca]"></a>_printf_pre_padding</STRONG> (Thumb, 46 bytes, Stack size 24 bytes, printfa.o(i._printf_pre_padding), UNUSED)
<BR><BR>[Called By]<UL><LI><a href="#[2c4]">&gt;&gt;</a>&nbsp;&nbsp;&nbsp;_printf_core
</UL>

<P><STRONG><a name="[77]"></a>_sputc</STRONG> (Thumb, 10 bytes, Stack size 0 bytes, printfa.o(i._sputc))
<BR><BR>[Called By]<UL><LI><a href="#[2c5]">&gt;&gt;</a>&nbsp;&nbsp;&nbsp;__0vsprintf
<LI><a href="#[2c3]">&gt;&gt;</a>&nbsp;&nbsp;&nbsp;__0sprintf
</UL>
<BR>[Address Reference Count : 2]<UL><LI> printfa.o(i.__0sprintf)
<LI> printfa.o(i.__0vsprintf)
</UL><P>
<H3>
Undefined Global Symbols
</H3><HR></body></html>
